###############################################################################
#
# IAR ELF Linker V7.70.1.11437/W32 for ARM                11/Aug/2017  02:34:53
# Copyright 2007-2016 IAR Systems AB.
#
#    Output file  =  D:\RenesasCup2017\Prj\IAR\FN15_Debug\Exe\vcan_Kinetis.out
#    Map file     =  D:\RenesasCup2017\Prj\IAR\FN15_Debug\List\vcan_Kinetis.map
#    Command line =  
#        D:\RenesasCup2017\Prj\IAR\FN15_Debug\Obj\control.o
#        D:\RenesasCup2017\Prj\IAR\FN15_Debug\Obj\direction.o
#        D:\RenesasCup2017\Prj\IAR\FN15_Debug\Obj\diskio.o
#        D:\RenesasCup2017\Prj\IAR\FN15_Debug\Obj\ff.o
#        D:\RenesasCup2017\Prj\IAR\FN15_Debug\Obj\flashload.o
#        D:\RenesasCup2017\Prj\IAR\FN15_Debug\Obj\Font4x6_ASCII.o
#        D:\RenesasCup2017\Prj\IAR\FN15_Debug\Obj\Font6x8_ASCII.o
#        D:\RenesasCup2017\Prj\IAR\FN15_Debug\Obj\Font8x10_ASCII.o
#        D:\RenesasCup2017\Prj\IAR\FN15_Debug\Obj\Font8x8_ASCII.o
#        D:\RenesasCup2017\Prj\IAR\FN15_Debug\Obj\Fuzzy_control.o
#        D:\RenesasCup2017\Prj\IAR\FN15_Debug\Obj\image_deal_new.o
#        D:\RenesasCup2017\Prj\IAR\FN15_Debug\Obj\IMU_IIC.o
#        D:\RenesasCup2017\Prj\IAR\FN15_Debug\Obj\main.o
#        D:\RenesasCup2017\Prj\IAR\FN15_Debug\Obj\misc.o
#        D:\RenesasCup2017\Prj\IAR\FN15_Debug\Obj\MK60_adc.o
#        D:\RenesasCup2017\Prj\IAR\FN15_Debug\Obj\MK60_can.o
#        D:\RenesasCup2017\Prj\IAR\FN15_Debug\Obj\MK60_conf.o
#        D:\RenesasCup2017\Prj\IAR\FN15_Debug\Obj\MK60_dac.o
#        D:\RenesasCup2017\Prj\IAR\FN15_Debug\Obj\MK60_dma.o
#        D:\RenesasCup2017\Prj\IAR\FN15_Debug\Obj\MK60_DWT.o
#        D:\RenesasCup2017\Prj\IAR\FN15_Debug\Obj\MK60_flash.o
#        D:\RenesasCup2017\Prj\IAR\FN15_Debug\Obj\MK60_flexbus.o
#        D:\RenesasCup2017\Prj\IAR\FN15_Debug\Obj\MK60_ftm.o
#        D:\RenesasCup2017\Prj\IAR\FN15_Debug\Obj\MK60_gpio.o
#        D:\RenesasCup2017\Prj\IAR\FN15_Debug\Obj\MK60_it.o
#        D:\RenesasCup2017\Prj\IAR\FN15_Debug\Obj\MK60_lptmr.o
#        D:\RenesasCup2017\Prj\IAR\FN15_Debug\Obj\MK60_mcg.o
#        D:\RenesasCup2017\Prj\IAR\FN15_Debug\Obj\MK60_PIT.o
#        D:\RenesasCup2017\Prj\IAR\FN15_Debug\Obj\MK60_port.o
#        D:\RenesasCup2017\Prj\IAR\FN15_Debug\Obj\MK60_rtc.o
#        D:\RenesasCup2017\Prj\IAR\FN15_Debug\Obj\MK60_spi.o
#        D:\RenesasCup2017\Prj\IAR\FN15_Debug\Obj\MK60_SysTick.o
#        D:\RenesasCup2017\Prj\IAR\FN15_Debug\Obj\MK60_uart.o
#        D:\RenesasCup2017\Prj\IAR\FN15_Debug\Obj\MK60_wdog.o
#        D:\RenesasCup2017\Prj\IAR\FN15_Debug\Obj\MMA8451.o
#        D:\RenesasCup2017\Prj\IAR\FN15_Debug\Obj\motor_control.o
#        D:\RenesasCup2017\Prj\IAR\FN15_Debug\Obj\MPU3050.o
#        D:\RenesasCup2017\Prj\IAR\FN15_Debug\Obj\OLED.o
#        D:\RenesasCup2017\Prj\IAR\FN15_Debug\Obj\parameter.o
#        D:\RenesasCup2017\Prj\IAR\FN15_Debug\Obj\sdcard.o
#        D:\RenesasCup2017\Prj\IAR\FN15_Debug\Obj\sensor.o
#        D:\RenesasCup2017\Prj\IAR\FN15_Debug\Obj\SOLGUI_Common.o
#        D:\RenesasCup2017\Prj\IAR\FN15_Debug\Obj\SOLGUI_GBasic.o
#        D:\RenesasCup2017\Prj\IAR\FN15_Debug\Obj\SOLGUI_Hardware.o
#        D:\RenesasCup2017\Prj\IAR\FN15_Debug\Obj\SOLGUI_Menu.o
#        D:\RenesasCup2017\Prj\IAR\FN15_Debug\Obj\SOLGUI_Picture.o
#        D:\RenesasCup2017\Prj\IAR\FN15_Debug\Obj\SOLGUI_Printf.o
#        D:\RenesasCup2017\Prj\IAR\FN15_Debug\Obj\SOLGUI_Widget.o
#        D:\RenesasCup2017\Prj\IAR\FN15_Debug\Obj\speed.o
#        D:\RenesasCup2017\Prj\IAR\FN15_Debug\Obj\startup_MK60DZ10.o
#        D:\RenesasCup2017\Prj\IAR\FN15_Debug\Obj\system_MK60DZ10.o
#        D:\RenesasCup2017\Prj\IAR\FN15_Debug\Obj\VCAN_camera.o
#        D:\RenesasCup2017\Prj\IAR\FN15_Debug\Obj\VCAN_computer.o
#        D:\RenesasCup2017\Prj\IAR\FN15_Debug\Obj\vcan_img2sd.o
#        D:\RenesasCup2017\Prj\IAR\FN15_Debug\Obj\VCAN_key.o
#        D:\RenesasCup2017\Prj\IAR\FN15_Debug\Obj\VCAN_LED.o
#        D:\RenesasCup2017\Prj\IAR\FN15_Debug\Obj\VCAN_OV7725_Eagle.o
#        D:\RenesasCup2017\Prj\IAR\FN15_Debug\Obj\VCAN_OV7725_Wolf.o
#        D:\RenesasCup2017\Prj\IAR\FN15_Debug\Obj\VCAN_SCCB.o
#        D:\RenesasCup2017\Prj\IAR\FN15_Debug\Obj\vectors.o --redirect
#        _Printf=_PrintfLargeNoMb --redirect _Scanf=_ScanfLargeNoMb -o
#        D:\RenesasCup2017\Prj\IAR\FN15_Debug\Exe\vcan_Kinetis.out --map
#        D:\RenesasCup2017\Prj\IAR\FN15_Debug\List\vcan_Kinetis.map --config
#        "D:\RenesasCup2017\Prj\IAR\config files\vcan_ROM_K60N1M.icf"
#        D:\RenesasCup2017\Prj\IAR\..\..\Lib\CMSIS\iar_cortexM4l_math.a --entry
#        __iar_program_start --redirect __write=__write_buffered --vfe
#
###############################################################################

*******************************************************************************
*** RUNTIME MODEL ATTRIBUTES
***

CppFlavor       = *
__SystemLibrary = DLib


*******************************************************************************
*** PLACEMENT SUMMARY
***

"A0":  place at 0x00000000 { ro section .intvec };
"A1":  place at 0x00000410 { ro section .noinit };
"P1":  place in [from 0x00000000 to 0x00100000] { ro, block CodeRelocate };
"P2":  place in [from 0x1fff0410 to 0x20010000] {
          rw, block CodeRelocateRam, block CSTACK, block HEAP };
initialize manually with packing = copy, complex ranges { rw };
initialize manually with packing = copy, complex ranges { section .data };
initialize manually with packing = copy, complex ranges { section .textrw };

  Section              Kind        Address    Size  Object
  -------              ----        -------    ----  ------
"A0":                                        0x410
  .intvec              const    0x00000000   0x410  vectors.o [1]
                              - 0x00000410   0x410

"A1":                                          0x8
  .noinit              ro code  0x00000410     0x8  startup_MK60DZ10.o [1]
                              - 0x00000418     0x8

"P1":                                       0x70fc
  .data_init                    0x00000418   0xc64  <Block>
    Initializer bytes  const    0x00000418   0xc64  <for .data-1>
  .rodata              const    0x0000107c     0x2  VCAN_computer.o [1]
  .text                ro code  0x00001080   0xc12  xprintflarge_nomb.o [3]
  .rodata              const    0x00001c92     0x2  VCAN_computer.o [1]
  .text                ro code  0x00001c94    0x16  strchr.o [5]
  .text                ro code  0x00001cac    0x36  strlen.o [5]
  .text                ro code  0x00001ce4    0x58  memchr.o [5]
  .text                ro code  0x00001d3c    0xee  I64DivMod.o [5]
  .text                ro code  0x00001e2c    0x76  ABImemcpy_unaligned.o [5]
  .text                ro code  0x00001ea2    0x44  xdnorm.o [4]
  .text                ro code  0x00001ee8    0x2e  DblCmpLe.o [4]
  .text                ro code  0x00001f18   0x1a2  DblMul.o [4]
  .text                ro code  0x000020bc   0x256  DblDiv.o [4]
  .text                ro code  0x00002314    0x58  DblToI32.o [4]
  .text                ro code  0x0000236c    0x30  I32ToDbl.o [4]
  .text                ro code  0x0000239c   0x180  DblSub.o [4]
  .text                ro code  0x0000251c    0x6c  localeconv.o [3]
  .text                ro code  0x00002588     0xe  div.o [3]
  .text                ro code  0x00002598     0x2  I64DivZer.o [5]
  .text                ro code  0x0000259c    0xe8  DblAdd.o [4]
  .text                ro code  0x00002684     0x2  xtls.o [3]
  .text                ro code  0x00002688   0xab4  SOLGUI_Widget.o [1]
  .text                ro code  0x0000313c   0x6ec  SOLGUI_Menu.o [1]
  .text                ro code  0x00003828   0x728  SOLGUI_Printf.o [1]
  .text                ro code  0x00003f50   0x288  SOLGUI_GBasic.o [1]
  .text                ro code  0x000041d8    0x2e  DblCmpGe.o [4]
  .text                ro code  0x00004208    0x4e  FltToDbl.o [4]
  .text                ro code  0x00004258    0x90  DblToFlt.o [4]
  .text                ro code  0x000042e8    0xa8  SOLGUI_Common.o [1]
  Veneer               ro code  0x00004390     0x8  - Linker created -
  Veneer               ro code  0x00004398     0x8  - Linker created -
  .text                ro code  0x000043a0    0x60  flashload.o [1]
  .text                ro code  0x00004400    0x64  MK60_SysTick.o [1]
  .text                ro code  0x00004464    0x66  ABImemset.o [5]
  .text                ro code  0x000044ca    0x14  SOLGUI_Hardware.o [1]
  .text                ro code  0x000044e0    0x80  MK60_conf.o [1]
  .text                ro code  0x00004560   0x3c0  OLED.o [1]
  .text                ro code  0x00004920    0x70  VCAN_LED.o [1]
  .text                ro code  0x00004990    0x24  printf.o [3]
  .text                ro code  0x000049b4   0x2e8  MK60_uart.o [1]
  .text                ro code  0x00004c9c   0x19c  MK60_gpio.o [1]
  .text                ro code  0x00004e38    0xb8  MK60_port.o [1]
  .text                ro code  0x00004ef0   0x59c  MK60_ftm.o [1]
  Veneer               ro code  0x0000548c     0x8  - Linker created -
  .text                ro code  0x00005494   0x550  main.o [1]
  .text                ro code  0x000059e4    0xf6  VCAN_key.o [1]
  .text                ro code  0x00005adc   0x2fa  MK60_adc.o [1]
  .text                ro code  0x00005dd8    0x48  speed.o [1]
  .text                ro code  0x00005e20    0x28  IMU_IIC.o [1]
  .text                ro code  0x00005e48   0x2d0  motor_control.o [1]
  .text                ro code  0x00006118    0xcc  parameter.o [1]
  .text                ro code  0x000061e4    0x50  misc.o [1]
  .text                ro code  0x00006234    0x7c  MK60_PIT.o [1]
  .text                ro code  0x000062b0    0x40  VCAN_computer.o [1]
  Veneer               ro code  0x000062f0     0x8  - Linker created -
  .text                ro code  0x000062f8   0x3d4  MK60_mcg.o [1]
  .rodata              const    0x000066cc   0x350  Font6x8_ASCII.o [1]
  .rodata              const    0x00006a1c   0x228  OLED.o [1]
  CodeRelocate                  0x00006c44   0x1f0  <Block>
    Initializer bytes  const    0x00006c44   0x1f0  <for CodeRelocateRam-1>
  .text                ro code  0x00006e34   0x13c  system_MK60DZ10.o [1]
  .text                ro code  0x00006f70    0x40  MK60_wdog.o [1]
  .text                ro code  0x00006fb0    0x40  zero_init3.o [5]
  .rodata              const    0x00006ff0    0x3c  MK60_conf.o [1]
  .rodata              const    0x0000702c    0x2c  MK60_SysTick.o [1]
  .rodata              const    0x00007058    0x28  MK60_adc.o [1]
  .rodata              const    0x00007080    0x28  MK60_flash.o [1]
  .rodata              const    0x000070a8    0x28  MK60_ftm.o [1]
  .rodata              const    0x000070d0    0x28  MK60_gpio.o [1]
  .rodata              const    0x000070f8    0x28  MK60_PIT.o [1]
  .rodata              const    0x00007120    0x28  MK60_uart.o [1]
  .text                ro code  0x00007148    0x28  data_init.o [5]
  .rodata              const    0x00007170    0x24  misc.o [1]
  .rodata              const    0x00007194    0x24  MK60_conf.o [1]
  .text                ro code  0x000071b8    0x22  fpinit_M.o [4]
  .iar.init_table      const    0x000071dc    0x10  - Linker created -
  .rodata              const    0x000071ec    0x1c  main.o [1]
  .text                ro code  0x00007208    0x1a  cmain.o [5]
  .text                ro code  0x00007222     0x4  low_level_init.o [3]
  .text                ro code  0x00007226     0x4  exit.o [3]
  .text                ro code  0x0000722c     0xa  cexit.o [5]
  .text                ro code  0x00007238     0xc  XXexit.o [5]
  .rodata              const    0x00007244    0x18  main.o [1]
  .rodata              const    0x0000725c    0x18  main.o [1]
  .rodata              const    0x00007274    0x18  OLED.o [1]
  .text                ro code  0x0000728c    0x16  xprout.o [3]
  .text                ro code  0x000072a4     0xc  putchar.o [3]
  .rodata              const    0x000072b0    0x14  main.o [1]
  .rodata              const    0x000072c4    0x14  main.o [1]
  .rodata              const    0x000072d8    0x14  main.o [1]
  .rodata              const    0x000072ec    0x14  main.o [1]
  .rodata              const    0x00007300    0x14  main.o [1]
  .rodata              const    0x00007314    0x14  main.o [1]
  .rodata              const    0x00007328    0x10  main.o [1]
  .rodata              const    0x00007338    0x10  main.o [1]
  .rodata              const    0x00007348    0x10  main.o [1]
  .rodata              const    0x00007358    0x10  main.o [1]
  .rodata              const    0x00007368    0x10  main.o [1]
  .rodata              const    0x00007378    0x10  main.o [1]
  .rodata              const    0x00007388    0x10  main.o [1]
  .rodata              const    0x00007398    0x10  main.o [1]
  .rodata              const    0x000073a8    0x10  SOLGUI_Menu.o [1]
  .rodata              const    0x000073b8    0x10  SOLGUI_Menu.o [1]
  .rodata              const    0x000073c8     0xc  SOLGUI_Menu.o [1]
  .rodata              const    0x000073d4     0xc  SOLGUI_Menu.o [1]
  .rodata              const    0x000073e0     0xc  SOLGUI_Menu.o [1]
  .rodata              const    0x000073ec     0xc  SOLGUI_Menu.o [1]
  .rodata              const    0x000073f8     0xc  SOLGUI_Menu.o [1]
  .rodata              const    0x00007404     0xc  SOLGUI_Menu.o [1]
  .text                ro code  0x00007410     0xc  cstartup_M.o [5]
  .rodata              const    0x0000741c     0x8  OLED.o [1]
  .rodata              const    0x00007424     0x8  SOLGUI_Menu.o [1]
  .rodata              const    0x0000742c     0x8  SOLGUI_Menu.o [1]
  .rodata              const    0x00007434     0x8  SOLGUI_Menu.o [1]
  .rodata              const    0x0000743c     0x8  SOLGUI_Menu.o [1]
  .rodata              const    0x00007444     0x8  SOLGUI_Menu.o [1]
  .rodata              const    0x0000744c     0x8  SOLGUI_Menu.o [1]
  .rodata              const    0x00007454     0x8  SOLGUI_Menu.o [1]
  .rodata              const    0x0000745c     0x8  SOLGUI_Menu.o [1]
  .rodata              const    0x00007464     0x8  SOLGUI_Menu.o [1]
  .rodata              const    0x0000746c     0x8  SOLGUI_Menu.o [1]
  .rodata              const    0x00007474     0x8  SOLGUI_Menu.o [1]
  .rodata              const    0x0000747c     0x8  SOLGUI_Menu.o [1]
  .rodata              const    0x00007484     0x8  SOLGUI_Widget.o [1]
  .rodata              const    0x0000748c     0x0  zero_init3.o [5]
  Initializer bytes    const    0x0000748c    0x88  <for P2 s0>
                              - 0x00007514  0x70fc

"P2", part 1 of 3:                           0xe54
  .data                         0x1fff0410   0xc64  <Block>
    .data-1                     0x1fff0410   0xc61  <Init block>
      .data            inited   0x1fff0410     0x4  direction.o [1]
      .data            inited   0x1fff0414     0x4  direction.o [1]
      .data            inited   0x1fff0418     0x8  MK60_adc.o [1]
      .data            inited   0x1fff0420   0x708  MK60_conf.o [1]
      .data            inited   0x1fff0b28    0x10  MK60_ftm.o [1]
      .data            inited   0x1fff0b38    0x14  MK60_gpio.o [1]
      .data            inited   0x1fff0b4c    0x58  MK60_mcg.o [1]
      .data            inited   0x1fff0ba4     0x4  MK60_mcg.o [1]
      .data            inited   0x1fff0ba8    0x14  MK60_port.o [1]
      .data            inited   0x1fff0bbc    0x18  MK60_uart.o [1]
      .data            inited   0x1fff0bd4   0x400  OLED.o [1]
      .data            inited   0x1fff0fd4     0x4  sensor.o [1]
      .data            inited   0x1fff0fd8     0x4  sensor.o [1]
      .data            inited   0x1fff0fdc     0x4  sensor.o [1]
      .data            inited   0x1fff0fe0     0xc  SOLGUI_Menu.o [1]
      .data            inited   0x1fff0fec     0xc  SOLGUI_Menu.o [1]
      .data            inited   0x1fff0ff8     0xc  SOLGUI_Menu.o [1]
      .data            inited   0x1fff1004     0xc  SOLGUI_Menu.o [1]
      .data            inited   0x1fff1010     0x8  SOLGUI_Printf.o [1]
      .data            inited   0x1fff1018     0x4  SOLGUI_Widget.o [1]
      .data            inited   0x1fff101c     0x4  speed.o [1]
      .data            inited   0x1fff1020     0x4  speed.o [1]
      .data            inited   0x1fff1024     0x8  VCAN_key.o [1]
      .data            inited   0x1fff102c     0x4  VCAN_LED.o [1]
      .data            inited   0x1fff1030    0x40  xfiles.o [3]
      .data            inited   0x1fff1070     0x1  VCAN_OV7725_Eagle.o [1]
  CodeRelocateRam               0x1fff1074   0x1f0  <Block>
    CodeRelocateRam-1           0x1fff1074   0x1f0  <Init block>
      Veneer           inited   0x1fff1074     0x8  - Linker created -
      Veneer           inited   0x1fff107c     0x8  - Linker created -
      .textrw          inited   0x1fff1084   0x190  MK60_flash.o [1]
      .textrw          inited   0x1fff1214    0x50  MK60_mcg.o [1]
                              - 0x1fff1264   0xe54

"P2", part 2 of 3:                          0x552c
  .bss                          0x1fff1268  0x552c  <Block>
    .bss               zero     0x1fff1268    0x28  motor_control.o [1]
    .bss               zero     0x1fff1290    0x28  motor_control.o [1]
    .bss               zero     0x1fff12b8     0x4  direction.o [1]
    .bss               zero     0x1fff12bc    0xa0  flashload.o [1]
    .bss               zero     0x1fff135c     0x4  image_deal_new.o [1]
    .bss               zero     0x1fff1360     0x4  main.o [1]
    .bss               zero     0x1fff1364    0x20  main.o [1]
    .bss               zero     0x1fff1384     0x4  main.o [1]
    .bss               zero     0x1fff1388     0x4  main.o [1]
    .bss               zero     0x1fff138c     0x4  main.o [1]
    .bss               zero     0x1fff1390     0x4  main.o [1]
    .bss               zero     0x1fff1394     0x4  main.o [1]
    .bss               zero     0x1fff1398     0x4  main.o [1]
    .bss               zero     0x1fff139c     0x4  main.o [1]
    .bss               zero     0x1fff13a0    0x10  MK60_ftm.o [1]
    .bss               zero     0x1fff13b0    0x28  motor_control.o [1]
    .bss               zero     0x1fff13d8    0x28  motor_control.o [1]
    .bss               zero     0x1fff1400  0x4b00  parameter.o [1]
    .bss               zero     0x1fff5f00   0x400  parameter.o [1]
    .bss               zero     0x1fff6300   0x400  SOLGUI_Common.o [1]
    .bss               zero     0x1fff6700     0x4  SOLGUI_Menu.o [1]
    .bss               zero     0x1fff6704     0x8  SOLGUI_Menu.o [1]
    .bss               zero     0x1fff670c     0xc  SOLGUI_Widget.o [1]
    .bss               zero     0x1fff6718    0x10  SOLGUI_Widget.o [1]
    .bss               zero     0x1fff6728     0x4  system_MK60DZ10.o [1]
    .bss               zero     0x1fff672c     0x4  system_MK60DZ10.o [1]
    .bss               zero     0x1fff6730     0x4  system_MK60DZ10.o [1]
    .bss               zero     0x1fff6734    0x50  xfiles.o [3]
    .bss               zero     0x1fff6784     0x2  direction.o [1]
    .bss               zero     0x1fff6786     0x1  main.o [1]
    .bss               zero     0x1fff6787     0x1  main.o [1]
    .bss               zero     0x1fff6788     0x1  main.o [1]
    .bss               zero     0x1fff6789     0x1  main.o [1]
    .bss               zero     0x1fff678a     0x1  main.o [1]
    .bss               zero     0x1fff678b     0x1  SOLGUI_Menu.o [1]
    .bss               zero     0x1fff678c     0x1  SOLGUI_Menu.o [1]
    .bss               zero     0x1fff678d     0x1  SOLGUI_Menu.o [1]
    .bss               zero     0x1fff678e     0x1  SOLGUI_Widget.o [1]
                              - 0x1fff6790  0x552c

"P2", part 3 of 3:                            0x88
  P2 s0                         0x1fff6790    0x88  <Init block>
    __DLIB_PERTHREAD   inited   0x1fff6790    0x88  localeconv.o [3]
                              - 0x1fff6818    0x88


*******************************************************************************
*** INIT TABLE
***

          Address     Size
          -------     ----
Zero (__iar_zero_init3)
    1 destination range, total size 0x5527:
          0x1fff1268  0x5527



*******************************************************************************
*** MODULE SUMMARY
***

    Module                 ro code  rw code  ro data  rw data
    ------                 -------  -------  -------  -------
D:\RenesasCup2017\Prj\IAR\FN15_Debug\Obj: [1]
    Font6x8_ASCII.o                              848
    IMU_IIC.o                   40
    MK60_PIT.o                 124                40
    MK60_SysTick.o             100                44
    MK60_adc.o                 762                48        8
    MK60_conf.o                128             1 896    1 800
    MK60_flash.o                        400      440
    MK60_ftm.o               1 436                56       32
    MK60_gpio.o                412                60       20
    MK60_mcg.o                 980       80      172       92
    MK60_port.o                184                20       20
    MK60_uart.o                744                64       24
    MK60_wdog.o                 64
    OLED.o                     960             1 608    1 024
    SOLGUI_Common.o            168                      1 024
    SOLGUI_GBasic.o            648
    SOLGUI_Hardware.o           20
    SOLGUI_Menu.o            1 772               248       63
    SOLGUI_Printf.o          1 832                 8        8
    SOLGUI_Widget.o          2 740                12       33
    VCAN_LED.o                 112                 4        4
    VCAN_OV7725_Eagle.o                            1        1
    VCAN_computer.o             64                 4
    VCAN_key.o                 246                 8        8
    direction.o                                    8       14
    flashload.o                 96                        160
    image_deal_new.o                                        4
    main.o                   1 360               324       69
    misc.o                      80                36
    motor_control.o            720                        160
    parameter.o                204                     20 224
    sensor.o                                      12       12
    speed.o                     72                 8        8
    startup_MK60DZ10.o           8
    system_MK60DZ10.o          316                         12
    vectors.o                                  1 040
    ---------------------------------------------------------
    Total:                  16 392      480    7 009   24 824

command line: [2]
    ---------------------------------------------------------
    Total:

dl7M_tlf.a: [3]
    div.o                       14
    exit.o                       4
    localeconv.o               108               136      136
    low_level_init.o             4
    printf.o                    36
    putchar.o                   12
    xfiles.o                                      64      144
    xprintflarge_nomb.o      3 090
    xprout.o                    22
    xtls.o                       2
    ---------------------------------------------------------
    Total:                   3 292               200      280

m7M_tls.a: [4]
    DblAdd.o                   232
    DblCmpGe.o                  46
    DblCmpLe.o                  46
    DblDiv.o                   598
    DblMul.o                   418
    DblSub.o                   384
    DblToFlt.o                 144
    DblToI32.o                  88
    FltToDbl.o                  78
    I32ToDbl.o                  48
    fpinit_M.o                  34
    xdnorm.o                    68
    ---------------------------------------------------------
    Total:                   2 184

rt7M_tl.a: [5]
    ABImemcpy_unaligned.o      118
    ABImemset.o                102
    I64DivMod.o                238
    I64DivZer.o                  2
    XXexit.o                    12
    cexit.o                     10
    cmain.o                     26
    cstartup_M.o                12
    data_init.o                 40
    memchr.o                    88
    strchr.o                    22
    strlen.o                    54
    zero_init3.o                64
    ---------------------------------------------------------
    Total:                     788

    Gaps                        38                 2
    Linker created              32       16       35
-------------------------------------------------------------
    Grand Total:            22 726      496    7 246   25 104


*******************************************************************************
*** ENTRY LIST
***

Entry                      Address    Size  Type      Object
-----                      -------    ----  ----      ------
.bss$$Base              0x1fff1268           --   Gb  - Linker created -
.bss$$Limit             0x1fff6790           --   Gb  - Linker created -
.data$$Base             0x1fff0410           --   Gb  - Linker created -
.data$$Limit            0x1fff1074           --   Gb  - Linker created -
.data_init$$Base        0x00000418           --   Gb  - Linker created -
.data_init$$Limit       0x0000107c           --   Gb  - Linker created -
.iar.init_table$$Base   0x000071dc           --   Gb  - Linker created -
.iar.init_table$$Limit  0x000071ec           --   Gb  - Linker created -
?main                   0x00007209          Code  Gb  cmain.o [5]
ADCN                    0x1fff0418     0x8  Data  Gb  MK60_adc.o [1]
ASSERT_FAILED_STR       0x00007194    0x24  Data  Gb  MK60_conf.o [1]
CodeRelocate$$Base      0x00006c44           --   Gb  - Linker created -
CodeRelocate$$Limit     0x00006e34           --   Gb  - Linker created -
CodeRelocateRam$$Base   0x1fff1074           --   Gb  - Linker created -
CodeRelocateRam$$Limit  0x1fff1264           --   Gb  - Linker created -
Draw_BMP                0x00004813    0x84  Code  Gb  OLED.o [1]
Draw_PIC                0x0000313d   0x1b0  Code  Gb  SOLGUI_Menu.o [1]
Encoder_Init            0x00005e49    0x30  Code  Gb  motor_control.o [1]
F6x8                    0x00006a1c   0x228  Data  Gb  OLED.o [1]
FIFO_DeQueue            0x000035e5    0x38  Code  Gb  SOLGUI_Menu.o [1]
FIFO_EnQueue            0x000035bb    0x22  Code  Gb  SOLGUI_Menu.o [1]
FIFO_Init               0x0000359b    0x20  Code  Gb  SOLGUI_Menu.o [1]
FTMN                    0x1fff0b28    0x10  Data  Gb  MK60_ftm.o [1]
FTM_port_mux            0x00004ef1   0x1ac  Code  Lc  MK60_ftm.o [1]
GPIOX                   0x1fff0b38    0x14  Data  Gb  MK60_gpio.o [1]
IMU_IIC_Init            0x00005e21    0x28  Code  Gb  IMU_IIC.o [1]
KEY_PTxn                0x1fff1024     0x8  Data  Gb  VCAN_key.o [1]
LED_PTxn                0x1fff102c     0x4  Data  Gb  VCAN_LED.o [1]
LoadInt                 0x00001615    0x6e  Code  Lc  xprintflarge_nomb.o [3]
M1PID                   0x1fff1268    0x28  Data  Gb  motor_control.o [1]
M2PID                   0x1fff1290    0x28  Data  Gb  motor_control.o [1]
MotorInit               0x00005dd9    0x48  Code  Gb  speed.o [1]
NVIC_EnableIRQ          0x000054b9    0x16  Code  Lc  main.o [1]
NVIC_EnableIRQ          0x000049b5    0x16  Code  Lc  MK60_uart.o [1]
NVIC_SetPriority        0x000054cf    0x2a  Code  Lc  main.o [1]
NVIC_SetPriorityGrouping
                        0x00005495    0x24  Code  Lc  main.o [1]
OLED_DLY_ms             0x00004667    0x1c  Code  Gb  OLED.o [1]
OLED_Fill               0x00004627    0x40  Code  Gb  OLED.o [1]
OLED_Init               0x00004683   0x112  Code  Gb  OLED.o [1]
OLED_P6x8Str            0x00004795    0x7e  Code  Gb  OLED.o [1]
OLED_Set_Pos            0x000045f7    0x30  Code  Gb  OLED.o [1]
OLED_WrCmd              0x000045ad    0x4a  Code  Gb  OLED.o [1]
OLED_WrDat              0x00004561    0x4a  Code  Gb  OLED.o [1]
PID_M1_PosLocCalc       0x00005e79   0x140  Code  Gb  motor_control.o [1]
PID_M1_PosLocCalc::g_nDirectionErrorTemp
                        0x1fff13b0    0x28  Data  Lc  motor_control.o [1]
PID_M2_PosLocCalc       0x00005fb9   0x140  Code  Gb  motor_control.o [1]
PID_M2_PosLocCalc::g_nDirectionErrorTemp
                        0x1fff13d8    0x28  Data  Lc  motor_control.o [1]
PIT0_IRQHandler         0x00005719   0x150  Code  Gb  main.o [1]
PIT1_IRQHandler         0x00005869    0x2e  Code  Gb  main.o [1]
PORTX                   0x1fff0ba8    0x14  Data  Gb  MK60_port.o [1]
Region$$Table$$Base     0x000071dc           --   Gb  - Linker created -
Region$$Table$$Limit    0x000071ec           --   Gb  - Linker created -
Reset_Handler           0x00000411          Code  Gb  startup_MK60DZ10.o [1]
SOLGUI_CSR              0x1fff678d     0x1  Data  Gb  SOLGUI_Menu.o [1]
SOLGUI_Clean            0x00004319    0x16  Code  Gb  SOLGUI_Common.o [1]
SOLGUI_Cursor           0x000026d5   0x2da  Code  Gb  SOLGUI_Widget.o [1]
SOLGUI_DrawPoint        0x0000432f    0x5e  Code  Gb  SOLGUI_Common.o [1]
SOLGUI_GBasic_Line      0x00003fdd   0x120  Code  Gb  SOLGUI_GBasic.o [1]
SOLGUI_GBasic_Rectangle
                        0x000040fd    0xdc  Code  Gb  SOLGUI_GBasic.o [1]
SOLGUI_GRAM             0x1fff6300   0x400  Data  Gb  SOLGUI_Common.o [1]
SOLGUI_GetCurrentKey    0x000036cb     0x6  Code  Gb  SOLGUI_Menu.o [1]
SOLGUI_Hardware_FillScreen
                        0x000044d3     0xc  Code  Gb  SOLGUI_Hardware.o [1]
SOLGUI_Hardware_Init    0x000044cb     0x8  Code  Gb  SOLGUI_Hardware.o [1]
SOLGUI_Init             0x000042e9    0x22  Code  Gb  SOLGUI_Common.o [1]
SOLGUI_InputKey         0x000036bd     0xe  Code  Gb  SOLGUI_Menu.o [1]
SOLGUI_Menu_PageStage   0x000036ed    0x50  Code  Gb  SOLGUI_Menu.o [1]
SOLGUI_Menu_SetHomePage
                        0x000036af     0xe  Code  Gb  SOLGUI_Menu.o [1]
SOLGUI_Menu_Title       0x00003631    0x7e  Code  Gb  SOLGUI_Menu.o [1]
SOLGUI_PutChar          0x00003857    0xb6  Code  Gb  SOLGUI_Printf.o [1]
SOLGUI_PutString        0x0000390d    0x4c  Code  Gb  SOLGUI_Printf.o [1]
SOLGUI_Refresh          0x0000430b     0xe  Code  Gb  SOLGUI_Common.o [1]
SOLGUI_SwitchFont       0x00003829    0x2e  Code  Gb  SOLGUI_Printf.o [1]
SOLGUI_Widget_Button    0x00003059    0xa8  Code  Gb  SOLGUI_Widget.o [1]
SOLGUI_Widget_GotoPage  0x000029b9    0xac  Code  Gb  SOLGUI_Widget.o [1]
SOLGUI_Widget_OptionText
                        0x00003011    0x48  Code  Gb  SOLGUI_Widget.o [1]
SOLGUI_Widget_Spin      0x00002ad5   0x53c  Code  Gb  SOLGUI_Widget.o [1]
SOLGUI_Widget_Spin::spin_pos
                        0x1fff678e     0x1  Data  Lc  SOLGUI_Widget.o [1]
SOLGUI_printf           0x00003f29    0x28  Code  Gb  SOLGUI_Printf.o [1]
SaveParameter           0x000032ed    0xf2  Code  Gb  SOLGUI_Menu.o [1]
UARTN                   0x1fff0bbc    0x18  Data  Gb  MK60_uart.o [1]
UI_Debug                0x1fff1004     0xc  Data  Gb  SOLGUI_Menu.o [1]
UI_List                 0x1fff0fe0     0xc  Data  Gb  SOLGUI_Menu.o [1]
UI_image_correct        0x1fff0ff8     0xc  Data  Gb  SOLGUI_Menu.o [1]
UI_image_show           0x1fff0fec     0xc  Data  Gb  SOLGUI_Menu.o [1]
Write_config            0x000043c3    0x3a  Code  Gb  flashload.o [1]
_Font6x8                0x000066cc   0x350  Data  Gb  Font6x8_ASCII.o [1]
_GenldLargeNoMb         0x00001a0b   0x23e  Code  Lc  xprintflarge_nomb.o [3]
_LdtobLargeNoMb         0x0000178d   0x278  Code  Lc  xprintflarge_nomb.o [3]
_LineModes              0x00003f51    0x8c  Code  Gb  SOLGUI_GBasic.o [1]
_LitobLargeNoMb         0x00001683   0x10a  Code  Lc  xprintflarge_nomb.o [3]
_Locale_aeabi_lconv     0x1fff67e0    0x38  Data  Gb  localeconv.o [3]
_Locale_lconv           0x1fff6790    0x50  Data  Gb  localeconv.o [3]
_OptionsDisplay_Judge   0x00002689    0x32  Code  Gb  SOLGUI_Widget.o [1]
_OptionsDisplay_coorY   0x000026bb    0x1a  Code  Gb  SOLGUI_Widget.o [1]
_Pow_10                 0x00002a65    0x5e  Code  Gb  SOLGUI_Widget.o [1]
_PrintfLargeNoMb        0x00001081   0x58e  Code  Gb  xprintflarge_nomb.o [3]
_Prout                  0x0000728d    0x16  Code  Gb  xprout.o [3]
_PutcharsLargeNoMb      0x00001c49    0x2e  Code  Lc  xprintflarge_nomb.o [3]
_UI_Debug               0x00003515    0x86  Code  Gb  SOLGUI_Menu.o [1]
_UI_List                0x000033e1    0x8a  Code  Gb  SOLGUI_Menu.o [1]
_UI_image_correct       0x000034bd    0x58  Code  Gb  SOLGUI_Menu.o [1]
_UI_image_show          0x0000346b    0x52  Code  Gb  SOLGUI_Menu.o [1]
__BOOT_STACK_ADDRESS {Abs}
                        0x2000fff8          Data  Gb  command line/config [2]
__SOLGUI_printf         0x00003959   0x5c8  Code  Gb  SOLGUI_Printf.o [1]
__VECTOR_RAM {Abs}      0x1fff0000          Data  Gb  command line/config [2]
__VECTOR_TABLE {Abs}    0x00000000          Data  Gb  command line/config [2]
__aeabi_cdcmple         0x00001ee9          Code  Gb  DblCmpLe.o [4]
__aeabi_cdrcmple        0x000041d9          Code  Gb  DblCmpGe.o [4]
__aeabi_d2f             0x00004259          Code  Gb  DblToFlt.o [4]
__aeabi_d2iz            0x00002315          Code  Gb  DblToI32.o [4]
__aeabi_d2uiz           0x00002341          Code  Gb  DblToI32.o [4]
__aeabi_dadd            0x0000259d          Code  Gb  DblAdd.o [4]
__aeabi_ddiv            0x000020bd          Code  Gb  DblDiv.o [4]
__aeabi_dmul            0x00001f19          Code  Gb  DblMul.o [4]
__aeabi_dsub            0x0000239d          Code  Gb  DblSub.o [4]
__aeabi_f2d             0x00004209          Code  Gb  FltToDbl.o [4]
__aeabi_i2d             0x0000236d          Code  Gb  I32ToDbl.o [4]
__aeabi_ldiv0           0x00002599          Code  Gb  I64DivZer.o [5]
__aeabi_memset          0x00004465          Code  Gb  ABImemset.o [5]
__aeabi_ui2d            0x00002381          Code  Gb  I32ToDbl.o [4]
__aeabi_uldivmod        0x00001d3d          Code  Gb  I64DivMod.o [5]
__cmain                 0x00007209          Code  Gb  cmain.o [5]
__code_start__ {Abs}    0x00000410          Data  Gb  command line/config [2]
__exit                  0x00007239          Code  Gb  XXexit.o [5]
__iar_Dnorm             0x00001ea3    0x44  Code  Gb  xdnorm.o [4]
__iar_Locale_lconv_init
                        0x0000251d    0x3a  Code  Gb  localeconv.o [3]
__iar_Memchr            0x00001ce5          Code  Gb  memchr.o [5]
__iar_Memset            0x00004465          Code  Gb  ABImemset.o [5]
__iar_Memset_word       0x0000446d          Code  Gb  ABImemset.o [5]
__iar_Stdout            0x1fff1030    0x40  Data  Gb  xfiles.o [3]
__iar_Strchr            0x00001c95          Code  Gb  strchr.o [5]
__iar_d2uiz             0x0000234d          Code  Gb  DblToI32.o [4]
__iar_dadd              0x000025b1          Code  Gb  DblAdd.o [4]
__iar_data_init3        0x00007149    0x28  Code  Gb  data_init.o [5]
__iar_dlib_perthread_access
                        0x00002685     0x2  Code  Gb  xtls.o [3]
__iar_dsub              0x000023b1          Code  Gb  DblSub.o [4]
__iar_dsubStart         0x000023c3          Code  Gb  DblSub.o [4]
__iar_init_vfp          0x000071b9          Code  Gb  fpinit_M.o [4]
__iar_program_start     0x00007411          Code  Gb  cstartup_M.o [5]
__iar_ui2d              0x00002385          Code  Gb  I32ToDbl.o [4]
__iar_unaligned___aeabi_memcpy
                        0x00001e2d          Code  Gb  ABImemcpy_unaligned.o [5]
__iar_unaligned___aeabi_memcpy4
                        0x00001e4d          Code  Gb  ABImemcpy_unaligned.o [5]
__iar_unaligned___aeabi_memcpy8
                        0x00001e4d          Code  Gb  ABImemcpy_unaligned.o [5]
__iar_zero_init3        0x00006fb1    0x40  Code  Gb  zero_init3.o [5]
__low_level_init        0x00007223     0x4  Code  Gb  low_level_init.o [3]
__vector_table          0x00000000   0x410  Data  Gb  vectors.o [1]
_call_main              0x00007215          Code  Gb  cmain.o [5]
_exit                   0x0000722d          Code  Gb  cexit.o [5]
_fontInfo_6x8           0x1fff1010     0x8  Data  Gb  SOLGUI_Printf.o [1]
_key_cache              0x1fff6704     0x8  Data  Gb  SOLGUI_Menu.o [1]
_main                   0x0000721f          Code  Gb  cmain.o [5]
ad_ave                  0x00005d95    0x42  Code  Gb  MK60_adc.o [1]
adc_init                0x00005add   0x20e  Code  Gb  MK60_adc.o [1]
adc_once                0x00005ceb    0x50  Code  Gb  MK60_adc.o [1]
adc_start               0x00005d3b    0x44  Code  Lc  MK60_adc.o [1]
angle_offset            0x1fff0fdc     0x4  Data  Gb  sensor.o [1]
assert_failed           0x000044e1    0x26  Code  Gb  MK60_conf.o [1]
bet_value               0x1fff1360     0x4  Data  Gb  main.o [1]
bmp_buff                0x1fff5f00   0x400  Data  Gb  parameter.o [1]
bus_clk_khz             0x1fff6730     0x4  Data  Gb  system_MK60DZ10.o [1]
cauc_logo               0x1fff0bd4   0x400  Data  Gb  OLED.o [1]
common_startup          0x00006e9b    0x98  Code  Gb  system_MK60DZ10.o [1]
core_clk_khz            0x1fff6728     0x4  Data  Gb  system_MK60DZ10.o [1]
core_clk_mhz            0x1fff672c     0x4  Data  Gb  system_MK60DZ10.o [1]
cur_key                 0x1fff678c     0x1  Data  Gb  SOLGUI_Menu.o [1]
current_page            0x1fff6700     0x4  Data  Gb  SOLGUI_Menu.o [1]
cursor                  0x1fff1018     0x4  Data  Gb  SOLGUI_Widget.o [1]
cursor_reg              0x1fff670c     0xc  Data  Gb  SOLGUI_Widget.o [1]
default_isr             0x0000451b    0x34  Code  Gb  MK60_conf.o [1]
div                     0x00002589     0xe  Code  Gb  div.o [3]
draw_cauc_logo          0x000048d1    0x28  Code  Gb  OLED.o [1]
exit                    0x00007227     0x4  Code  Gb  exit.o [3]
flash_cmd               0x1fff1085    0x20  Code  Gb  MK60_flash.o [1]
flash_erase_sector      0x1fff10c9    0x5c  Code  Gb  MK60_flash.o [1]
flash_init              0x1fff10a5    0x24  Code  Gb  MK60_flash.o [1]
flash_write             0x1fff1125    0xb4  Code  Gb  MK60_flash.o [1]
fputc                   0x00004507    0x14  Code  Gb  MK60_conf.o [1]
ftm_mod                 0x1fff13a0    0x10  Data  Lc  MK60_ftm.o [1]
ftm_pwm_duty            0x0000524f   0x120  Code  Gb  MK60_ftm.o [1]
ftm_pwm_init            0x0000509d   0x1b2  Code  Gb  MK60_ftm.o [1]
ftm_quad_init           0x0000536f   0x106  Code  Gb  MK60_ftm.o [1]
g_ball_x                0x1fff1384     0x4  Data  Gb  main.o [1]
g_ball_y                0x1fff1388     0x4  Data  Gb  main.o [1]
g_dirControl_D          0x1fff0414     0x4  Data  Gb  direction.o [1]
g_dirControl_P          0x1fff0410     0x4  Data  Gb  direction.o [1]
g_dirControl_gyro_D     0x1fff12b8     0x4  Data  Gb  direction.o [1]
g_fExpectSpeed          0x1fff101c     0x4  Data  Gb  speed.o [1]
g_nDirectionError       0x1fff6784     0x2  Data  Gb  direction.o [1]
g_speedControl_P        0x1fff1020     0x4  Data  Gb  speed.o [1]
g_upstandControl_D      0x1fff0fd8     0x4  Data  Gb  sensor.o [1]
g_upstandControl_P      0x1fff0fd4     0x4  Data  Gb  sensor.o [1]
get_point_uart          0x000058bd    0x62  Code  Gb  main.o [1]
gpio_get                0x00004df5    0x3a  Code  Gb  MK60_gpio.o [1]
gpio_init               0x00004c9d    0xae  Code  Gb  MK60_gpio.o [1]
gpio_set                0x00004d4b    0x72  Code  Gb  MK60_gpio.o [1]
gpio_turn               0x00004dbd    0x38  Code  Gb  MK60_gpio.o [1]
head_1                  0x1fff6788     0x1  Data  Gb  main.o [1]
head_2                  0x1fff6789     0x1  Data  Gb  main.o [1]
head_3                  0x1fff678a     0x1  Data  Gb  main.o [1]
img                     0x1fff1400  0x4b00  Data  Gb  parameter.o [1]
key_check               0x00005a51    0x2a  Code  Gb  VCAN_key.o [1]
key_get                 0x00005a37    0x1a  Code  Gb  VCAN_key.o [1]
key_init                0x000059e5    0x52  Code  Gb  VCAN_key.o [1]
key_scan                0x00005a81    0x5a  Code  Gb  VCAN_key.o [1]
key_value               0x1fff6786     0x1  Data  Gb  main.o [1]
led_init                0x00004921    0x3a  Code  Gb  VCAN_LED.o [1]
led_turn                0x0000495b    0x32  Code  Gb  VCAN_LED.o [1]
load_config             0x000043a1    0x22  Code  Gb  flashload.o [1]
localeconv              0x00002557    0x16  Code  Gb  localeconv.o [3]
main                    0x000054f9   0x21a  Code  Gb  main.o [1]
mcg_cfg                 0x1fff0b4c    0x58  Data  Gb  MK60_mcg.o [1]
mcg_div                 0x1fff0ba4     0x4  Data  Gb  MK60_mcg.o [1]
mcg_div_count           0x000062f9   0x304  Code  Gb  MK60_mcg.o [1]
memchr                  0x00001ce5          Code  Gb  memchr.o [5]
mode                    0x1fff139c     0x4  Data  Gb  main.o [1]
my_cnf                  0x1fff12bc    0xa0  Data  Gb  flashload.o [1]
obuf                    0x1fff6734    0x50  Data  Lc  xfiles.o [3]
option_enable_list      0x1fff6718    0x10  Data  Gb  SOLGUI_Widget.o [1]
ov7725_eagle_img_flag   0x1fff1070     0x1  Data  Gb  VCAN_OV7725_Eagle.o [1]
parameter_init          0x00006119    0x98  Code  Gb  parameter.o [1]
pit_init                0x00006235    0x6c  Code  Gb  MK60_PIT.o [1]
pixelC_HW_OLED_FillScreen
                        0x00004897    0x3a  Code  Gb  OLED.o [1]
pll_init                0x000065fd    0xb2  Code  Gb  MK60_mcg.o [1]
point                   0x1fff135c     0x4  Data  Gb  image_deal_new.o [1]
port_init               0x00004e39    0x48  Code  Gb  MK60_port.o [1]
port_init_NoALT         0x00004e81    0x66  Code  Gb  MK60_port.o [1]
printf                  0x00004991    0x24  Code  Gb  printf.o [3]
putchar                 0x000072a5     0xc  Code  Gb  putchar.o [3]
servo1_pwm              0x1fff1394     0x4  Data  Gb  main.o [1]
servo2_pwm              0x1fff1398     0x4  Data  Gb  main.o [1]
set_sys_dividers        0x1fff1215    0x50  Code  Gb  MK60_mcg.o [1]
set_vector_handler      0x00006207    0x22  Code  Gb  misc.o [1]
show_ok                 0x1fff678b     0x1  Data  Gb  SOLGUI_Menu.o [1]
start                   0x00006e35    0x2a  Code  Gb  system_MK60DZ10.o [1]
strchr                  0x00001c95          Code  Gb  strchr.o [5]
strlen                  0x00001cad          Code  Gb  strlen.o [5]
sysinit                 0x00006e5f    0x3c  Code  Gb  system_MK60DZ10.o [1]
systick_delay           0x00004401    0x36  Code  Gb  MK60_SysTick.o [1]
systick_delay_ms        0x00004437    0x18  Code  Gb  MK60_SysTick.o [1]
uart3_handler           0x0000589d    0x20  Code  Gb  main.o [1]
uart_getchar            0x00004bdf    0x1e  Code  Gb  MK60_uart.o [1]
uart_init               0x000049cb   0x214  Code  Gb  MK60_uart.o [1]
uart_putbuff            0x00004c2f    0x26  Code  Gb  MK60_uart.o [1]
uart_putchar            0x00004bfd    0x1a  Code  Gb  MK60_uart.o [1]
uart_query              0x00004c17    0x18  Code  Gb  MK60_uart.o [1]
uart_rx_irq_en          0x00004c55    0x2a  Code  Gb  MK60_uart.o [1]
vcan_send_buff          0x1fff1364    0x20  Data  Gb  main.o [1]
vcan_send_flag          0x1fff6787     0x1  Data  Gb  main.o [1]
vcan_sendware           0x000062b1    0x38  Code  Gb  VCAN_computer.o [1]
vector_str              0x1fff0420   0x708  Data  Gb  MK60_conf.o [1]
wdog_disable            0x00006f71    0x16  Code  Gb  MK60_wdog.o [1]
wdog_unlock             0x00006f87    0x20  Code  Lc  MK60_wdog.o [1]
write_vtor              0x000061e5    0x22  Code  Gb  misc.o [1]
x_x                     0x1fff138c     0x4  Data  Gb  main.o [1]
x_y                     0x1fff1390     0x4  Data  Gb  main.o [1]


[1] = D:\RenesasCup2017\Prj\IAR\FN15_Debug\Obj
[2] = command line
[3] = dl7M_tlf.a
[4] = m7M_tls.a
[5] = rt7M_tl.a

  22 726 bytes of readonly  code memory
     496 bytes of readwrite code memory
   7 246 bytes of readonly  data memory
  25 104 bytes of readwrite data memory

Errors: none
Warnings: none
