###############################################################################
#
# IAR ELF Linker V7.70.1.11437/W32 for ARM                13/Aug/2017  01:54:07
# Copyright 2007-2016 IAR Systems AB.
#
#    Output file  =  
#        F:\17国赛\Hello-world\K60\Prj\IAR\FN15_Debug\Exe\vcan_Kinetis.out
#    Map file     =  
#        F:\17国赛\Hello-world\K60\Prj\IAR\FN15_Debug\List\vcan_Kinetis.map
#    Command line =  
#        F:\17国赛\Hello-world\K60\Prj\IAR\FN15_Debug\Obj\control.o
#        F:\17国赛\Hello-world\K60\Prj\IAR\FN15_Debug\Obj\direction.o
#        F:\17国赛\Hello-world\K60\Prj\IAR\FN15_Debug\Obj\diskio.o
#        F:\17国赛\Hello-world\K60\Prj\IAR\FN15_Debug\Obj\ff.o
#        F:\17国赛\Hello-world\K60\Prj\IAR\FN15_Debug\Obj\flashload.o
#        F:\17国赛\Hello-world\K60\Prj\IAR\FN15_Debug\Obj\Font4x6_ASCII.o
#        F:\17国赛\Hello-world\K60\Prj\IAR\FN15_Debug\Obj\Font6x8_ASCII.o
#        F:\17国赛\Hello-world\K60\Prj\IAR\FN15_Debug\Obj\Font8x10_ASCII.o
#        F:\17国赛\Hello-world\K60\Prj\IAR\FN15_Debug\Obj\Font8x8_ASCII.o
#        F:\17国赛\Hello-world\K60\Prj\IAR\FN15_Debug\Obj\Fuzzy_control.o
#        F:\17国赛\Hello-world\K60\Prj\IAR\FN15_Debug\Obj\image_deal_new.o
#        F:\17国赛\Hello-world\K60\Prj\IAR\FN15_Debug\Obj\IMU_IIC.o
#        F:\17国赛\Hello-world\K60\Prj\IAR\FN15_Debug\Obj\main.o
#        F:\17国赛\Hello-world\K60\Prj\IAR\FN15_Debug\Obj\misc.o
#        F:\17国赛\Hello-world\K60\Prj\IAR\FN15_Debug\Obj\MK60_adc.o
#        F:\17国赛\Hello-world\K60\Prj\IAR\FN15_Debug\Obj\MK60_can.o
#        F:\17国赛\Hello-world\K60\Prj\IAR\FN15_Debug\Obj\MK60_conf.o
#        F:\17国赛\Hello-world\K60\Prj\IAR\FN15_Debug\Obj\MK60_dac.o
#        F:\17国赛\Hello-world\K60\Prj\IAR\FN15_Debug\Obj\MK60_dma.o
#        F:\17国赛\Hello-world\K60\Prj\IAR\FN15_Debug\Obj\MK60_DWT.o
#        F:\17国赛\Hello-world\K60\Prj\IAR\FN15_Debug\Obj\MK60_flash.o
#        F:\17国赛\Hello-world\K60\Prj\IAR\FN15_Debug\Obj\MK60_flexbus.o
#        F:\17国赛\Hello-world\K60\Prj\IAR\FN15_Debug\Obj\MK60_ftm.o
#        F:\17国赛\Hello-world\K60\Prj\IAR\FN15_Debug\Obj\MK60_gpio.o
#        F:\17国赛\Hello-world\K60\Prj\IAR\FN15_Debug\Obj\MK60_it.o
#        F:\17国赛\Hello-world\K60\Prj\IAR\FN15_Debug\Obj\MK60_lptmr.o
#        F:\17国赛\Hello-world\K60\Prj\IAR\FN15_Debug\Obj\MK60_mcg.o
#        F:\17国赛\Hello-world\K60\Prj\IAR\FN15_Debug\Obj\MK60_PIT.o
#        F:\17国赛\Hello-world\K60\Prj\IAR\FN15_Debug\Obj\MK60_port.o
#        F:\17国赛\Hello-world\K60\Prj\IAR\FN15_Debug\Obj\MK60_rtc.o
#        F:\17国赛\Hello-world\K60\Prj\IAR\FN15_Debug\Obj\MK60_spi.o
#        F:\17国赛\Hello-world\K60\Prj\IAR\FN15_Debug\Obj\MK60_SysTick.o
#        F:\17国赛\Hello-world\K60\Prj\IAR\FN15_Debug\Obj\MK60_uart.o
#        F:\17国赛\Hello-world\K60\Prj\IAR\FN15_Debug\Obj\MK60_wdog.o
#        F:\17国赛\Hello-world\K60\Prj\IAR\FN15_Debug\Obj\MMA8451.o
#        F:\17国赛\Hello-world\K60\Prj\IAR\FN15_Debug\Obj\motor_control.o
#        F:\17国赛\Hello-world\K60\Prj\IAR\FN15_Debug\Obj\MPU3050.o
#        F:\17国赛\Hello-world\K60\Prj\IAR\FN15_Debug\Obj\OLED.o
#        F:\17国赛\Hello-world\K60\Prj\IAR\FN15_Debug\Obj\parameter.o
#        F:\17国赛\Hello-world\K60\Prj\IAR\FN15_Debug\Obj\sdcard.o
#        F:\17国赛\Hello-world\K60\Prj\IAR\FN15_Debug\Obj\sensor.o
#        F:\17国赛\Hello-world\K60\Prj\IAR\FN15_Debug\Obj\SOLGUI_Common.o
#        F:\17国赛\Hello-world\K60\Prj\IAR\FN15_Debug\Obj\SOLGUI_GBasic.o
#        F:\17国赛\Hello-world\K60\Prj\IAR\FN15_Debug\Obj\SOLGUI_Hardware.o
#        F:\17国赛\Hello-world\K60\Prj\IAR\FN15_Debug\Obj\SOLGUI_Menu.o
#        F:\17国赛\Hello-world\K60\Prj\IAR\FN15_Debug\Obj\SOLGUI_Picture.o
#        F:\17国赛\Hello-world\K60\Prj\IAR\FN15_Debug\Obj\SOLGUI_Printf.o
#        F:\17国赛\Hello-world\K60\Prj\IAR\FN15_Debug\Obj\SOLGUI_Widget.o
#        F:\17国赛\Hello-world\K60\Prj\IAR\FN15_Debug\Obj\speed.o
#        F:\17国赛\Hello-world\K60\Prj\IAR\FN15_Debug\Obj\startup_MK60DZ10.o
#        F:\17国赛\Hello-world\K60\Prj\IAR\FN15_Debug\Obj\system_MK60DZ10.o
#        F:\17国赛\Hello-world\K60\Prj\IAR\FN15_Debug\Obj\VCAN_camera.o
#        F:\17国赛\Hello-world\K60\Prj\IAR\FN15_Debug\Obj\VCAN_computer.o
#        F:\17国赛\Hello-world\K60\Prj\IAR\FN15_Debug\Obj\vcan_img2sd.o
#        F:\17国赛\Hello-world\K60\Prj\IAR\FN15_Debug\Obj\VCAN_key.o
#        F:\17国赛\Hello-world\K60\Prj\IAR\FN15_Debug\Obj\VCAN_LED.o
#        F:\17国赛\Hello-world\K60\Prj\IAR\FN15_Debug\Obj\VCAN_OV7725_Eagle.o
#        F:\17国赛\Hello-world\K60\Prj\IAR\FN15_Debug\Obj\VCAN_OV7725_Wolf.o
#        F:\17国赛\Hello-world\K60\Prj\IAR\FN15_Debug\Obj\VCAN_SCCB.o
#        F:\17国赛\Hello-world\K60\Prj\IAR\FN15_Debug\Obj\vectors.o --redirect
#        _Printf=_PrintfLargeNoMb --redirect _Scanf=_ScanfLargeNoMb -o
#        F:\17国赛\Hello-world\K60\Prj\IAR\FN15_Debug\Exe\vcan_Kinetis.out
#        --map
#        F:\17国赛\Hello-world\K60\Prj\IAR\FN15_Debug\List\vcan_Kinetis.map
#        --config "F:\17国赛\Hello-world\K60\Prj\IAR\config
#        files\vcan_ROM_K60N1M.icf"
#        F:\17国赛\Hello-world\K60\Prj\IAR\..\..\Lib\CMSIS\iar_cortexM4l_math.a
#        --entry __iar_program_start --redirect __write=__write_buffered --vfe
#
###############################################################################

*******************************************************************************
*** RUNTIME MODEL ATTRIBUTES
***

CppFlavor       = *
__SystemLibrary = DLib


*******************************************************************************
*** PLACEMENT SUMMARY
***

"A0":  place at 0x00000000 { ro section .intvec };
"A1":  place at 0x00000410 { ro section .noinit };
"P1":  place in [from 0x00000000 to 0x00100000] { ro, block CodeRelocate };
"P2":  place in [from 0x1fff0410 to 0x20010000] {
          rw, block CodeRelocateRam, block CSTACK, block HEAP };
initialize manually with packing = copy, complex ranges { rw };
initialize manually with packing = copy, complex ranges { section .data };
initialize manually with packing = copy, complex ranges { section .textrw };

  Section              Kind        Address    Size  Object
  -------              ----        -------    ----  ------
"A0":                                        0x410
  .intvec              const    0x00000000   0x410  vectors.o [1]
                              - 0x00000410   0x410

"A1":                                          0x8
  .noinit              ro code  0x00000410     0x8  startup_MK60DZ10.o [1]
                              - 0x00000418     0x8

"P1":                                       0x83e0
  .data_init                    0x00000418   0xd64  <Block>
    Initializer bytes  const    0x00000418   0xd64  <for .data-1>
  .rodata              const    0x0000117c     0x2  VCAN_computer.o [1]
  .text                ro code  0x00001180   0xc12  xprintflarge_nomb.o [3]
  .rodata              const    0x00001d92     0x2  VCAN_computer.o [1]
  .text                ro code  0x00001d94    0x16  strchr.o [5]
  .text                ro code  0x00001dac    0x36  strlen.o [5]
  .text                ro code  0x00001de4    0x58  memchr.o [5]
  .text                ro code  0x00001e3c    0xee  I64DivMod.o [5]
  .text                ro code  0x00001f2c    0x76  ABImemcpy_unaligned.o [5]
  .text                ro code  0x00001fa2    0x44  xdnorm.o [4]
  .text                ro code  0x00001fe8    0x2e  DblCmpLe.o [4]
  .text                ro code  0x00002018   0x1a2  DblMul.o [4]
  .text                ro code  0x000021bc   0x256  DblDiv.o [4]
  .text                ro code  0x00002414    0x58  DblToI32.o [4]
  .text                ro code  0x0000246c    0x30  I32ToDbl.o [4]
  .text                ro code  0x0000249c   0x180  DblSub.o [4]
  .text                ro code  0x0000261c    0x6c  localeconv.o [3]
  .text                ro code  0x00002688     0xe  div.o [3]
  .text                ro code  0x00002698     0x2  I64DivZer.o [5]
  .text                ro code  0x0000269c    0xe8  DblAdd.o [4]
  .text                ro code  0x00002784     0x2  xtls.o [3]
  .text                ro code  0x00002788   0xab4  SOLGUI_Widget.o [1]
  .text                ro code  0x0000323c   0xa34  SOLGUI_Menu.o [1]
  .text                ro code  0x00003c70   0x728  SOLGUI_Printf.o [1]
  .text                ro code  0x00004398   0x288  SOLGUI_GBasic.o [1]
  .text                ro code  0x00004620    0x2e  DblCmpGe.o [4]
  .text                ro code  0x00004650    0x4e  FltToDbl.o [4]
  .text                ro code  0x000046a0    0x90  DblToFlt.o [4]
  Veneer               ro code  0x00004730     0x8  - Linker created -
  Veneer               ro code  0x00004738     0x8  - Linker created -
  .text                ro code  0x00004740    0x60  flashload.o [1]
  .text                ro code  0x000047a0    0x64  MK60_SysTick.o [1]
  .text                ro code  0x00004804    0x66  ABImemset.o [5]
  .text                ro code  0x0000486c    0xa8  SOLGUI_Common.o [1]
  .text                ro code  0x00004914    0x80  MK60_conf.o [1]
  .text                ro code  0x00004994    0x14  SOLGUI_Hardware.o [1]
  .text                ro code  0x000049a8    0x70  VCAN_LED.o [1]
  .text                ro code  0x00004a18    0x24  printf.o [3]
  .text                ro code  0x00004a3c   0x2e8  MK60_uart.o [1]
  .text                ro code  0x00004d24   0x3c0  OLED.o [1]
  .text                ro code  0x000050e4   0x19c  MK60_gpio.o [1]
  .text                ro code  0x00005280    0xb8  MK60_port.o [1]
  Veneer               ro code  0x00005338     0x8  - Linker created -
  .text                ro code  0x00005340   0x8c0  main.o [1]
  .text                ro code  0x00005c00    0xf6  VCAN_key.o [1]
  .text                ro code  0x00005cf8   0x2fa  MK60_adc.o [1]
  .text                ro code  0x00005ff4    0x48  speed.o [1]
  .text                ro code  0x0000603c    0x28  IMU_IIC.o [1]
  .text                ro code  0x00006064   0x2d0  motor_control.o [1]
  .text                ro code  0x00006334   0x330  parameter.o [1]
  .text                ro code  0x00006664    0x50  misc.o [1]
  .text                ro code  0x000066b4    0x7c  MK60_PIT.o [1]
  .text                ro code  0x00006730    0x40  VCAN_computer.o [1]
  .text                ro code  0x00006770   0x774  control.o [1]
  .text                ro code  0x00006ee4   0x59c  MK60_ftm.o [1]
  Veneer               ro code  0x00007480     0x8  - Linker created -
  .text                ro code  0x00007488   0x3d4  MK60_mcg.o [1]
  .rodata              const    0x0000785c   0x350  Font6x8_ASCII.o [1]
  .rodata              const    0x00007bac   0x228  OLED.o [1]
  CodeRelocate                  0x00007dd4   0x1f0  <Block>
    Initializer bytes  const    0x00007dd4   0x1f0  <for CodeRelocateRam-1>
  .text                ro code  0x00007fc4   0x13c  system_MK60DZ10.o [1]
  .text                ro code  0x00008100    0x40  MK60_wdog.o [1]
  .rodata              const    0x00008140    0x60  control.o [1]
  .text                ro code  0x000081a0    0x40  zero_init3.o [5]
  .rodata              const    0x000081e0    0x3c  MK60_conf.o [1]
  .rodata              const    0x0000821c    0x34  MK60_SysTick.o [1]
  .rodata              const    0x00008250    0x30  control.o [1]
  .rodata              const    0x00008280    0x30  MK60_adc.o [1]
  .rodata              const    0x000082b0    0x30  MK60_flash.o [1]
  .rodata              const    0x000082e0    0x30  MK60_ftm.o [1]
  .rodata              const    0x00008310    0x30  MK60_gpio.o [1]
  .rodata              const    0x00008340    0x30  MK60_PIT.o [1]
  .rodata              const    0x00008370    0x30  MK60_uart.o [1]
  .rodata              const    0x000083a0    0x2c  misc.o [1]
  .text                ro code  0x000083cc    0x28  data_init.o [5]
  .rodata              const    0x000083f4    0x24  MK60_conf.o [1]
  .text                ro code  0x00008418    0x22  fpinit_M.o [4]
  .iar.init_table      const    0x0000843c    0x10  - Linker created -
  .rodata              const    0x0000844c    0x1c  main.o [1]
  .text                ro code  0x00008468    0x1a  cmain.o [5]
  .text                ro code  0x00008482     0x4  low_level_init.o [3]
  .text                ro code  0x00008486     0x4  exit.o [3]
  .text                ro code  0x0000848c     0xa  cexit.o [5]
  .text                ro code  0x00008498     0xc  XXexit.o [5]
  .rodata              const    0x000084a4    0x18  main.o [1]
  .rodata              const    0x000084bc    0x18  main.o [1]
  .rodata              const    0x000084d4    0x18  OLED.o [1]
  .text                ro code  0x000084ec    0x16  xprout.o [3]
  .text                ro code  0x00008504     0xc  putchar.o [3]
  .rodata              const    0x00008510    0x14  main.o [1]
  .rodata              const    0x00008524    0x14  main.o [1]
  .rodata              const    0x00008538    0x14  main.o [1]
  .rodata              const    0x0000854c    0x14  main.o [1]
  .rodata              const    0x00008560    0x14  main.o [1]
  .rodata              const    0x00008574    0x14  main.o [1]
  .rodata              const    0x00008588    0x14  SOLGUI_Menu.o [1]
  .rodata              const    0x0000859c    0x14  SOLGUI_Menu.o [1]
  .rodata              const    0x000085b0    0x10  main.o [1]
  .rodata              const    0x000085c0    0x10  main.o [1]
  .rodata              const    0x000085d0    0x10  main.o [1]
  .rodata              const    0x000085e0    0x10  main.o [1]
  .rodata              const    0x000085f0    0x10  main.o [1]
  .rodata              const    0x00008600    0x10  main.o [1]
  .rodata              const    0x00008610    0x10  main.o [1]
  .rodata              const    0x00008620    0x10  main.o [1]
  .rodata              const    0x00008630    0x10  SOLGUI_Menu.o [1]
  .rodata              const    0x00008640     0xc  SOLGUI_Menu.o [1]
  .rodata              const    0x0000864c     0xc  SOLGUI_Menu.o [1]
  .rodata              const    0x00008658     0xc  SOLGUI_Menu.o [1]
  .rodata              const    0x00008664     0xc  SOLGUI_Menu.o [1]
  .rodata              const    0x00008670     0xc  SOLGUI_Menu.o [1]
  .rodata              const    0x0000867c     0xc  SOLGUI_Menu.o [1]
  .rodata              const    0x00008688     0xc  SOLGUI_Menu.o [1]
  .rodata              const    0x00008694     0xc  SOLGUI_Menu.o [1]
  .rodata              const    0x000086a0     0xc  SOLGUI_Menu.o [1]
  .rodata              const    0x000086ac     0xc  SOLGUI_Menu.o [1]
  .rodata              const    0x000086b8     0xc  SOLGUI_Menu.o [1]
  .rodata              const    0x000086c4     0xc  SOLGUI_Menu.o [1]
  .rodata              const    0x000086d0     0xc  SOLGUI_Menu.o [1]
  .text                ro code  0x000086dc     0xc  cstartup_M.o [5]
  .rodata              const    0x000086e8     0x8  OLED.o [1]
  .rodata              const    0x000086f0     0x8  SOLGUI_Menu.o [1]
  .rodata              const    0x000086f8     0x8  SOLGUI_Menu.o [1]
  .rodata              const    0x00008700     0x8  SOLGUI_Menu.o [1]
  .rodata              const    0x00008708     0x8  SOLGUI_Menu.o [1]
  .rodata              const    0x00008710     0x8  SOLGUI_Menu.o [1]
  .rodata              const    0x00008718     0x8  SOLGUI_Menu.o [1]
  .rodata              const    0x00008720     0x8  SOLGUI_Menu.o [1]
  .rodata              const    0x00008728     0x8  SOLGUI_Menu.o [1]
  .rodata              const    0x00008730     0x8  SOLGUI_Menu.o [1]
  .rodata              const    0x00008738     0x8  SOLGUI_Menu.o [1]
  .rodata              const    0x00008740     0x8  SOLGUI_Menu.o [1]
  .rodata              const    0x00008748     0x8  SOLGUI_Menu.o [1]
  .rodata              const    0x00008750     0x8  SOLGUI_Menu.o [1]
  .rodata              const    0x00008758     0x8  SOLGUI_Menu.o [1]
  .rodata              const    0x00008760     0x8  SOLGUI_Menu.o [1]
  .rodata              const    0x00008768     0x8  SOLGUI_Widget.o [1]
  .rodata              const    0x00008770     0x0  zero_init3.o [5]
  Initializer bytes    const    0x00008770    0x88  <for P2 s0>
                              - 0x000087f8  0x83e0

"P2", part 1 of 3:                           0xf54
  .data                         0x1fff0410   0xd64  <Block>
    .data-1                     0x1fff0410   0xd61  <Init block>
      .data            inited   0x1fff0410    0xc8  control.o [1]
      .data            inited   0x1fff04d8     0x8  control.o [1]
      .data            inited   0x1fff04e0    0x20  control.o [1]
      .data            inited   0x1fff0500     0x4  direction.o [1]
      .data            inited   0x1fff0504     0x4  direction.o [1]
      .data            inited   0x1fff0508     0x4  main.o [1]
      .data            inited   0x1fff050c     0x4  main.o [1]
      .data            inited   0x1fff0510     0x4  main.o [1]
      .data            inited   0x1fff0514     0x8  MK60_adc.o [1]
      .data            inited   0x1fff051c   0x708  MK60_conf.o [1]
      .data            inited   0x1fff0c24    0x10  MK60_ftm.o [1]
      .data            inited   0x1fff0c34    0x14  MK60_gpio.o [1]
      .data            inited   0x1fff0c48    0x58  MK60_mcg.o [1]
      .data            inited   0x1fff0ca0     0x4  MK60_mcg.o [1]
      .data            inited   0x1fff0ca4    0x14  MK60_port.o [1]
      .data            inited   0x1fff0cb8    0x18  MK60_uart.o [1]
      .data            inited   0x1fff0cd0   0x400  OLED.o [1]
      .data            inited   0x1fff10d0     0x4  sensor.o [1]
      .data            inited   0x1fff10d4     0x4  sensor.o [1]
      .data            inited   0x1fff10d8     0x4  sensor.o [1]
      .data            inited   0x1fff10dc     0x4  SOLGUI_Menu.o [1]
      .data            inited   0x1fff10e0     0xc  SOLGUI_Menu.o [1]
      .data            inited   0x1fff10ec     0xc  SOLGUI_Menu.o [1]
      .data            inited   0x1fff10f8     0xc  SOLGUI_Menu.o [1]
      .data            inited   0x1fff1104     0xc  SOLGUI_Menu.o [1]
      .data            inited   0x1fff1110     0x8  SOLGUI_Printf.o [1]
      .data            inited   0x1fff1118     0x4  SOLGUI_Widget.o [1]
      .data            inited   0x1fff111c     0x4  speed.o [1]
      .data            inited   0x1fff1120     0x4  speed.o [1]
      .data            inited   0x1fff1124     0x8  VCAN_key.o [1]
      .data            inited   0x1fff112c     0x4  VCAN_LED.o [1]
      .data            inited   0x1fff1130    0x40  xfiles.o [3]
      .data            inited   0x1fff1170     0x1  VCAN_OV7725_Eagle.o [1]
  CodeRelocateRam               0x1fff1174   0x1f0  <Block>
    CodeRelocateRam-1           0x1fff1174   0x1f0  <Init block>
      Veneer           inited   0x1fff1174     0x8  - Linker created -
      Veneer           inited   0x1fff117c     0x8  - Linker created -
      .textrw          inited   0x1fff1184   0x190  MK60_flash.o [1]
      .textrw          inited   0x1fff1314    0x50  MK60_mcg.o [1]
                              - 0x1fff1364   0xf54

"P2", part 2 of 3:                           0x700
  .bss                          0x1fff1368   0x700  <Block>
    .bss               zero     0x1fff1368    0x28  motor_control.o [1]
    .bss               zero     0x1fff1390    0x28  motor_control.o [1]
    .bss               zero     0x1fff13b8     0x8  control.o [1]
    .bss               zero     0x1fff13c0     0x8  control.o [1]
    .bss               zero     0x1fff13c8     0x8  control.o [1]
    .bss               zero     0x1fff13d0     0x4  control.o [1]
    .bss               zero     0x1fff13d4     0x4  control.o [1]
    .bss               zero     0x1fff13d8     0x4  control.o [1]
    .bss               zero     0x1fff13dc     0x4  direction.o [1]
    .bss               zero     0x1fff13e0    0xc8  flashload.o [1]
    .bss               zero     0x1fff14a8     0x4  image_deal_new.o [1]
    .bss               zero     0x1fff14ac     0x4  main.o [1]
    .bss               zero     0x1fff14b0    0x20  main.o [1]
    .bss               zero     0x1fff14d0     0x4  main.o [1]
    .bss               zero     0x1fff14d4     0x4  main.o [1]
    .bss               zero     0x1fff14d8     0x4  main.o [1]
    .bss               zero     0x1fff14dc     0x4  main.o [1]
    .bss               zero     0x1fff14e0     0x4  main.o [1]
    .bss               zero     0x1fff14e4     0x4  main.o [1]
    .bss               zero     0x1fff14e8     0x4  main.o [1]
    .bss               zero     0x1fff14ec     0x4  main.o [1]
    .bss               zero     0x1fff14f0     0x4  main.o [1]
    .bss               zero     0x1fff14f4     0x4  main.o [1]
    .bss               zero     0x1fff14f8     0x4  main.o [1]
    .bss               zero     0x1fff14fc     0x4  main.o [1]
    .bss               zero     0x1fff1500     0x4  main.o [1]
    .bss               zero     0x1fff1504    0x48  main.o [1]
    .bss               zero     0x1fff154c     0x4  main.o [1]
    .bss               zero     0x1fff1550     0x4  main.o [1]
    .bss               zero     0x1fff1554    0x10  MK60_ftm.o [1]
    .bss               zero     0x1fff1564    0x28  motor_control.o [1]
    .bss               zero     0x1fff158c    0x28  motor_control.o [1]
    .bss               zero     0x1fff15b4   0x400  SOLGUI_Common.o [1]
    .bss               zero     0x1fff19b4     0x4  SOLGUI_Menu.o [1]
    .bss               zero     0x1fff19b8     0x4  SOLGUI_Menu.o [1]
    .bss               zero     0x1fff19bc     0x4  SOLGUI_Menu.o [1]
    .bss               zero     0x1fff19c0     0x4  SOLGUI_Menu.o [1]
    .bss               zero     0x1fff19c4     0x4  SOLGUI_Menu.o [1]
    .bss               zero     0x1fff19c8     0x4  SOLGUI_Menu.o [1]
    .bss               zero     0x1fff19cc     0x4  SOLGUI_Menu.o [1]
    .bss               zero     0x1fff19d0     0x4  SOLGUI_Menu.o [1]
    .bss               zero     0x1fff19d4     0x4  SOLGUI_Menu.o [1]
    .bss               zero     0x1fff19d8     0x8  SOLGUI_Menu.o [1]
    .bss               zero     0x1fff19e0     0xc  SOLGUI_Widget.o [1]
    .bss               zero     0x1fff19ec    0x10  SOLGUI_Widget.o [1]
    .bss               zero     0x1fff19fc     0x4  system_MK60DZ10.o [1]
    .bss               zero     0x1fff1a00     0x4  system_MK60DZ10.o [1]
    .bss               zero     0x1fff1a04     0x4  system_MK60DZ10.o [1]
    .bss               zero     0x1fff1a08    0x50  xfiles.o [3]
    .bss               zero     0x1fff1a58     0x2  direction.o [1]
    .bss               zero     0x1fff1a5a     0x1  main.o [1]
    .bss               zero     0x1fff1a5b     0x1  main.o [1]
    .bss               zero     0x1fff1a5c     0x1  main.o [1]
    .bss               zero     0x1fff1a5d     0x1  main.o [1]
    .bss               zero     0x1fff1a5e     0x1  SOLGUI_Menu.o [1]
    .bss               zero     0x1fff1a5f     0x1  SOLGUI_Menu.o [1]
    .bss               zero     0x1fff1a60     0x1  SOLGUI_Menu.o [1]
    .bss               zero     0x1fff1a61     0x1  SOLGUI_Widget.o [1]
                              - 0x1fff1a64   0x700

"P2", part 3 of 3:                            0x88
  P2 s0                         0x1fff1a64    0x88  <Init block>
    __DLIB_PERTHREAD   inited   0x1fff1a64    0x88  localeconv.o [3]
                              - 0x1fff1aec    0x88


*******************************************************************************
*** INIT TABLE
***

          Address     Size
          -------     ----
Zero (__iar_zero_init3)
    1 destination range, total size 0x6fa:
          0x1fff1368  0x6fa



*******************************************************************************
*** MODULE SUMMARY
***

    Module                 ro code  rw code  ro data  rw data
    ------                 -------  -------  -------  -------
F:\17国赛\Hello-world\K60\Prj\IAR\FN15_Debug\Obj: [1]
    Font6x8_ASCII.o                              848
    IMU_IIC.o                   40
    MK60_PIT.o                 124                48
    MK60_SysTick.o             100                52
    MK60_adc.o                 762                56        8
    MK60_conf.o                128             1 896    1 800
    MK60_flash.o                        400      448
    MK60_ftm.o               1 436                64       32
    MK60_gpio.o                412                68       20
    MK60_mcg.o                 980       80      172       92
    MK60_port.o                184                20       20
    MK60_uart.o                744                72       24
    MK60_wdog.o                 64
    OLED.o                     960             1 608    1 024
    SOLGUI_Common.o            168                      1 024
    SOLGUI_GBasic.o            648
    SOLGUI_Hardware.o           20
    SOLGUI_Menu.o            2 612               384       99
    SOLGUI_Printf.o          1 832                 8        8
    SOLGUI_Widget.o          2 740                12       33
    VCAN_LED.o                 112                 4        4
    VCAN_OV7725_Eagle.o                            1        1
    VCAN_computer.o             64                 4
    VCAN_key.o                 246                 8        8
    control.o                1 908               384      276
    direction.o                                    8       14
    flashload.o                 96                        200
    image_deal_new.o                                        4
    main.o                   2 240               336      184
    misc.o                      80                44
    motor_control.o            720                        160
    parameter.o                816
    sensor.o                                      12       12
    speed.o                     72                 8        8
    startup_MK60DZ10.o           8
    system_MK60DZ10.o          316                         12
    vectors.o                                  1 040
    ---------------------------------------------------------
    Total:                  20 632      480    7 605    5 067

command line: [2]
    ---------------------------------------------------------
    Total:

dl7M_tlf.a: [3]
    div.o                       14
    exit.o                       4
    localeconv.o               108               136      136
    low_level_init.o             4
    printf.o                    36
    putchar.o                   12
    xfiles.o                                      64      144
    xprintflarge_nomb.o      3 090
    xprout.o                    22
    xtls.o                       2
    ---------------------------------------------------------
    Total:                   3 292               200      280

m7M_tls.a: [4]
    DblAdd.o                   232
    DblCmpGe.o                  46
    DblCmpLe.o                  46
    DblDiv.o                   598
    DblMul.o                   418
    DblSub.o                   384
    DblToFlt.o                 144
    DblToI32.o                  88
    FltToDbl.o                  78
    I32ToDbl.o                  48
    fpinit_M.o                  34
    xdnorm.o                    68
    ---------------------------------------------------------
    Total:                   2 184

rt7M_tl.a: [5]
    ABImemcpy_unaligned.o      118
    ABImemset.o                102
    I64DivMod.o                238
    I64DivZer.o                  2
    XXexit.o                    12
    cexit.o                     10
    cmain.o                     26
    cstartup_M.o                12
    data_init.o                 40
    memchr.o                    88
    strchr.o                    22
    strlen.o                    54
    zero_init3.o                64
    ---------------------------------------------------------
    Total:                     788

    Gaps                        38                 2
    Linker created              32       16       35
-------------------------------------------------------------
    Grand Total:            26 966      496    7 842    5 347


*******************************************************************************
*** ENTRY LIST
***

Entry                      Address   Size  Type      Object
-----                      -------   ----  ----      ------
.bss$$Base              0x1fff1368          --   Gb  - Linker created -
.bss$$Limit             0x1fff1a64          --   Gb  - Linker created -
.data$$Base             0x1fff0410          --   Gb  - Linker created -
.data$$Limit            0x1fff1174          --   Gb  - Linker created -
.data_init$$Base        0x00000418          --   Gb  - Linker created -
.data_init$$Limit       0x0000117c          --   Gb  - Linker created -
.iar.init_table$$Base   0x0000843c          --   Gb  - Linker created -
.iar.init_table$$Limit  0x0000844c          --   Gb  - Linker created -
?main                   0x00008469         Code  Gb  cmain.o [5]
ADCN                    0x1fff0514    0x8  Data  Gb  MK60_adc.o [1]
ASSERT_FAILED_STR       0x000083f4   0x24  Data  Gb  MK60_conf.o [1]
CheckLocation           0x000068b1   0xd6  Code  Gb  control.o [1]
CodeRelocate$$Base      0x00007dd4          --   Gb  - Linker created -
CodeRelocate$$Limit     0x00007fc4          --   Gb  - Linker created -
CodeRelocateRam$$Base   0x1fff1174          --   Gb  - Linker created -
CodeRelocateRam$$Limit  0x1fff1364          --   Gb  - Linker created -
Draw_BMP                0x00004fd7   0x84  Code  Gb  OLED.o [1]
Encoder_Init            0x00006065   0x30  Code  Gb  motor_control.o [1]
F6x8                    0x00007bac  0x228  Data  Gb  OLED.o [1]
FIFO_DeQueue            0x000039c1   0x38  Code  Gb  SOLGUI_Menu.o [1]
FIFO_EnQueue            0x0000399f   0x22  Code  Gb  SOLGUI_Menu.o [1]
FIFO_Init               0x0000397f   0x20  Code  Gb  SOLGUI_Menu.o [1]
FTMN                    0x1fff0c24   0x10  Data  Gb  MK60_ftm.o [1]
FTM_port_mux            0x00006ee5  0x1ac  Code  Lc  MK60_ftm.o [1]
GPIOX                   0x1fff0c34   0x14  Data  Gb  MK60_gpio.o [1]
IMU_IIC_Init            0x0000603d   0x28  Code  Gb  IMU_IIC.o [1]
KEY_PTxn                0x1fff1124    0x8  Data  Gb  VCAN_key.o [1]
LED_PTxn                0x1fff112c    0x4  Data  Gb  VCAN_LED.o [1]
LoadInt                 0x00001715   0x6e  Code  Lc  xprintflarge_nomb.o [3]
M1PID                   0x1fff1368   0x28  Data  Gb  motor_control.o [1]
M2PID                   0x1fff1390   0x28  Data  Gb  motor_control.o [1]
MotorInit               0x00005ff5   0x48  Code  Gb  speed.o [1]
NVIC_EnableIRQ          0x00005365   0x16  Code  Lc  main.o [1]
NVIC_EnableIRQ          0x00004a3d   0x16  Code  Lc  MK60_uart.o [1]
NVIC_SetPriority        0x0000537b   0x2a  Code  Lc  main.o [1]
NVIC_SetPriorityGrouping
                        0x00005341   0x24  Code  Lc  main.o [1]
OLED_DLY_ms             0x00004e2b   0x1c  Code  Gb  OLED.o [1]
OLED_Fill               0x00004deb   0x40  Code  Gb  OLED.o [1]
OLED_Init               0x00004e47  0x112  Code  Gb  OLED.o [1]
OLED_P6x8Str            0x00004f59   0x7e  Code  Gb  OLED.o [1]
OLED_Set_Pos            0x00004dbb   0x30  Code  Gb  OLED.o [1]
OLED_WrCmd              0x00004d71   0x4a  Code  Gb  OLED.o [1]
OLED_WrDat              0x00004d25   0x4a  Code  Gb  OLED.o [1]
PID_M1_PosLocCalc       0x00006095  0x140  Code  Gb  motor_control.o [1]
PID_M1_PosLocCalc::g_nDirectionErrorTemp
                        0x1fff1564   0x28  Data  Lc  motor_control.o [1]
PID_M2_PosLocCalc       0x000061d5  0x140  Code  Gb  motor_control.o [1]
PID_M2_PosLocCalc::g_nDirectionErrorTemp
                        0x1fff158c   0x28  Data  Lc  motor_control.o [1]
PIT0_IRQHandler         0x000056b9  0x39c  Code  Gb  main.o [1]
PIT1_IRQHandler         0x00005a55   0x30  Code  Gb  main.o [1]
PORTX                   0x1fff0ca4   0x14  Data  Gb  MK60_port.o [1]
Region$$Table$$Base     0x0000843c          --   Gb  - Linker created -
Region$$Table$$Limit    0x0000844c          --   Gb  - Linker created -
Reset_Handler           0x00000411         Code  Gb  startup_MK60DZ10.o [1]
SOLGUI_CSR              0x1fff1a60    0x1  Data  Gb  SOLGUI_Menu.o [1]
SOLGUI_Clean            0x0000489d   0x16  Code  Gb  SOLGUI_Common.o [1]
SOLGUI_Cursor           0x000027d5  0x2da  Code  Gb  SOLGUI_Widget.o [1]
SOLGUI_DrawPoint        0x000048b3   0x5e  Code  Gb  SOLGUI_Common.o [1]
SOLGUI_GBasic_Line      0x00004425  0x120  Code  Gb  SOLGUI_GBasic.o [1]
SOLGUI_GBasic_Rectangle
                        0x00004545   0xdc  Code  Gb  SOLGUI_GBasic.o [1]
SOLGUI_GRAM             0x1fff15b4  0x400  Data  Gb  SOLGUI_Common.o [1]
SOLGUI_GetCurrentKey    0x00003abb    0x6  Code  Gb  SOLGUI_Menu.o [1]
SOLGUI_Hardware_FillScreen
                        0x0000499d    0xc  Code  Gb  SOLGUI_Hardware.o [1]
SOLGUI_Hardware_Init    0x00004995    0x8  Code  Gb  SOLGUI_Hardware.o [1]
SOLGUI_Init             0x0000486d   0x22  Code  Gb  SOLGUI_Common.o [1]
SOLGUI_InputKey         0x00003aad    0xe  Code  Gb  SOLGUI_Menu.o [1]
SOLGUI_Menu_PageStage   0x00003ae1   0x50  Code  Gb  SOLGUI_Menu.o [1]
SOLGUI_Menu_SetHomePage
                        0x00003a89    0xe  Code  Gb  SOLGUI_Menu.o [1]
SOLGUI_Menu_Title       0x00003a05   0x7e  Code  Gb  SOLGUI_Menu.o [1]
SOLGUI_PutChar          0x00003c9f   0xb6  Code  Gb  SOLGUI_Printf.o [1]
SOLGUI_PutString        0x00003d55   0x4c  Code  Gb  SOLGUI_Printf.o [1]
SOLGUI_Refresh          0x0000488f    0xe  Code  Gb  SOLGUI_Common.o [1]
SOLGUI_SwitchFont       0x00003c71   0x2e  Code  Gb  SOLGUI_Printf.o [1]
SOLGUI_Widget_Button    0x00003159   0xa8  Code  Gb  SOLGUI_Widget.o [1]
SOLGUI_Widget_GotoPage  0x00002ab9   0xac  Code  Gb  SOLGUI_Widget.o [1]
SOLGUI_Widget_OptionText
                        0x00003111   0x48  Code  Gb  SOLGUI_Widget.o [1]
SOLGUI_Widget_Spin      0x00002bd5  0x53c  Code  Gb  SOLGUI_Widget.o [1]
SOLGUI_Widget_Spin::spin_pos
                        0x1fff1a61    0x1  Data  Lc  SOLGUI_Widget.o [1]
SOLGUI_printf           0x00004371   0x28  Code  Gb  SOLGUI_Printf.o [1]
SaveParameter           0x0000323d  0x296  Code  Gb  SOLGUI_Menu.o [1]
SelectTarget            0x00006771  0x140  Code  Gb  control.o [1]
Task_Advance            0x00006d63   0xf0  Code  Gb  control.o [1]
Task_Changed_Target     0x00006b5b   0xec  Code  Gb  control.o [1]
Task_Confirmed_Target   0x00006987  0x1d4  Code  Gb  control.o [1]
Task_Move_Around        0x00006c47  0x11c  Code  Gb  control.o [1]
Task_program            0x00006e53   0x48  Code  Gb  control.o [1]
UARTN                   0x1fff0cb8   0x18  Data  Gb  MK60_uart.o [1]
UI_Debug                0x1fff1104    0xc  Data  Gb  SOLGUI_Menu.o [1]
UI_List                 0x1fff10e0    0xc  Data  Gb  SOLGUI_Menu.o [1]
UI_image_correct        0x1fff10f8    0xc  Data  Gb  SOLGUI_Menu.o [1]
UI_image_show           0x1fff10ec    0xc  Data  Gb  SOLGUI_Menu.o [1]
Write_config            0x00004763   0x3a  Code  Gb  flashload.o [1]
_Font6x8                0x0000785c  0x350  Data  Gb  Font6x8_ASCII.o [1]
_GenldLargeNoMb         0x00001b0b  0x23e  Code  Lc  xprintflarge_nomb.o [3]
_LdtobLargeNoMb         0x0000188d  0x278  Code  Lc  xprintflarge_nomb.o [3]
_LineModes              0x00004399   0x8c  Code  Gb  SOLGUI_GBasic.o [1]
_LitobLargeNoMb         0x00001783  0x10a  Code  Lc  xprintflarge_nomb.o [3]
_Locale_aeabi_lconv     0x1fff1ab4   0x38  Data  Gb  localeconv.o [3]
_Locale_lconv           0x1fff1a64   0x50  Data  Gb  localeconv.o [3]
_OptionsDisplay_Judge   0x00002789   0x32  Code  Gb  SOLGUI_Widget.o [1]
_OptionsDisplay_coorY   0x000027bb   0x1a  Code  Gb  SOLGUI_Widget.o [1]
_Pow_10                 0x00002b65   0x5e  Code  Gb  SOLGUI_Widget.o [1]
_PrintfLargeNoMb        0x00001181  0x58e  Code  Gb  xprintflarge_nomb.o [3]
_Prout                  0x000084ed   0x16  Code  Gb  xprout.o [3]
_PutcharsLargeNoMb      0x00001d49   0x2e  Code  Lc  xprintflarge_nomb.o [3]
_UI_Debug               0x000038f9   0x86  Code  Gb  SOLGUI_Menu.o [1]
_UI_List                0x000035c5  0x126  Code  Gb  SOLGUI_Menu.o [1]
_UI_image_correct       0x00003839   0xb8  Code  Gb  SOLGUI_Menu.o [1]
_UI_image_show          0x000036ed  0x116  Code  Gb  SOLGUI_Menu.o [1]
__BOOT_STACK_ADDRESS {Abs}
                        0x2000fff8         Data  Gb  command line/config [2]
__SOLGUI_printf         0x00003da1  0x5c8  Code  Gb  SOLGUI_Printf.o [1]
__VECTOR_RAM {Abs}      0x1fff0000         Data  Gb  command line/config [2]
__VECTOR_TABLE {Abs}    0x00000000         Data  Gb  command line/config [2]
__aeabi_cdcmple         0x00001fe9         Code  Gb  DblCmpLe.o [4]
__aeabi_cdrcmple        0x00004621         Code  Gb  DblCmpGe.o [4]
__aeabi_d2f             0x000046a1         Code  Gb  DblToFlt.o [4]
__aeabi_d2iz            0x00002415         Code  Gb  DblToI32.o [4]
__aeabi_d2uiz           0x00002441         Code  Gb  DblToI32.o [4]
__aeabi_dadd            0x0000269d         Code  Gb  DblAdd.o [4]
__aeabi_ddiv            0x000021bd         Code  Gb  DblDiv.o [4]
__aeabi_dmul            0x00002019         Code  Gb  DblMul.o [4]
__aeabi_dsub            0x0000249d         Code  Gb  DblSub.o [4]
__aeabi_f2d             0x00004651         Code  Gb  FltToDbl.o [4]
__aeabi_i2d             0x0000246d         Code  Gb  I32ToDbl.o [4]
__aeabi_ldiv0           0x00002699         Code  Gb  I64DivZer.o [5]
__aeabi_memset          0x00004805         Code  Gb  ABImemset.o [5]
__aeabi_ui2d            0x00002481         Code  Gb  I32ToDbl.o [4]
__aeabi_uldivmod        0x00001e3d         Code  Gb  I64DivMod.o [5]
__cmain                 0x00008469         Code  Gb  cmain.o [5]
__code_start__ {Abs}    0x00000410         Data  Gb  command line/config [2]
__exit                  0x00008499         Code  Gb  XXexit.o [5]
__iar_Dnorm             0x00001fa3   0x44  Code  Gb  xdnorm.o [4]
__iar_Locale_lconv_init
                        0x0000261d   0x3a  Code  Gb  localeconv.o [3]
__iar_Memchr            0x00001de5         Code  Gb  memchr.o [5]
__iar_Memset            0x00004805         Code  Gb  ABImemset.o [5]
__iar_Memset_word       0x0000480d         Code  Gb  ABImemset.o [5]
__iar_Stdout            0x1fff1130   0x40  Data  Gb  xfiles.o [3]
__iar_Strchr            0x00001d95         Code  Gb  strchr.o [5]
__iar_d2uiz             0x0000244d         Code  Gb  DblToI32.o [4]
__iar_dadd              0x000026b1         Code  Gb  DblAdd.o [4]
__iar_data_init3        0x000083cd   0x28  Code  Gb  data_init.o [5]
__iar_dlib_perthread_access
                        0x00002785    0x2  Code  Gb  xtls.o [3]
__iar_dsub              0x000024b1         Code  Gb  DblSub.o [4]
__iar_dsubStart         0x000024c3         Code  Gb  DblSub.o [4]
__iar_init_vfp          0x00008419         Code  Gb  fpinit_M.o [4]
__iar_program_start     0x000086dd         Code  Gb  cstartup_M.o [5]
__iar_ui2d              0x00002485         Code  Gb  I32ToDbl.o [4]
__iar_unaligned___aeabi_memcpy
                        0x00001f2d         Code  Gb  ABImemcpy_unaligned.o [5]
__iar_unaligned___aeabi_memcpy4
                        0x00001f4d         Code  Gb  ABImemcpy_unaligned.o [5]
__iar_unaligned___aeabi_memcpy8
                        0x00001f4d         Code  Gb  ABImemcpy_unaligned.o [5]
__iar_zero_init3        0x000081a1   0x40  Code  Gb  zero_init3.o [5]
__low_level_init        0x00008483    0x4  Code  Gb  low_level_init.o [3]
__vector_table          0x00000000  0x410  Data  Gb  vectors.o [1]
_call_main              0x00008475         Code  Gb  cmain.o [5]
_exit                   0x0000848d         Code  Gb  cexit.o [5]
_fontInfo_6x8           0x1fff1110    0x8  Data  Gb  SOLGUI_Printf.o [1]
_key_cache              0x1fff19d8    0x8  Data  Gb  SOLGUI_Menu.o [1]
_main                   0x0000847f         Code  Gb  cmain.o [5]
aa                      0x1fff19b4    0x4  Data  Gb  SOLGUI_Menu.o [1]
ad_ave                  0x00005fb1   0x42  Code  Gb  MK60_adc.o [1]
adc_init                0x00005cf9  0x20e  Code  Gb  MK60_adc.o [1]
adc_once                0x00005f07   0x50  Code  Gb  MK60_adc.o [1]
adc_start               0x00005f57   0x44  Code  Lc  MK60_adc.o [1]
angle_offset            0x1fff10d8    0x4  Data  Gb  sensor.o [1]
assert_failed           0x00004915   0x26  Code  Gb  MK60_conf.o [1]
beep_time               0x1fff14d0    0x4  Data  Gb  main.o [1]
bet_value               0x1fff14ac    0x4  Data  Gb  main.o [1]
bus_clk_khz             0x1fff1a04    0x4  Data  Gb  system_MK60DZ10.o [1]
cauc_logo               0x1fff0cd0  0x400  Data  Gb  OLED.o [1]
common_startup          0x0000802b   0x98  Code  Gb  system_MK60DZ10.o [1]
core_clk_khz            0x1fff19fc    0x4  Data  Gb  system_MK60DZ10.o [1]
core_clk_mhz            0x1fff1a00    0x4  Data  Gb  system_MK60DZ10.o [1]
cur_key                 0x1fff1a5f    0x1  Data  Gb  SOLGUI_Menu.o [1]
current_page            0x1fff19d4    0x4  Data  Gb  SOLGUI_Menu.o [1]
cursor                  0x1fff1118    0x4  Data  Gb  SOLGUI_Widget.o [1]
cursor_reg              0x1fff19e0    0xc  Data  Gb  SOLGUI_Widget.o [1]
data                    0x1fff0510    0x4  Data  Gb  main.o [1]
dd                      0x1fff19bc    0x4  Data  Gb  SOLGUI_Menu.o [1]
default_isr             0x0000494f   0x34  Code  Gb  MK60_conf.o [1]
div                     0x00002689    0xe  Code  Gb  div.o [3]
done_stop               0x1fff154c    0x4  Data  Gb  main.o [1]
draw_cauc_logo          0x00005095   0x28  Code  Gb  OLED.o [1]
exit                    0x00008487    0x4  Code  Gb  exit.o [3]
ff                      0x1fff19c0    0x4  Data  Gb  SOLGUI_Menu.o [1]
flash_cmd               0x1fff1185   0x20  Code  Gb  MK60_flash.o [1]
flash_erase_sector      0x1fff11c9   0x5c  Code  Gb  MK60_flash.o [1]
flash_init              0x1fff11a5   0x24  Code  Gb  MK60_flash.o [1]
flash_write             0x1fff1225   0xb4  Code  Gb  MK60_flash.o [1]
fputc                   0x0000493b   0x14  Code  Gb  MK60_conf.o [1]
ftm_mod                 0x1fff1554   0x10  Data  Lc  MK60_ftm.o [1]
ftm_pwm_duty            0x00007243  0x120  Code  Gb  MK60_ftm.o [1]
ftm_pwm_init            0x00007091  0x1b2  Code  Gb  MK60_ftm.o [1]
ftm_quad_init           0x00007363  0x106  Code  Gb  MK60_ftm.o [1]
g_ball_x                0x1fff14d4    0x4  Data  Gb  main.o [1]
g_ball_y                0x1fff14d8    0x4  Data  Gb  main.o [1]
g_dirControl_D          0x1fff0504    0x4  Data  Gb  direction.o [1]
g_dirControl_P          0x1fff0500    0x4  Data  Gb  direction.o [1]
g_dirControl_gyro_D     0x1fff13dc    0x4  Data  Gb  direction.o [1]
g_fExpectSpeed          0x1fff111c    0x4  Data  Gb  speed.o [1]
g_nDirectionError       0x1fff1a58    0x2  Data  Gb  direction.o [1]
g_speedControl_P        0x1fff1120    0x4  Data  Gb  speed.o [1]
g_upstandControl_D      0x1fff10d4    0x4  Data  Gb  sensor.o [1]
g_upstandControl_P      0x1fff10d0    0x4  Data  Gb  sensor.o [1]
get_point_uart          0x00005aa9   0x62  Code  Gb  main.o [1]
gg                      0x1fff19c4    0x4  Data  Gb  SOLGUI_Menu.o [1]
gpio_get                0x0000523d   0x3a  Code  Gb  MK60_gpio.o [1]
gpio_init               0x000050e5   0xae  Code  Gb  MK60_gpio.o [1]
gpio_set                0x00005193   0x72  Code  Gb  MK60_gpio.o [1]
gpio_turn               0x00005205   0x38  Code  Gb  MK60_gpio.o [1]
head_1                  0x1fff1a5b    0x1  Data  Gb  main.o [1]
head_2                  0x1fff1a5c    0x1  Data  Gb  main.o [1]
head_3                  0x1fff1a5d    0x1  Data  Gb  main.o [1]
hh                      0x1fff19c8    0x4  Data  Gb  SOLGUI_Menu.o [1]
img_data_refresh        0x000055cb   0xe6  Code  Gb  main.o [1]
img_offset_num          0x1fff10dc    0x4  Data  Gb  SOLGUI_Menu.o [1]
jj                      0x1fff19cc    0x4  Data  Gb  SOLGUI_Menu.o [1]
key_check               0x00005c6d   0x2a  Code  Gb  VCAN_key.o [1]
key_get                 0x00005c53   0x1a  Code  Gb  VCAN_key.o [1]
key_init                0x00005c01   0x52  Code  Gb  VCAN_key.o [1]
key_scan                0x00005c9d   0x5a  Code  Gb  VCAN_key.o [1]
key_value               0x1fff1a5a    0x1  Data  Gb  main.o [1]
kk                      0x1fff19d0    0x4  Data  Gb  SOLGUI_Menu.o [1]
led_init                0x000049a9   0x3a  Code  Gb  VCAN_LED.o [1]
led_turn                0x000049e3   0x32  Code  Gb  VCAN_LED.o [1]
load_config             0x00004741   0x22  Code  Gb  flashload.o [1]
localeconv              0x00002657   0x16  Code  Gb  localeconv.o [3]
main                    0x000053a5  0x226  Code  Gb  main.o [1]
mcg_cfg                 0x1fff0c48   0x58  Data  Gb  MK60_mcg.o [1]
mcg_div                 0x1fff0ca0    0x4  Data  Gb  MK60_mcg.o [1]
mcg_div_count           0x00007489  0x304  Code  Gb  MK60_mcg.o [1]
memchr                  0x00001de5         Code  Gb  memchr.o [5]
mode                    0x1fff0508    0x4  Data  Gb  main.o [1]
my_cnf                  0x1fff13e0   0xc8  Data  Gb  flashload.o [1]
obuf                    0x1fff1a08   0x50  Data  Lc  xfiles.o [3]
offset_image            0x1fff1504   0x48  Data  Gb  main.o [1]
option_enable_list      0x1fff19ec   0x10  Data  Gb  SOLGUI_Widget.o [1]
ov7725_eagle_img_flag   0x1fff1170    0x1  Data  Gb  VCAN_OV7725_Eagle.o [1]
parameter_init          0x00006335  0x2e6  Code  Gb  parameter.o [1]
pit_init                0x000066b5   0x6c  Code  Gb  MK60_PIT.o [1]
pixelC_HW_OLED_FillScreen
                        0x0000505b   0x3a  Code  Gb  OLED.o [1]
pll_init                0x0000778d   0xb2  Code  Gb  MK60_mcg.o [1]
point                   0x1fff14a8    0x4  Data  Gb  image_deal_new.o [1]
port_init               0x00005281   0x48  Code  Gb  MK60_port.o [1]
port_init_NoALT         0x000052c9   0x66  Code  Gb  MK60_port.o [1]
pos_ball                0x1fff13b8    0x8  Data  Gb  control.o [1]
pos_now_ID              0x1fff13c0    0x8  Data  Gb  control.o [1]
pos_out_ID              0x1fff13c8    0x8  Data  Gb  control.o [1]
pos_set                 0x1fff0410   0xc8  Data  Gb  control.o [1]
pos_set_ID              0x1fff04d8    0x8  Data  Gb  control.o [1]
pos_set_IDs             0x1fff04e0   0x20  Data  Gb  control.o [1]
printf                  0x00004a19   0x24  Code  Gb  printf.o [3]
putchar                 0x00008505    0xc  Code  Gb  putchar.o [3]
run                     0x000034d3   0x1a  Code  Gb  SOLGUI_Menu.o [1]
save_offset             0x00003563   0x5e  Code  Gb  SOLGUI_Menu.o [1]
sendCount               0x1fff1550    0x4  Data  Gb  main.o [1]
servo1_pwm              0x1fff14e4    0x4  Data  Gb  main.o [1]
servo2_pwm              0x1fff14e8    0x4  Data  Gb  main.o [1]
servo_mode              0x1fff14ec    0x4  Data  Gb  main.o [1]
servo_offset1           0x1fff14f0    0x4  Data  Gb  main.o [1]
servo_offset2           0x1fff14f4    0x4  Data  Gb  main.o [1]
set_abcd                0x000034ed   0x76  Code  Gb  SOLGUI_Menu.o [1]
set_sys_dividers        0x1fff1315   0x50  Code  Gb  MK60_mcg.o [1]
set_vector_handler      0x00006687   0x22  Code  Gb  misc.o [1]
show_ok                 0x1fff1a5e    0x1  Data  Gb  SOLGUI_Menu.o [1]
ss                      0x1fff19b8    0x4  Data  Gb  SOLGUI_Menu.o [1]
start                   0x00007fc5   0x2a  Code  Gb  system_MK60DZ10.o [1]
step                    0x1fff13d4    0x4  Data  Gb  control.o [1]
stop_time               0x1fff050c    0x4  Data  Gb  main.o [1]
strchr                  0x00001d95         Code  Gb  strchr.o [5]
strlen                  0x00001dad         Code  Gb  strlen.o [5]
sysinit                 0x00007fef   0x3c  Code  Gb  system_MK60DZ10.o [1]
systick_delay           0x000047a1   0x36  Code  Gb  MK60_SysTick.o [1]
systick_delay_ms        0x000047d7   0x18  Code  Gb  MK60_SysTick.o [1]
taskMode_last           0x1fff13d8    0x4  Data  Gb  control.o [1]
timeCount               0x1fff13d0    0x4  Data  Gb  control.o [1]
time_cnt_5ms            0x1fff14f8    0x4  Data  Gb  main.o [1]
time_cnt_en             0x1fff1500    0x4  Data  Gb  main.o [1]
time_cnt_s              0x1fff14fc    0x4  Data  Gb  main.o [1]
uart3_handler           0x00005a89   0x20  Code  Gb  main.o [1]
uart_getchar            0x00004c67   0x1e  Code  Gb  MK60_uart.o [1]
uart_init               0x00004a53  0x214  Code  Gb  MK60_uart.o [1]
uart_putbuff            0x00004cb7   0x26  Code  Gb  MK60_uart.o [1]
uart_putchar            0x00004c85   0x1a  Code  Gb  MK60_uart.o [1]
uart_query              0x00004c9f   0x18  Code  Gb  MK60_uart.o [1]
uart_rx_irq_en          0x00004cdd   0x2a  Code  Gb  MK60_uart.o [1]
vcan_send_buff          0x1fff14b0   0x20  Data  Gb  main.o [1]
vcan_sendware           0x00006731   0x38  Code  Gb  VCAN_computer.o [1]
vector_str              0x1fff051c  0x708  Data  Gb  MK60_conf.o [1]
wdog_disable            0x00008101   0x16  Code  Gb  MK60_wdog.o [1]
wdog_unlock             0x00008117   0x20  Code  Lc  MK60_wdog.o [1]
write_vtor              0x00006665   0x22  Code  Gb  misc.o [1]
x_x                     0x1fff14dc    0x4  Data  Gb  main.o [1]
x_y                     0x1fff14e0    0x4  Data  Gb  main.o [1]


[1] = F:\17国赛\Hello-world\K60\Prj\IAR\FN15_Debug\Obj
[2] = command line
[3] = dl7M_tlf.a
[4] = m7M_tls.a
[5] = rt7M_tl.a

  26 966 bytes of readonly  code memory
     496 bytes of readwrite code memory
   7 842 bytes of readonly  data memory
   5 347 bytes of readwrite data memory

Errors: none
Warnings: none
