###############################################################################
#
# IAR ELF Linker V7.70.1.11437/W32 for ARM                09/Aug/2017  13:45:43
# Copyright 2007-2016 IAR Systems AB.
#
#    Output file  =  D:\RenesasCup2017\Prj\IAR\FN15_Debug\Exe\vcan_Kinetis.out
#    Map file     =  D:\RenesasCup2017\Prj\IAR\FN15_Debug\List\vcan_Kinetis.map
#    Command line =  
#        D:\RenesasCup2017\Prj\IAR\FN15_Debug\Obj\direction.o
#        D:\RenesasCup2017\Prj\IAR\FN15_Debug\Obj\diskio.o
#        D:\RenesasCup2017\Prj\IAR\FN15_Debug\Obj\ff.o
#        D:\RenesasCup2017\Prj\IAR\FN15_Debug\Obj\flashload.o
#        D:\RenesasCup2017\Prj\IAR\FN15_Debug\Obj\Font4x6_ASCII.o
#        D:\RenesasCup2017\Prj\IAR\FN15_Debug\Obj\Font6x8_ASCII.o
#        D:\RenesasCup2017\Prj\IAR\FN15_Debug\Obj\Font8x10_ASCII.o
#        D:\RenesasCup2017\Prj\IAR\FN15_Debug\Obj\Font8x8_ASCII.o
#        D:\RenesasCup2017\Prj\IAR\FN15_Debug\Obj\Fuzzy_control.o
#        D:\RenesasCup2017\Prj\IAR\FN15_Debug\Obj\image_deal_new.o
#        D:\RenesasCup2017\Prj\IAR\FN15_Debug\Obj\IMU_IIC.o
#        D:\RenesasCup2017\Prj\IAR\FN15_Debug\Obj\main.o
#        D:\RenesasCup2017\Prj\IAR\FN15_Debug\Obj\misc.o
#        D:\RenesasCup2017\Prj\IAR\FN15_Debug\Obj\MK60_adc.o
#        D:\RenesasCup2017\Prj\IAR\FN15_Debug\Obj\MK60_can.o
#        D:\RenesasCup2017\Prj\IAR\FN15_Debug\Obj\MK60_conf.o
#        D:\RenesasCup2017\Prj\IAR\FN15_Debug\Obj\MK60_dac.o
#        D:\RenesasCup2017\Prj\IAR\FN15_Debug\Obj\MK60_dma.o
#        D:\RenesasCup2017\Prj\IAR\FN15_Debug\Obj\MK60_DWT.o
#        D:\RenesasCup2017\Prj\IAR\FN15_Debug\Obj\MK60_flash.o
#        D:\RenesasCup2017\Prj\IAR\FN15_Debug\Obj\MK60_flexbus.o
#        D:\RenesasCup2017\Prj\IAR\FN15_Debug\Obj\MK60_ftm.o
#        D:\RenesasCup2017\Prj\IAR\FN15_Debug\Obj\MK60_gpio.o
#        D:\RenesasCup2017\Prj\IAR\FN15_Debug\Obj\MK60_it.o
#        D:\RenesasCup2017\Prj\IAR\FN15_Debug\Obj\MK60_lptmr.o
#        D:\RenesasCup2017\Prj\IAR\FN15_Debug\Obj\MK60_mcg.o
#        D:\RenesasCup2017\Prj\IAR\FN15_Debug\Obj\MK60_PIT.o
#        D:\RenesasCup2017\Prj\IAR\FN15_Debug\Obj\MK60_port.o
#        D:\RenesasCup2017\Prj\IAR\FN15_Debug\Obj\MK60_rtc.o
#        D:\RenesasCup2017\Prj\IAR\FN15_Debug\Obj\MK60_spi.o
#        D:\RenesasCup2017\Prj\IAR\FN15_Debug\Obj\MK60_SysTick.o
#        D:\RenesasCup2017\Prj\IAR\FN15_Debug\Obj\MK60_uart.o
#        D:\RenesasCup2017\Prj\IAR\FN15_Debug\Obj\MK60_wdog.o
#        D:\RenesasCup2017\Prj\IAR\FN15_Debug\Obj\MMA8451.o
#        D:\RenesasCup2017\Prj\IAR\FN15_Debug\Obj\motor_control.o
#        D:\RenesasCup2017\Prj\IAR\FN15_Debug\Obj\MPU3050.o
#        D:\RenesasCup2017\Prj\IAR\FN15_Debug\Obj\OLED.o
#        D:\RenesasCup2017\Prj\IAR\FN15_Debug\Obj\parameter.o
#        D:\RenesasCup2017\Prj\IAR\FN15_Debug\Obj\sdcard.o
#        D:\RenesasCup2017\Prj\IAR\FN15_Debug\Obj\sensor.o
#        D:\RenesasCup2017\Prj\IAR\FN15_Debug\Obj\SOLGUI_Common.o
#        D:\RenesasCup2017\Prj\IAR\FN15_Debug\Obj\SOLGUI_GBasic.o
#        D:\RenesasCup2017\Prj\IAR\FN15_Debug\Obj\SOLGUI_Hardware.o
#        D:\RenesasCup2017\Prj\IAR\FN15_Debug\Obj\SOLGUI_Menu.o
#        D:\RenesasCup2017\Prj\IAR\FN15_Debug\Obj\SOLGUI_Picture.o
#        D:\RenesasCup2017\Prj\IAR\FN15_Debug\Obj\SOLGUI_Printf.o
#        D:\RenesasCup2017\Prj\IAR\FN15_Debug\Obj\SOLGUI_Widget.o
#        D:\RenesasCup2017\Prj\IAR\FN15_Debug\Obj\speed.o
#        D:\RenesasCup2017\Prj\IAR\FN15_Debug\Obj\startup_MK60DZ10.o
#        D:\RenesasCup2017\Prj\IAR\FN15_Debug\Obj\system_MK60DZ10.o
#        D:\RenesasCup2017\Prj\IAR\FN15_Debug\Obj\VCAN_camera.o
#        D:\RenesasCup2017\Prj\IAR\FN15_Debug\Obj\VCAN_computer.o
#        D:\RenesasCup2017\Prj\IAR\FN15_Debug\Obj\vcan_img2sd.o
#        D:\RenesasCup2017\Prj\IAR\FN15_Debug\Obj\VCAN_key.o
#        D:\RenesasCup2017\Prj\IAR\FN15_Debug\Obj\VCAN_LED.o
#        D:\RenesasCup2017\Prj\IAR\FN15_Debug\Obj\VCAN_OV7725_Eagle.o
#        D:\RenesasCup2017\Prj\IAR\FN15_Debug\Obj\VCAN_OV7725_Wolf.o
#        D:\RenesasCup2017\Prj\IAR\FN15_Debug\Obj\VCAN_SCCB.o
#        D:\RenesasCup2017\Prj\IAR\FN15_Debug\Obj\vectors.o --redirect
#        _Printf=_PrintfLargeNoMb --redirect _Scanf=_ScanfLargeNoMb -o
#        D:\RenesasCup2017\Prj\IAR\FN15_Debug\Exe\vcan_Kinetis.out --map
#        D:\RenesasCup2017\Prj\IAR\FN15_Debug\List\vcan_Kinetis.map --config
#        "D:\RenesasCup2017\Prj\IAR\config files\vcan_ROM_K60N1M.icf"
#        D:\RenesasCup2017\Prj\IAR\..\..\Lib\CMSIS\iar_cortexM4l_math.a --entry
#        __iar_program_start --redirect __write=__write_buffered --vfe
#
###############################################################################

*******************************************************************************
*** RUNTIME MODEL ATTRIBUTES
***

CppFlavor       = *
__SystemLibrary = DLib


*******************************************************************************
*** PLACEMENT SUMMARY
***

"A0":  place at 0x00000000 { ro section .intvec };
"A1":  place at 0x00000410 { ro section .noinit };
"P1":  place in [from 0x00000000 to 0x00100000] { ro, block CodeRelocate };
"P2":  place in [from 0x1fff0410 to 0x20010000] {
          rw, block CodeRelocateRam, block CSTACK, block HEAP };
initialize manually with packing = copy, complex ranges { rw };
initialize manually with packing = copy, complex ranges { section .data };
initialize manually with packing = copy, complex ranges { section .textrw };

  Section              Kind        Address    Size  Object
  -------              ----        -------    ----  ------
"A0":                                        0x410
  .intvec              const    0x00000000   0x410  vectors.o [1]
                              - 0x00000410   0x410

"A1":                                          0x8
  .noinit              ro code  0x00000410     0x8  startup_MK60DZ10.o [1]
                              - 0x00000418     0x8

"P1":                                       0x7f48
  .data_init                    0x00000418   0xcdc  <Block>
    Initializer bytes  const    0x00000418   0xcdc  <for .data-1>
  .text                ro code  0x000010f4   0xc12  xprintflarge_nomb.o [3]
  .rodata              const    0x00001d06     0x2  VCAN_camera.o [1]
  .text                ro code  0x00001d08    0x16  strchr.o [5]
  .rodata              const    0x00001d1e     0x2  VCAN_computer.o [1]
  .text                ro code  0x00001d20    0x36  strlen.o [5]
  .rodata              const    0x00001d56     0x2  VCAN_computer.o [1]
  .text                ro code  0x00001d58    0x58  memchr.o [5]
  .text                ro code  0x00001db0    0xee  I64DivMod.o [5]
  .text                ro code  0x00001ea0    0x76  ABImemcpy_unaligned.o [5]
  .text                ro code  0x00001f16    0x44  xdnorm.o [4]
  .text                ro code  0x00001f5c    0x2e  DblCmpLe.o [4]
  .text                ro code  0x00001f8c   0x1a2  DblMul.o [4]
  .text                ro code  0x00002130   0x256  DblDiv.o [4]
  .text                ro code  0x00002388    0x58  DblToI32.o [4]
  .text                ro code  0x000023e0    0x30  I32ToDbl.o [4]
  .text                ro code  0x00002410   0x180  DblSub.o [4]
  .text                ro code  0x00002590    0x6c  localeconv.o [3]
  .text                ro code  0x000025fc     0xe  div.o [3]
  .text                ro code  0x0000260c     0x2  I64DivZer.o [5]
  .text                ro code  0x00002610    0xe8  DblAdd.o [4]
  .text                ro code  0x000026f8     0x2  xtls.o [3]
  .text                ro code  0x000026fc   0xab4  SOLGUI_Widget.o [1]
  .text                ro code  0x000031b0   0x590  SOLGUI_Menu.o [1]
  .text                ro code  0x00003740   0x728  SOLGUI_Printf.o [1]
  .text                ro code  0x00003e68   0x288  SOLGUI_GBasic.o [1]
  .text                ro code  0x000040f0    0x2e  DblCmpGe.o [4]
  .text                ro code  0x00004120    0x4e  FltToDbl.o [4]
  .text                ro code  0x00004170    0x90  DblToFlt.o [4]
  .text                ro code  0x00004200    0xa8  SOLGUI_Common.o [1]
  Veneer               ro code  0x000042a8     0x8  - Linker created -
  Veneer               ro code  0x000042b0     0x8  - Linker created -
  .text                ro code  0x000042b8    0x60  flashload.o [1]
  .text                ro code  0x00004318    0x64  MK60_SysTick.o [1]
  .text                ro code  0x0000437c    0x66  ABImemset.o [5]
  .text                ro code  0x000043e2    0x14  SOLGUI_Hardware.o [1]
  .text                ro code  0x000043f8    0x80  MK60_conf.o [1]
  .text                ro code  0x00004478   0x3c0  OLED.o [1]
  .text                ro code  0x00004838    0x70  VCAN_LED.o [1]
  .text                ro code  0x000048a8    0x24  printf.o [3]
  .text                ro code  0x000048cc   0x2e8  MK60_uart.o [1]
  .text                ro code  0x00004bb4   0x19c  MK60_gpio.o [1]
  .text                ro code  0x00004d50    0xb8  MK60_port.o [1]
  .text                ro code  0x00004e08   0x5e8  MK60_ftm.o [1]
  Veneer               ro code  0x000053f0     0x8  - Linker created -
  .text                ro code  0x000053f8   0x4e4  main.o [1]
  .text                ro code  0x000058dc    0xf6  VCAN_key.o [1]
  .text                ro code  0x000059d4   0x2fa  MK60_adc.o [1]
  .text                ro code  0x00005cd0   0x4dc  speed.o [1]
  .text                ro code  0x000061ac    0x28  IMU_IIC.o [1]
  .text                ro code  0x000061d4    0x30  motor_control.o [1]
  .text                ro code  0x00006204    0x6c  parameter.o [1]
  .text                ro code  0x00006270   0x254  VCAN_OV7725_Eagle.o [1]
  .text                ro code  0x000064c4    0x50  misc.o [1]
  .text                ro code  0x00006514    0x7c  MK60_PIT.o [1]
  .text                ro code  0x00006590    0x40  VCAN_computer.o [1]
  .text                ro code  0x000065d0    0x94  VCAN_camera.o [1]
  .text                ro code  0x00006664   0x274  image_deal_new.o [1]
  .text                ro code  0x000068d8   0x1c0  direction.o [1]
  .text                ro code  0x00006a98   0x244  MK60_dma.o [1]
  .text                ro code  0x00006cdc   0x362  VCAN_SCCB.o [1]
  .text                ro code  0x0000703e     0x8  abs.o [3]
  Veneer               ro code  0x00007048     0x8  - Linker created -
  .text                ro code  0x00007050   0x3d4  MK60_mcg.o [1]
  .rodata              const    0x00007424   0x350  Font6x8_ASCII.o [1]
  .rodata              const    0x00007774   0x228  OLED.o [1]
  CodeRelocate                  0x0000799c   0x1f0  <Block>
    Initializer bytes  const    0x0000799c   0x1f0  <for CodeRelocateRam-1>
  .text                ro code  0x00007b8c   0x13c  system_MK60DZ10.o [1]
  .text                ro code  0x00007cc8    0x40  MK60_wdog.o [1]
  .text                ro code  0x00007d08    0x40  zero_init3.o [5]
  .rodata              const    0x00007d48    0x3c  MK60_conf.o [1]
  .rodata              const    0x00007d84    0x2c  MK60_SysTick.o [1]
  .rodata              const    0x00007db0    0x28  MK60_adc.o [1]
  .rodata              const    0x00007dd8    0x28  MK60_dma.o [1]
  .rodata              const    0x00007e00    0x28  MK60_flash.o [1]
  .rodata              const    0x00007e28    0x28  MK60_ftm.o [1]
  .rodata              const    0x00007e50    0x28  MK60_gpio.o [1]
  .rodata              const    0x00007e78    0x28  MK60_PIT.o [1]
  .rodata              const    0x00007ea0    0x28  MK60_uart.o [1]
  .text                ro code  0x00007ec8    0x28  data_init.o [5]
  .rodata              const    0x00007ef0    0x24  misc.o [1]
  .rodata              const    0x00007f14    0x24  MK60_conf.o [1]
  .rodata              const    0x00007f38    0x24  VCAN_OV7725_Eagle.o [1]
  .rodata              const    0x00007f5c    0x24  VCAN_OV7725_Eagle.o [1]
  .text                ro code  0x00007f80    0x22  fpinit_M.o [4]
  .iar.init_table      const    0x00007fa4    0x10  - Linker created -
  .rodata              const    0x00007fb4    0x20  VCAN_OV7725_Eagle.o [1]
  .rodata              const    0x00007fd4    0x1c  main.o [1]
  .text                ro code  0x00007ff0    0x1a  cmain.o [5]
  .text                ro code  0x0000800a     0x4  low_level_init.o [3]
  .text                ro code  0x0000800e     0x4  exit.o [3]
  .text                ro code  0x00008014     0xa  cexit.o [5]
  .text                ro code  0x00008020     0xc  XXexit.o [5]
  .rodata              const    0x0000802c    0x18  main.o [1]
  .rodata              const    0x00008044    0x18  main.o [1]
  .rodata              const    0x0000805c    0x18  OLED.o [1]
  .rodata              const    0x00008074    0x18  VCAN_OV7725_Eagle.o [1]
  .rodata              const    0x0000808c    0x18  VCAN_OV7725_Eagle.o [1]
  .text                ro code  0x000080a4    0x16  xprout.o [3]
  .text                ro code  0x000080bc     0xc  putchar.o [3]
  .rodata              const    0x000080c8    0x14  main.o [1]
  .rodata              const    0x000080dc    0x14  main.o [1]
  .rodata              const    0x000080f0    0x14  main.o [1]
  .rodata              const    0x00008104    0x14  main.o [1]
  .rodata              const    0x00008118    0x14  main.o [1]
  .rodata              const    0x0000812c    0x14  main.o [1]
  .rodata              const    0x00008140    0x14  VCAN_OV7725_Eagle.o [1]
  .rodata              const    0x00008154    0x10  main.o [1]
  .rodata              const    0x00008164    0x10  main.o [1]
  .rodata              const    0x00008174    0x10  main.o [1]
  .rodata              const    0x00008184    0x10  main.o [1]
  .rodata              const    0x00008194    0x10  main.o [1]
  .rodata              const    0x000081a4    0x10  main.o [1]
  .rodata              const    0x000081b4    0x10  main.o [1]
  .rodata              const    0x000081c4    0x10  main.o [1]
  .rodata              const    0x000081d4    0x10  SOLGUI_Menu.o [1]
  .rodata              const    0x000081e4     0xc  SOLGUI_Menu.o [1]
  .rodata              const    0x000081f0     0xc  SOLGUI_Menu.o [1]
  .rodata              const    0x000081fc     0xc  SOLGUI_Menu.o [1]
  .rodata              const    0x00008208     0xc  SOLGUI_Menu.o [1]
  .rodata              const    0x00008214     0xc  SOLGUI_Menu.o [1]
  .rodata              const    0x00008220     0xc  SOLGUI_Menu.o [1]
  .rodata              const    0x0000822c     0xc  SOLGUI_Menu.o [1]
  .rodata              const    0x00008238     0xc  SOLGUI_Menu.o [1]
  .rodata              const    0x00008244     0xc  SOLGUI_Menu.o [1]
  .rodata              const    0x00008250     0xc  SOLGUI_Menu.o [1]
  .rodata              const    0x0000825c     0xc  SOLGUI_Menu.o [1]
  .rodata              const    0x00008268     0xc  SOLGUI_Menu.o [1]
  .rodata              const    0x00008274     0xc  SOLGUI_Menu.o [1]
  .rodata              const    0x00008280     0xc  SOLGUI_Menu.o [1]
  .text                ro code  0x0000828c     0xc  cstartup_M.o [5]
  .rodata              const    0x00008298     0x8  OLED.o [1]
  .rodata              const    0x000082a0     0x8  SOLGUI_Menu.o [1]
  .rodata              const    0x000082a8     0x8  SOLGUI_Menu.o [1]
  .rodata              const    0x000082b0     0x8  SOLGUI_Menu.o [1]
  .rodata              const    0x000082b8     0x8  SOLGUI_Menu.o [1]
  .rodata              const    0x000082c0     0x8  SOLGUI_Menu.o [1]
  .rodata              const    0x000082c8     0x8  SOLGUI_Menu.o [1]
  .rodata              const    0x000082d0     0x8  SOLGUI_Widget.o [1]
  .rodata              const    0x000082d8     0x0  zero_init3.o [5]
  Initializer bytes    const    0x000082d8    0x88  <for P2 s0>
                              - 0x00008360  0x7f48

"P2", part 1 of 3:                           0xecc
  .data                         0x1fff0410   0xcdc  <Block>
    .data-1                     0x1fff0410   0xcdc  <Init block>
      .data            inited   0x1fff0410     0x4  direction.o [1]
      .data            inited   0x1fff0414     0x4  direction.o [1]
      .data            inited   0x1fff0418     0x4  main.o [1]
      .data            inited   0x1fff041c     0x8  MK60_adc.o [1]
      .data            inited   0x1fff0424   0x708  MK60_conf.o [1]
      .data            inited   0x1fff0b2c    0x10  MK60_ftm.o [1]
      .data            inited   0x1fff0b3c    0x14  MK60_gpio.o [1]
      .data            inited   0x1fff0b50    0x58  MK60_mcg.o [1]
      .data            inited   0x1fff0ba8     0x4  MK60_mcg.o [1]
      .data            inited   0x1fff0bac    0x14  MK60_port.o [1]
      .data            inited   0x1fff0bc0    0x18  MK60_uart.o [1]
      .data            inited   0x1fff0bd8   0x400  OLED.o [1]
      .data            inited   0x1fff0fd8     0x4  parameter.o [1]
      .data            inited   0x1fff0fdc     0x4  parameter.o [1]
      .data            inited   0x1fff0fe0     0x4  sensor.o [1]
      .data            inited   0x1fff0fe4     0x4  sensor.o [1]
      .data            inited   0x1fff0fe8     0x4  sensor.o [1]
      .data            inited   0x1fff0fec     0xc  SOLGUI_Menu.o [1]
      .data            inited   0x1fff0ff8     0xc  SOLGUI_Menu.o [1]
      .data            inited   0x1fff1004     0xc  SOLGUI_Menu.o [1]
      .data            inited   0x1fff1010     0xc  SOLGUI_Menu.o [1]
      .data            inited   0x1fff101c     0x8  SOLGUI_Printf.o [1]
      .data            inited   0x1fff1024     0x4  SOLGUI_Widget.o [1]
      .data            inited   0x1fff1028     0x4  speed.o [1]
      .data            inited   0x1fff102c     0x4  speed.o [1]
      .data            inited   0x1fff1030     0x4  speed.o [1]
      .data            inited   0x1fff1034     0x4  speed.o [1]
      .data            inited   0x1fff1038     0x8  VCAN_key.o [1]
      .data            inited   0x1fff1040     0x4  VCAN_LED.o [1]
      .data            inited   0x1fff1044    0x64  VCAN_OV7725_Eagle.o [1]
      .data            inited   0x1fff10a8    0x40  xfiles.o [3]
      .data            inited   0x1fff10e8     0x2  image_deal_new.o [1]
      .data            inited   0x1fff10ea     0x1  VCAN_OV7725_Eagle.o [1]
      .data            inited   0x1fff10eb     0x1  VCAN_OV7725_Eagle.o [1]
  CodeRelocateRam               0x1fff10ec   0x1f0  <Block>
    CodeRelocateRam-1           0x1fff10ec   0x1f0  <Init block>
      Veneer           inited   0x1fff10ec     0x8  - Linker created -
      Veneer           inited   0x1fff10f4     0x8  - Linker created -
      .textrw          inited   0x1fff10fc   0x190  MK60_flash.o [1]
      .textrw          inited   0x1fff128c    0x50  MK60_mcg.o [1]
                              - 0x1fff12dc   0xecc

"P2", part 2 of 3:                          0x69bc
  .bss                          0x1fff12dc  0x69bc  <Block>
    .bss               zero     0x1fff12dc     0x4  direction.o [1]
    .bss               zero     0x1fff12e0     0x4  direction.o [1]
    .bss               zero     0x1fff12e4     0x4  direction.o [1]
    .bss               zero     0x1fff12e8     0x4  direction.o [1]
    .bss               zero     0x1fff12ec    0x1c  direction.o [1]
    .bss               zero     0x1fff1308    0xa0  flashload.o [1]
    .bss               zero     0x1fff13a8    0xf0  image_deal_new.o [1]
    .bss               zero     0x1fff1498    0xf0  image_deal_new.o [1]
    .bss               zero     0x1fff1588     0x4  image_deal_new.o [1]
    .bss               zero     0x1fff158c     0x4  image_deal_new.o [1]
    .bss               zero     0x1fff1590     0x4  image_deal_new.o [1]
    .bss               zero     0x1fff1594     0x4  image_deal_new.o [1]
    .bss               zero     0x1fff1598     0x4  main.o [1]
    .bss               zero     0x1fff159c    0x20  main.o [1]
    .bss               zero     0x1fff15bc     0x4  main.o [1]
    .bss               zero     0x1fff15c0     0x4  main.o [1]
    .bss               zero     0x1fff15c4     0x4  main.o [1]
    .bss               zero     0x1fff15c8    0x10  MK60_ftm.o [1]
    .bss               zero     0x1fff15d8   0x960  parameter.o [1]
    .bss               zero     0x1fff1f38   0x960  parameter.o [1]
    .bss               zero     0x1fff2898  0x4b00  parameter.o [1]
    .bss               zero     0x1fff7398   0x400  parameter.o [1]
    .bss               zero     0x1fff7798     0x4  sensor.o [1]
    .bss               zero     0x1fff779c   0x400  SOLGUI_Common.o [1]
    .bss               zero     0x1fff7b9c     0x4  SOLGUI_Menu.o [1]
    .bss               zero     0x1fff7ba0     0x8  SOLGUI_Menu.o [1]
    .bss               zero     0x1fff7ba8     0xc  SOLGUI_Widget.o [1]
    .bss               zero     0x1fff7bb4    0x10  SOLGUI_Widget.o [1]
    .bss               zero     0x1fff7bc4     0x4  speed.o [1]
    .bss               zero     0x1fff7bc8     0x4  speed.o [1]
    .bss               zero     0x1fff7bcc     0x4  speed.o [1]
    .bss               zero     0x1fff7bd0     0x4  speed.o [1]
    .bss               zero     0x1fff7bd4     0x4  speed.o [1]
    .bss               zero     0x1fff7bd8     0x4  speed.o [1]
    .bss               zero     0x1fff7bdc     0x4  speed.o [1]
    .bss               zero     0x1fff7be0    0x14  speed.o [1]
    .bss               zero     0x1fff7bf4     0x4  speed.o [1]
    .bss               zero     0x1fff7bf8     0x4  speed.o [1]
    .bss               zero     0x1fff7bfc     0x4  speed.o [1]
    .bss               zero     0x1fff7c00     0x4  speed.o [1]
    .bss               zero     0x1fff7c04     0x4  speed.o [1]
    .bss               zero     0x1fff7c08     0x4  speed.o [1]
    .bss               zero     0x1fff7c0c     0x4  speed.o [1]
    .bss               zero     0x1fff7c10     0x4  speed.o [1]
    .bss               zero     0x1fff7c14     0x4  speed.o [1]
    .bss               zero     0x1fff7c18     0x4  speed.o [1]
    .bss               zero     0x1fff7c1c     0x4  speed.o [1]
    .bss               zero     0x1fff7c20     0x4  speed.o [1]
    .bss               zero     0x1fff7c24     0x4  system_MK60DZ10.o [1]
    .bss               zero     0x1fff7c28     0x4  system_MK60DZ10.o [1]
    .bss               zero     0x1fff7c2c     0x4  system_MK60DZ10.o [1]
    .bss               zero     0x1fff7c30     0x4  VCAN_OV7725_Eagle.o [1]
    .bss               zero     0x1fff7c34    0x50  xfiles.o [3]
    .bss               zero     0x1fff7c84     0x2  direction.o [1]
    .bss               zero     0x1fff7c86     0x2  image_deal_new.o [1]
    .bss               zero     0x1fff7c88     0x2  image_deal_new.o [1]
    .bss               zero     0x1fff7c8a     0x1  main.o [1]
    .bss               zero     0x1fff7c8b     0x1  main.o [1]
    .bss               zero     0x1fff7c8c     0x1  main.o [1]
    .bss               zero     0x1fff7c8d     0x1  main.o [1]
    .bss               zero     0x1fff7c8e     0x1  main.o [1]
    .bss               zero     0x1fff7c8f     0x1  parameter.o [1]
    .bss               zero     0x1fff7c90     0x1  parameter.o [1]
    .bss               zero     0x1fff7c91     0x1  parameter.o [1]
    .bss               zero     0x1fff7c92     0x1  parameter.o [1]
    .bss               zero     0x1fff7c93     0x1  SOLGUI_Menu.o [1]
    .bss               zero     0x1fff7c94     0x1  SOLGUI_Menu.o [1]
    .bss               zero     0x1fff7c95     0x1  SOLGUI_Menu.o [1]
    .bss               zero     0x1fff7c96     0x1  SOLGUI_Widget.o [1]
                              - 0x1fff7c98  0x69bc

"P2", part 3 of 3:                            0x88
  P2 s0                         0x1fff7c98    0x88  <Init block>
    __DLIB_PERTHREAD   inited   0x1fff7c98    0x88  localeconv.o [3]
                              - 0x1fff7d20    0x88


*******************************************************************************
*** INIT TABLE
***

          Address     Size
          -------     ----
Zero (__iar_zero_init3)
    1 destination range, total size 0x69bb:
          0x1fff12dc  0x69bb



*******************************************************************************
*** MODULE SUMMARY
***

    Module                 ro code  rw code  ro data  rw data
    ------                 -------  -------  -------  -------
D:\RenesasCup2017\Prj\IAR\FN15_Debug\Obj: [1]
    Font6x8_ASCII.o                              848
    IMU_IIC.o                   40
    MK60_PIT.o                 124                40
    MK60_SysTick.o             100                44
    MK60_adc.o                 762                48        8
    MK60_conf.o                128             1 896    1 800
    MK60_dma.o                 580                40
    MK60_flash.o                        400      440
    MK60_ftm.o               1 512                56       32
    MK60_gpio.o                412                60       20
    MK60_mcg.o                 980       80      172       92
    MK60_port.o                184                20       20
    MK60_uart.o                744                64       24
    MK60_wdog.o                 64
    OLED.o                     960             1 608    1 024
    SOLGUI_Common.o            168                      1 024
    SOLGUI_GBasic.o            648
    SOLGUI_Hardware.o           20
    SOLGUI_Menu.o            1 424               280       63
    SOLGUI_Printf.o          1 832                 8        8
    SOLGUI_Widget.o          2 740                12       33
    VCAN_LED.o                 112                 4        4
    VCAN_OV7725_Eagle.o        596               274      106
    VCAN_SCCB.o                866
    VCAN_camera.o              148                 2
    VCAN_computer.o             64                 4
    VCAN_key.o                 246                 8        8
    direction.o                448                 8       54
    flashload.o                 96                        160
    image_deal_new.o           628                 2      502
    main.o                   1 252               328       57
    misc.o                      80                36
    motor_control.o             48
    parameter.o                108                 8   25 036
    sensor.o                                      12       16
    speed.o                  1 244                16      112
    startup_MK60DZ10.o           8
    system_MK60DZ10.o          316                         12
    vectors.o                                  1 040
    ---------------------------------------------------------
    Total:                  19 682      480    7 378   30 215

command line: [2]
    ---------------------------------------------------------
    Total:

dl7M_tlf.a: [3]
    abs.o                        8
    div.o                       14
    exit.o                       4
    localeconv.o               108               136      136
    low_level_init.o             4
    printf.o                    36
    putchar.o                   12
    xfiles.o                                      64      144
    xprintflarge_nomb.o      3 090
    xprout.o                    22
    xtls.o                       2
    ---------------------------------------------------------
    Total:                   3 300               200      280

m7M_tls.a: [4]
    DblAdd.o                   232
    DblCmpGe.o                  46
    DblCmpLe.o                  46
    DblDiv.o                   598
    DblMul.o                   418
    DblSub.o                   384
    DblToFlt.o                 144
    DblToI32.o                  88
    FltToDbl.o                  78
    I32ToDbl.o                  48
    fpinit_M.o                  34
    xdnorm.o                    68
    ---------------------------------------------------------
    Total:                   2 184

rt7M_tl.a: [5]
    ABImemcpy_unaligned.o      118
    ABImemset.o                102
    I64DivMod.o                238
    I64DivZer.o                  2
    XXexit.o                    12
    cexit.o                     10
    cmain.o                     26
    cstartup_M.o                12
    data_init.o                 40
    memchr.o                    88
    strchr.o                    22
    strlen.o                    54
    zero_init3.o                64
    ---------------------------------------------------------
    Total:                     788

    Gaps                        34                 2
    Linker created              32       16       32
-------------------------------------------------------------
    Grand Total:            26 020      496    7 612   30 495


*******************************************************************************
*** ENTRY LIST
***

Entry                      Address    Size  Type      Object
-----                      -------    ----  ----      ------
.bss$$Base              0x1fff12dc           --   Gb  - Linker created -
.bss$$Limit             0x1fff7c98           --   Gb  - Linker created -
.data$$Base             0x1fff0410           --   Gb  - Linker created -
.data$$Limit            0x1fff10ec           --   Gb  - Linker created -
.data_init$$Base        0x00000418           --   Gb  - Linker created -
.data_init$$Limit       0x000010f4           --   Gb  - Linker created -
.iar.init_table$$Base   0x00007fa4           --   Gb  - Linker created -
.iar.init_table$$Limit  0x00007fb4           --   Gb  - Linker created -
?main                   0x00007ff1          Code  Gb  cmain.o [5]
ADCN                    0x1fff041c     0x8  Data  Gb  MK60_adc.o [1]
ASSERT_FAILED_STR       0x00007f14    0x24  Data  Gb  MK60_conf.o [1]
CalSpeedError           0x00005e2d   0x1a8  Code  Gb  speed.o [1]
CalSpeedError::fSpeedNew
                        0x1fff7c20     0x4  Data  Lc  speed.o [1]
CalSpeedError::fSpeedOld
                        0x1fff7c1c     0x4  Data  Lc  speed.o [1]
CodeRelocate$$Base      0x0000799c           --   Gb  - Linker created -
CodeRelocate$$Limit     0x00007b8c           --   Gb  - Linker created -
CodeRelocateRam$$Base   0x1fff10ec           --   Gb  - Linker created -
CodeRelocateRam$$Limit  0x1fff12dc           --   Gb  - Linker created -
DMA0_IRQHandler         0x00005765    0x3c  Code  Gb  main.o [1]
DirectionControl        0x000068d9   0x1c0  Code  Gb  direction.o [1]
DirectionControl::g_nDirectionErrorTemp
                        0x1fff12ec    0x1c  Data  Lc  direction.o [1]
Draw_BMP                0x0000472b    0x84  Code  Gb  OLED.o [1]
Draw_PIC                0x000031b1    0xae  Code  Gb  SOLGUI_Menu.o [1]
Encoder_Init            0x000061d5    0x30  Code  Gb  motor_control.o [1]
F6x8                    0x00007774   0x228  Data  Gb  OLED.o [1]
FIFO_DeQueue            0x00003515    0x38  Code  Gb  SOLGUI_Menu.o [1]
FIFO_EnQueue            0x000034e9    0x22  Code  Gb  SOLGUI_Menu.o [1]
FIFO_Init               0x000034c9    0x20  Code  Gb  SOLGUI_Menu.o [1]
FTMN                    0x1fff0b2c    0x10  Data  Gb  MK60_ftm.o [1]
FTM_port_mux            0x00004e09   0x1ac  Code  Lc  MK60_ftm.o [1]
Flag_Speed              0x1fff7c91     0x1  Data  Gb  parameter.o [1]
Flag_SpeedControl       0x1fff7c8f     0x1  Data  Gb  parameter.o [1]
Flag_Stop               0x1fff7c90     0x1  Data  Gb  parameter.o [1]
GPIOX                   0x1fff0b3c    0x14  Data  Gb  MK60_gpio.o [1]
IMU_IIC_Init            0x000061ad    0x28  Code  Gb  IMU_IIC.o [1]
KEY_PTxn                0x1fff1038     0x8  Data  Gb  VCAN_key.o [1]
LED_PTxn                0x1fff1040     0x4  Data  Gb  VCAN_LED.o [1]
LeftDead                0x1fff7bc4     0x4  Data  Gb  speed.o [1]
LoadInt                 0x00001689    0x6e  Code  Lc  xprintflarge_nomb.o [3]
MotorInit               0x00005cd1    0x48  Code  Gb  speed.o [1]
NVIC_DisableIRQ         0x00006285    0x14  Code  Lc  VCAN_OV7725_Eagle.o [1]
NVIC_EnableIRQ          0x0000541d    0x16  Code  Lc  main.o [1]
NVIC_EnableIRQ          0x000048cd    0x16  Code  Lc  MK60_uart.o [1]
NVIC_EnableIRQ          0x00006271    0x14  Code  Lc  VCAN_OV7725_Eagle.o [1]
NVIC_SetPriority        0x00005433    0x2a  Code  Lc  main.o [1]
NVIC_SetPriorityGrouping
                        0x000053f9    0x24  Code  Lc  main.o [1]
OLED_DLY_ms             0x0000457f    0x1c  Code  Gb  OLED.o [1]
OLED_Fill               0x0000453f    0x40  Code  Gb  OLED.o [1]
OLED_Init               0x0000459b   0x112  Code  Gb  OLED.o [1]
OLED_P6x8Str            0x000046ad    0x7e  Code  Gb  OLED.o [1]
OLED_Set_Pos            0x0000450f    0x30  Code  Gb  OLED.o [1]
OLED_WrCmd              0x000044c5    0x4a  Code  Gb  OLED.o [1]
OLED_WrDat              0x00004479    0x4a  Code  Gb  OLED.o [1]
PIT1_IRQHandler         0x00005685    0x28  Code  Gb  main.o [1]
PORTA_IRQHandler        0x000056b1    0xb2  Code  Gb  main.o [1]
PORTX                   0x1fff0bac    0x14  Data  Gb  MK60_port.o [1]
PWMOut                  0x00005d19   0x114  Code  Gb  speed.o [1]
Ratio_Encoder_Left      0x1fff1028     0x4  Data  Gb  speed.o [1]
Ratio_Encoder_Righ      0x1fff102c     0x4  Data  Gb  speed.o [1]
Region$$Table$$Base     0x00007fa4           --   Gb  - Linker created -
Region$$Table$$Limit    0x00007fb4           --   Gb  - Linker created -
Reset_Handler           0x00000411          Code  Gb  startup_MK60DZ10.o [1]
RighDead                0x1fff7bc8     0x4  Data  Gb  speed.o [1]
SCCB_Ack                0x00006db1    0x3c  Code  Lc  VCAN_SCCB.o [1]
SCCB_GPIO_init          0x00006cf7    0x28  Code  Gb  VCAN_SCCB.o [1]
SCCB_NoAck              0x00006ded    0x3c  Code  Lc  VCAN_SCCB.o [1]
SCCB_ReadByte           0x00006f8d    0x2c  Code  Gb  VCAN_SCCB.o [1]
SCCB_ReadByte_one       0x00006fb9    0x86  Code  Lc  VCAN_SCCB.o [1]
SCCB_ReceiveByte        0x00006eb9    0x54  Code  Lc  VCAN_SCCB.o [1]
SCCB_SendByte           0x00006e75    0x44  Code  Lc  VCAN_SCCB.o [1]
SCCB_Start              0x00006d1f    0x5e  Code  Lc  VCAN_SCCB.o [1]
SCCB_Stop               0x00006d7d    0x34  Code  Lc  VCAN_SCCB.o [1]
SCCB_WaitAck            0x00006e29    0x4c  Code  Lc  VCAN_SCCB.o [1]
SCCB_WriteByte          0x00006f1d    0x28  Code  Gb  VCAN_SCCB.o [1]
SCCB_WriteByte_one      0x00006f45    0x48  Code  Lc  VCAN_SCCB.o [1]
SCCB_delay              0x00006cdd    0x1a  Code  Lc  VCAN_SCCB.o [1]
SOLGUI_CSR              0x1fff7c95     0x1  Data  Gb  SOLGUI_Menu.o [1]
SOLGUI_Clean            0x00004231    0x16  Code  Gb  SOLGUI_Common.o [1]
SOLGUI_Cursor           0x00002749   0x2da  Code  Gb  SOLGUI_Widget.o [1]
SOLGUI_DrawPoint        0x00004247    0x5e  Code  Gb  SOLGUI_Common.o [1]
SOLGUI_GBasic_Line      0x00003ef5   0x120  Code  Gb  SOLGUI_GBasic.o [1]
SOLGUI_GBasic_Rectangle
                        0x00004015    0xdc  Code  Gb  SOLGUI_GBasic.o [1]
SOLGUI_GRAM             0x1fff779c   0x400  Data  Gb  SOLGUI_Common.o [1]
SOLGUI_GetCurrentKey    0x00003607     0x6  Code  Gb  SOLGUI_Menu.o [1]
SOLGUI_Hardware_FillScreen
                        0x000043eb     0xc  Code  Gb  SOLGUI_Hardware.o [1]
SOLGUI_Hardware_Init    0x000043e3     0x8  Code  Gb  SOLGUI_Hardware.o [1]
SOLGUI_Init             0x00004201    0x22  Code  Gb  SOLGUI_Common.o [1]
SOLGUI_InputKey         0x000035f9     0xe  Code  Gb  SOLGUI_Menu.o [1]
SOLGUI_Menu_PageStage   0x00003611    0x50  Code  Gb  SOLGUI_Menu.o [1]
SOLGUI_Menu_SetHomePage
                        0x000035eb     0xe  Code  Gb  SOLGUI_Menu.o [1]
SOLGUI_Menu_Title       0x0000356d    0x7e  Code  Gb  SOLGUI_Menu.o [1]
SOLGUI_PutChar          0x0000376f    0xb6  Code  Gb  SOLGUI_Printf.o [1]
SOLGUI_PutString        0x00003825    0x4c  Code  Gb  SOLGUI_Printf.o [1]
SOLGUI_Refresh          0x00004223     0xe  Code  Gb  SOLGUI_Common.o [1]
SOLGUI_SwitchFont       0x00003741    0x2e  Code  Gb  SOLGUI_Printf.o [1]
SOLGUI_Widget_Button    0x000030cd    0xa8  Code  Gb  SOLGUI_Widget.o [1]
SOLGUI_Widget_GotoPage  0x00002a2d    0xac  Code  Gb  SOLGUI_Widget.o [1]
SOLGUI_Widget_OptionText
                        0x00003085    0x48  Code  Gb  SOLGUI_Widget.o [1]
SOLGUI_Widget_Spin      0x00002b49   0x53c  Code  Gb  SOLGUI_Widget.o [1]
SOLGUI_Widget_Spin::spin_pos
                        0x1fff7c96     0x1  Data  Lc  SOLGUI_Widget.o [1]
SOLGUI_printf           0x00003e41    0x28  Code  Gb  SOLGUI_Printf.o [1]
SaveParameter           0x0000325f    0x82  Code  Gb  SOLGUI_Menu.o [1]
SpeedControl            0x00005fd9   0x100  Code  Gb  speed.o [1]
SpeedControlOut         0x000060d9    0x3a  Code  Gb  speed.o [1]
UARTN                   0x1fff0bc0    0x18  Data  Gb  MK60_uart.o [1]
UI_Dataview             0x1fff1004     0xc  Data  Gb  SOLGUI_Menu.o [1]
UI_Debug                0x1fff1010     0xc  Data  Gb  SOLGUI_Menu.o [1]
UI_List                 0x1fff0fec     0xc  Data  Gb  SOLGUI_Menu.o [1]
UI_image_show           0x1fff0ff8     0xc  Data  Gb  SOLGUI_Menu.o [1]
Write_config            0x000042db    0x3a  Code  Gb  flashload.o [1]
_Font6x8                0x00007424   0x350  Data  Gb  Font6x8_ASCII.o [1]
_GenldLargeNoMb         0x00001a7f   0x23e  Code  Lc  xprintflarge_nomb.o [3]
_LdtobLargeNoMb         0x00001801   0x278  Code  Lc  xprintflarge_nomb.o [3]
_LineModes              0x00003e69    0x8c  Code  Gb  SOLGUI_GBasic.o [1]
_LitobLargeNoMb         0x000016f7   0x10a  Code  Lc  xprintflarge_nomb.o [3]
_Locale_aeabi_lconv     0x1fff7ce8    0x38  Data  Gb  localeconv.o [3]
_Locale_lconv           0x1fff7c98    0x50  Data  Gb  localeconv.o [3]
_OptionsDisplay_Judge   0x000026fd    0x32  Code  Gb  SOLGUI_Widget.o [1]
_OptionsDisplay_coorY   0x0000272f    0x1a  Code  Gb  SOLGUI_Widget.o [1]
_Pow_10                 0x00002ad9    0x5e  Code  Gb  SOLGUI_Widget.o [1]
_PrintfLargeNoMb        0x000010f5   0x58e  Code  Gb  xprintflarge_nomb.o [3]
_Prout                  0x000080a5    0x16  Code  Gb  xprout.o [3]
_PutcharsLargeNoMb      0x00001cbd    0x2e  Code  Lc  xprintflarge_nomb.o [3]
_UI_Dataview            0x000033c1    0x72  Code  Gb  SOLGUI_Menu.o [1]
_UI_Debug               0x00003435    0x94  Code  Gb  SOLGUI_Menu.o [1]
_UI_List                0x000032e1    0x9e  Code  Gb  SOLGUI_Menu.o [1]
_UI_image_show          0x0000337f    0x42  Code  Gb  SOLGUI_Menu.o [1]
__BOOT_STACK_ADDRESS {Abs}
                        0x2000fff8          Data  Gb  command line/config [2]
__SOLGUI_printf         0x00003871   0x5c8  Code  Gb  SOLGUI_Printf.o [1]
__VECTOR_RAM {Abs}      0x1fff0000          Data  Gb  command line/config [2]
__VECTOR_TABLE {Abs}    0x00000000          Data  Gb  command line/config [2]
__aeabi_cdcmple         0x00001f5d          Code  Gb  DblCmpLe.o [4]
__aeabi_cdrcmple        0x000040f1          Code  Gb  DblCmpGe.o [4]
__aeabi_d2f             0x00004171          Code  Gb  DblToFlt.o [4]
__aeabi_d2iz            0x00002389          Code  Gb  DblToI32.o [4]
__aeabi_d2uiz           0x000023b5          Code  Gb  DblToI32.o [4]
__aeabi_dadd            0x00002611          Code  Gb  DblAdd.o [4]
__aeabi_ddiv            0x00002131          Code  Gb  DblDiv.o [4]
__aeabi_dmul            0x00001f8d          Code  Gb  DblMul.o [4]
__aeabi_dsub            0x00002411          Code  Gb  DblSub.o [4]
__aeabi_f2d             0x00004121          Code  Gb  FltToDbl.o [4]
__aeabi_i2d             0x000023e1          Code  Gb  I32ToDbl.o [4]
__aeabi_ldiv0           0x0000260d          Code  Gb  I64DivZer.o [5]
__aeabi_memset          0x0000437d          Code  Gb  ABImemset.o [5]
__aeabi_ui2d            0x000023f5          Code  Gb  I32ToDbl.o [4]
__aeabi_uldivmod        0x00001db1          Code  Gb  I64DivMod.o [5]
__cmain                 0x00007ff1          Code  Gb  cmain.o [5]
__code_start__ {Abs}    0x00000410          Data  Gb  command line/config [2]
__exit                  0x00008021          Code  Gb  XXexit.o [5]
__iar_Dnorm             0x00001f17    0x44  Code  Gb  xdnorm.o [4]
__iar_Locale_lconv_init
                        0x00002591    0x3a  Code  Gb  localeconv.o [3]
__iar_Memchr            0x00001d59          Code  Gb  memchr.o [5]
__iar_Memset            0x0000437d          Code  Gb  ABImemset.o [5]
__iar_Memset_word       0x00004385          Code  Gb  ABImemset.o [5]
__iar_Stdout            0x1fff10a8    0x40  Data  Gb  xfiles.o [3]
__iar_Strchr            0x00001d09          Code  Gb  strchr.o [5]
__iar_d2uiz             0x000023c1          Code  Gb  DblToI32.o [4]
__iar_dadd              0x00002625          Code  Gb  DblAdd.o [4]
__iar_data_init3        0x00007ec9    0x28  Code  Gb  data_init.o [5]
__iar_dlib_perthread_access
                        0x000026f9     0x2  Code  Gb  xtls.o [3]
__iar_dsub              0x00002425          Code  Gb  DblSub.o [4]
__iar_dsubStart         0x00002437          Code  Gb  DblSub.o [4]
__iar_init_vfp          0x00007f81          Code  Gb  fpinit_M.o [4]
__iar_program_start     0x0000828d          Code  Gb  cstartup_M.o [5]
__iar_ui2d              0x000023f9          Code  Gb  I32ToDbl.o [4]
__iar_unaligned___aeabi_memcpy
                        0x00001ea1          Code  Gb  ABImemcpy_unaligned.o [5]
__iar_unaligned___aeabi_memcpy4
                        0x00001ec1          Code  Gb  ABImemcpy_unaligned.o [5]
__iar_unaligned___aeabi_memcpy8
                        0x00001ec1          Code  Gb  ABImemcpy_unaligned.o [5]
__iar_zero_init3        0x00007d09    0x40  Code  Gb  zero_init3.o [5]
__low_level_init        0x0000800b     0x4  Code  Gb  low_level_init.o [3]
__vector_table          0x00000000   0x410  Data  Gb  vectors.o [1]
_call_main              0x00007ffd          Code  Gb  cmain.o [5]
_exit                   0x00008015          Code  Gb  cexit.o [5]
_fontInfo_6x8           0x1fff101c     0x8  Data  Gb  SOLGUI_Printf.o [1]
_key_cache              0x1fff7ba0     0x8  Data  Gb  SOLGUI_Menu.o [1]
_main                   0x00008007          Code  Gb  cmain.o [5]
abs                     0x0000703f     0x8  Code  Gb  abs.o [3]
ad_ave                  0x00005c8d    0x42  Code  Gb  MK60_adc.o [1]
adc_init                0x000059d5   0x20e  Code  Gb  MK60_adc.o [1]
adc_once                0x00005be3    0x50  Code  Gb  MK60_adc.o [1]
adc_start               0x00005c33    0x44  Code  Lc  MK60_adc.o [1]
angle_offset            0x1fff0fe8     0x4  Data  Gb  sensor.o [1]
assert_failed           0x000043f9    0x26  Code  Gb  MK60_conf.o [1]
beep_time               0x1fff15bc     0x4  Data  Gb  main.o [1]
bet_value               0x1fff1598     0x4  Data  Gb  main.o [1]
bmp_buff                0x1fff7398   0x400  Data  Gb  parameter.o [1]
bus_clk_khz             0x1fff7c2c     0x4  Data  Gb  system_MK60DZ10.o [1]
cauc_logo               0x1fff0bd8   0x400  Data  Gb  OLED.o [1]
circle_offset           0x1fff10e8     0x2  Data  Gb  image_deal_new.o [1]
common_startup          0x00007bf3    0x98  Code  Gb  system_MK60DZ10.o [1]
core_clk_khz            0x1fff7c24     0x4  Data  Gb  system_MK60DZ10.o [1]
core_clk_mhz            0x1fff7c28     0x4  Data  Gb  system_MK60DZ10.o [1]
cur_key                 0x1fff7c94     0x1  Data  Gb  SOLGUI_Menu.o [1]
current_page            0x1fff7b9c     0x4  Data  Gb  SOLGUI_Menu.o [1]
cursor                  0x1fff1024     0x4  Data  Gb  SOLGUI_Widget.o [1]
cursor_reg              0x1fff7ba8     0xc  Data  Gb  SOLGUI_Widget.o [1]
default_isr             0x00004433    0x34  Code  Gb  MK60_conf.o [1]
direc_err_1             0x1fff1588     0x4  Data  Gb  image_deal_new.o [1]
direc_err_2             0x1fff158c     0x4  Data  Gb  image_deal_new.o [1]
direc_err_3             0x1fff1590     0x4  Data  Gb  image_deal_new.o [1]
div                     0x000025fd     0xe  Code  Gb  div.o [3]
dma_gpio_input_init     0x00006a99    0x60  Code  Lc  MK60_dma.o [1]
dma_portx2buff_init     0x00006af9   0x1b0  Code  Gb  MK60_dma.o [1]
draw_cauc_logo          0x000047e9    0x28  Code  Gb  OLED.o [1]
exit                    0x0000800f     0x4  Code  Gb  exit.o [3]
fSpeedErrorInteg        0x1fff7bf4     0x4  Data  Gb  speed.o [1]
find_black_point        0x000066fd   0x1c2  Code  Gb  image_deal_new.o [1]
find_black_point::i     0x1fff7c86     0x2  Data  Lc  image_deal_new.o [1]
find_black_point::j     0x1fff7c88     0x2  Data  Lc  image_deal_new.o [1]
flag_imgbuff            0x1fff7c92     0x1  Data  Gb  parameter.o [1]
flash_cmd               0x1fff10fd    0x20  Code  Gb  MK60_flash.o [1]
flash_erase_sector      0x1fff1141    0x5c  Code  Gb  MK60_flash.o [1]
flash_init              0x1fff111d    0x24  Code  Gb  MK60_flash.o [1]
flash_write             0x1fff119d    0xb4  Code  Gb  MK60_flash.o [1]
fputc                   0x0000441f    0x14  Code  Gb  MK60_conf.o [1]
ftm_input_clean         0x00005285    0x22  Code  Gb  MK60_ftm.o [1]
ftm_mod                 0x1fff15c8    0x10  Data  Lc  MK60_ftm.o [1]
ftm_pwm_duty            0x00005167   0x11e  Code  Gb  MK60_ftm.o [1]
ftm_pwm_init            0x00004fb5   0x1b2  Code  Gb  MK60_ftm.o [1]
ftm_quad_get            0x000053ad    0x2c  Code  Gb  MK60_ftm.o [1]
ftm_quad_init           0x000052a7   0x106  Code  Gb  MK60_ftm.o [1]
g_BlanceControlOut      0x1fff7798     0x4  Data  Gb  sensor.o [1]
g_PWMOut                0x1fff7c00     0x4  Data  Gb  speed.o [1]
g_ball_x                0x1fff15c0     0x4  Data  Gb  main.o [1]
g_ball_y                0x1fff15c4     0x4  Data  Gb  main.o [1]
g_dirControl_D          0x1fff0414     0x4  Data  Gb  direction.o [1]
g_dirControl_P          0x1fff0410     0x4  Data  Gb  direction.o [1]
g_dirControl_gyro_D     0x1fff12dc     0x4  Data  Gb  direction.o [1]
g_fDirectionControlOut  0x1fff12e4     0x4  Data  Gb  direction.o [1]
g_fDirectionControlOut_last
                        0x1fff12e8     0x4  Data  Gb  direction.o [1]
g_fDirectionError_dot   0x1fff12e0     0x4  Data  Gb  direction.o [1]
g_fExpectSpeed          0x1fff1030     0x4  Data  Gb  speed.o [1]
g_fLeftRealSpeed        0x1fff7bd0     0x4  Data  Gb  speed.o [1]
g_fRealSpeed            0x1fff7bcc     0x4  Data  Gb  speed.o [1]
g_fRighRealSpeed        0x1fff7bd4     0x4  Data  Gb  speed.o [1]
g_fSpeedControlOut      0x1fff7c18     0x4  Data  Gb  speed.o [1]
g_fSpeedControlOutNew   0x1fff7c14     0x4  Data  Gb  speed.o [1]
g_fSpeedControlOutOld   0x1fff7c10     0x4  Data  Gb  speed.o [1]
g_fSpeedError           0x1fff7bdc     0x4  Data  Gb  speed.o [1]
g_fSpeedErrorTemp       0x1fff7be0    0x14  Data  Gb  speed.o [1]
g_fSpeedFilter          0x1fff7bd8     0x4  Data  Gb  speed.o [1]
g_nDirectionError       0x1fff7c84     0x2  Data  Gb  direction.o [1]
g_nLeftPWM              0x1fff7c04     0x4  Data  Gb  speed.o [1]
g_nLeftpulse            0x1fff7bf8     0x4  Data  Gb  speed.o [1]
g_nRighPWM              0x1fff7c08     0x4  Data  Gb  speed.o [1]
g_nRighpulse            0x1fff7bfc     0x4  Data  Gb  speed.o [1]
g_speedControl_I        0x1fff7c0c     0x4  Data  Gb  speed.o [1]
g_speedControl_P        0x1fff1034     0x4  Data  Gb  speed.o [1]
g_upstandControl_D      0x1fff0fe4     0x4  Data  Gb  sensor.o [1]
g_upstandControl_P      0x1fff0fe0     0x4  Data  Gb  sensor.o [1]
gb_recursion            0x00006665    0x94  Code  Gb  image_deal_new.o [1]
get_point_uart          0x000057c1    0x62  Code  Gb  main.o [1]
gpio_get                0x00004d0d    0x3a  Code  Gb  MK60_gpio.o [1]
gpio_init               0x00004bb5    0xae  Code  Gb  MK60_gpio.o [1]
gpio_set                0x00004c63    0x72  Code  Gb  MK60_gpio.o [1]
gpio_turn               0x00004cd5    0x38  Code  Gb  MK60_gpio.o [1]
head_1                  0x1fff7c8c     0x1  Data  Gb  main.o [1]
head_2                  0x1fff7c8d     0x1  Data  Gb  main.o [1]
head_3                  0x1fff7c8e     0x1  Data  Gb  main.o [1]
img                     0x1fff2898  0x4b00  Data  Gb  parameter.o [1]
img_extract             0x000065d1    0x94  Code  Gb  VCAN_camera.o [1]
imgbuff1                0x1fff15d8   0x960  Data  Gb  parameter.o [1]
imgbuff2                0x1fff1f38   0x960  Data  Gb  parameter.o [1]
key_check               0x00005949    0x2a  Code  Gb  VCAN_key.o [1]
key_get                 0x0000592f    0x1a  Code  Gb  VCAN_key.o [1]
key_init                0x000058dd    0x52  Code  Gb  VCAN_key.o [1]
key_scan                0x00005979    0x5a  Code  Gb  VCAN_key.o [1]
key_value               0x1fff7c8a     0x1  Data  Gb  main.o [1]
led_init                0x00004839    0x3a  Code  Gb  VCAN_LED.o [1]
led_turn                0x00004873    0x32  Code  Gb  VCAN_LED.o [1]
left_line               0x1fff13a8    0xf0  Data  Gb  image_deal_new.o [1]
load_config             0x000042b9    0x22  Code  Gb  flashload.o [1]
localeconv              0x000025cb    0x16  Code  Gb  localeconv.o [3]
main                    0x0000545d   0x226  Code  Gb  main.o [1]
mcg_cfg                 0x1fff0b50    0x58  Data  Gb  MK60_mcg.o [1]
mcg_div                 0x1fff0ba8     0x4  Data  Gb  MK60_mcg.o [1]
mcg_div_count           0x00007051   0x304  Code  Gb  MK60_mcg.o [1]
memchr                  0x00001d59          Code  Gb  memchr.o [5]
my_cnf                  0x1fff1308    0xa0  Data  Gb  flashload.o [1]
obuf                    0x1fff7c34    0x50  Data  Lc  xfiles.o [3]
option_enable_list      0x1fff7bb4    0x10  Data  Gb  SOLGUI_Widget.o [1]
ov7725_eagle_cfgnum     0x1fff10eb     0x1  Data  Gb  VCAN_OV7725_Eagle.o [1]
ov7725_eagle_dma        0x0000638f    0x14  Code  Gb  VCAN_OV7725_Eagle.o [1]
ov7725_eagle_get_img    0x000063a3    0x24  Code  Gb  VCAN_OV7725_Eagle.o [1]
ov7725_eagle_img_buff   0x1fff7c30     0x4  Data  Gb  VCAN_OV7725_Eagle.o [1]
ov7725_eagle_img_flag   0x1fff10ea     0x1  Data  Gb  VCAN_OV7725_Eagle.o [1]
ov7725_eagle_init       0x00006299    0x18  Code  Gb  VCAN_OV7725_Eagle.o [1]
ov7725_eagle_port_init  0x000062b1    0x54  Code  Lc  VCAN_OV7725_Eagle.o [1]
ov7725_eagle_reg        0x1fff1044    0x64  Data  Gb  VCAN_OV7725_Eagle.o [1]
ov7725_eagle_reg_init   0x000063c7    0xb2  Code  Lc  VCAN_OV7725_Eagle.o [1]
ov7725_eagle_vsync      0x00006305    0x8a  Code  Gb  VCAN_OV7725_Eagle.o [1]
p_imgbuff1              0x1fff0fd8     0x4  Data  Gb  parameter.o [1]
p_imgbuff2              0x1fff0fdc     0x4  Data  Gb  parameter.o [1]
parameter_init          0x00006205    0x48  Code  Gb  parameter.o [1]
pit_init                0x00006515    0x6c  Code  Gb  MK60_PIT.o [1]
pixelC_HW_OLED_FillScreen
                        0x000047af    0x3a  Code  Gb  OLED.o [1]
pll_init                0x00007355    0xb2  Code  Gb  MK60_mcg.o [1]
point                   0x1fff1594     0x4  Data  Gb  image_deal_new.o [1]
point_y_set             0x1fff0418     0x4  Data  Gb  main.o [1]
port_init               0x00004d51    0x48  Code  Gb  MK60_port.o [1]
port_init_NoALT         0x00004d99    0x66  Code  Gb  MK60_port.o [1]
printf                  0x000048a9    0x24  Code  Gb  printf.o [3]
putchar                 0x000080bd     0xc  Code  Gb  putchar.o [3]
right_line              0x1fff1498    0xf0  Data  Gb  image_deal_new.o [1]
set_sys_dividers        0x1fff128d    0x50  Code  Gb  MK60_mcg.o [1]
set_vector_handler      0x000064e7    0x22  Code  Gb  misc.o [1]
show_ok                 0x1fff7c93     0x1  Data  Gb  SOLGUI_Menu.o [1]
start                   0x00007b8d    0x2a  Code  Gb  system_MK60DZ10.o [1]
strchr                  0x00001d09          Code  Gb  strchr.o [5]
strlen                  0x00001d21          Code  Gb  strlen.o [5]
sysinit                 0x00007bb7    0x3c  Code  Gb  system_MK60DZ10.o [1]
systick_delay           0x00004319    0x36  Code  Gb  MK60_SysTick.o [1]
systick_delay_ms        0x0000434f    0x18  Code  Gb  MK60_SysTick.o [1]
uart3_handler           0x000057a1    0x20  Code  Gb  main.o [1]
uart_getchar            0x00004af7    0x1e  Code  Gb  MK60_uart.o [1]
uart_init               0x000048e3   0x214  Code  Gb  MK60_uart.o [1]
uart_putbuff            0x00004b47    0x26  Code  Gb  MK60_uart.o [1]
uart_putchar            0x00004b15    0x1a  Code  Gb  MK60_uart.o [1]
uart_query              0x00004b2f    0x18  Code  Gb  MK60_uart.o [1]
uart_rx_irq_en          0x00004b6d    0x2a  Code  Gb  MK60_uart.o [1]
vcan_send_buff          0x1fff159c    0x20  Data  Gb  main.o [1]
vcan_send_flag          0x1fff7c8b     0x1  Data  Gb  main.o [1]
vcan_sendware           0x00006591    0x38  Code  Gb  VCAN_computer.o [1]
vector_str              0x1fff0424   0x708  Data  Gb  MK60_conf.o [1]
wdog_disable            0x00007cc9    0x16  Code  Gb  MK60_wdog.o [1]
wdog_unlock             0x00007cdf    0x20  Code  Lc  MK60_wdog.o [1]
write_vtor              0x000064c5    0x22  Code  Gb  misc.o [1]


[1] = D:\RenesasCup2017\Prj\IAR\FN15_Debug\Obj
[2] = command line
[3] = dl7M_tlf.a
[4] = m7M_tls.a
[5] = rt7M_tl.a

  26 020 bytes of readonly  code memory
     496 bytes of readwrite code memory
   7 612 bytes of readonly  data memory
  30 495 bytes of readwrite data memory

Errors: none
Warnings: none
