Component: ARM Compiler 5.06 update 3 (build 300) Tool: armlink [4d35c9]

==============================================================================

Section Cross References

    main.o(.text) refers to _printf_percent.o(.ARM.Collect$$_printf_percent$$00000000) for _printf_percent
    main.o(.text) refers to _printf_s.o(.ARM.Collect$$_printf_percent$$00000014) for _printf_s
    main.o(.text) refers to _printf_str.o(.text) for _printf_str
    main.o(.text) refers to _printf_d.o(.ARM.Collect$$_printf_percent$$00000009) for _printf_d
    main.o(.text) refers to _printf_dec.o(.text) for _printf_int_dec
    main.o(.text) refers to stm32f4xx_dma.o(.text) for DMA_Cmd
    main.o(.text) refers to lcd.o(.text) for LCD_Clear
    main.o(.text) refers to noretval__2sprintf.o(.text) for __2sprintf
    main.o(.text) refers to ov2640.o(.text) for OV2640_JPEG_Mode
    main.o(.text) refers to dcmi.o(.text) for My_DCMI_Init
    main.o(.text) refers to stm32f4xx_usart.o(.text) for USART_GetFlagStatus
    main.o(.text) refers to key.o(.text) for KEY_Scan
    main.o(.text) refers to delay.o(.text) for delay_ms
    main.o(.text) refers to main.o(.data) for ov2640_mode
    main.o(.text) refers to lcd.o(.data) for POINT_COLOR
    main.o(.text) refers to main.o(.bss) for jpeg_buf
    main.o(.text) refers to main.o(.constdata) for jpeg_img_size_tbl
    main.o(.text) refers to lcd.o(.bss) for lcddev
    main.o(.text) refers to misc.o(.text) for NVIC_PriorityGroupConfig
    main.o(.text) refers to timer.o(.text) for TIM2_PWM_Init
    main.o(.text) refers to usart.o(.text) for uart_init
    main.o(.text) refers to usart2.o(.text) for usart2_init
    main.o(.text) refers to led.o(.text) for LED_Init
    main.o(.text) refers to control.o(.data) for pos_X
    main.o(.text) refers to timer.o(.data) for clacFlag
    main.o(.text) refers to usmart_config.o(.data) for usmart_dev
    main.o(.data) refers to main.o(.conststring) for .conststring
    system_stm32f4xx.o(.text) refers to system_stm32f4xx.o(.data) for SystemCoreClock
    led.o(.text) refers to stm32f4xx_rcc.o(.text) for RCC_AHB1PeriphClockCmd
    led.o(.text) refers to stm32f4xx_gpio.o(.text) for GPIO_Init
    lcd.o(.text) refers to _printf_percent.o(.ARM.Collect$$_printf_percent$$00000000) for _printf_percent
    lcd.o(.text) refers to _printf_x.o(.ARM.Collect$$_printf_percent$$0000000C) for _printf_x
    lcd.o(.text) refers to _printf_hex_int.o(.text) for _printf_longlong_hex
    lcd.o(.text) refers to delay.o(.text) for delay_us
    lcd.o(.text) refers to lcd.o(.bss) for lcddev
    lcd.o(.text) refers to lcd.o(.data) for POINT_COLOR
    lcd.o(.text) refers to dflt_clz.o(x$fpl$dfltu) for __aeabi_ui2d
    lcd.o(.text) refers to dmul.o(x$fpl$dmul) for __aeabi_dmul
    lcd.o(.text) refers to dfixu.o(x$fpl$dfixu) for __aeabi_d2uiz
    lcd.o(.text) refers to stm32f4xx_rcc.o(.text) for RCC_AHB1PeriphClockCmd
    lcd.o(.text) refers to stm32f4xx_gpio.o(.text) for GPIO_Init
    lcd.o(.text) refers to stm32f4xx_fsmc.o(.text) for FSMC_NORSRAMInit
    lcd.o(.text) refers to noretval__2printf.o(.text) for __2printf
    lcd.o(.text) refers to lcd.o(.constdata) for asc2_1206
    key.o(.text) refers to stm32f4xx_rcc.o(.text) for RCC_AHB1PeriphClockCmd
    key.o(.text) refers to stm32f4xx_gpio.o(.text) for GPIO_Init
    key.o(.text) refers to delay.o(.text) for delay_ms
    key.o(.text) refers to control.o(.data) for runFlag
    dcmi.o(.text) refers to stm32f4xx_dcmi.o(.text) for DCMI_GetITStatus
    dcmi.o(.text) refers to main.o(.text) for jpeg_data_process
    dcmi.o(.text) refers to stm32f4xx_rcc.o(.text) for RCC_AHB1PeriphClockCmd
    dcmi.o(.text) refers to stm32f4xx_dma.o(.text) for DMA_DeInit
    dcmi.o(.text) refers to stm32f4xx_gpio.o(.text) for GPIO_Init
    dcmi.o(.text) refers to misc.o(.text) for NVIC_Init
    dcmi.o(.text) refers to lcd.o(.text) for LCD_SetCursor
    dcmi.o(.text) refers to ov2640.o(.text) for OV2640_OutSize_Set
    dcmi.o(.text) refers to dcmi.o(.data) for ov_frame
    dcmi.o(.text) refers to dcmi.o(.bss) for DCMI_InitStructure
    ov2640.o(.text) refers to _printf_percent.o(.ARM.Collect$$_printf_percent$$00000000) for _printf_percent
    ov2640.o(.text) refers to _printf_d.o(.ARM.Collect$$_printf_percent$$00000009) for _printf_d
    ov2640.o(.text) refers to _printf_dec.o(.text) for _printf_int_dec
    ov2640.o(.text) refers to stm32f4xx_rcc.o(.text) for RCC_AHB1PeriphClockCmd
    ov2640.o(.text) refers to stm32f4xx_gpio.o(.text) for GPIO_Init
    ov2640.o(.text) refers to delay.o(.text) for delay_ms
    ov2640.o(.text) refers to sccb.o(.text) for SCCB_Init
    ov2640.o(.text) refers to noretval__2printf.o(.text) for __2printf
    ov2640.o(.text) refers to ov2640.o(.constdata) for ov2640_svga_init_reg_tbl
    sccb.o(.text) refers to stm32f4xx_rcc.o(.text) for RCC_AHB1PeriphClockCmd
    sccb.o(.text) refers to stm32f4xx_gpio.o(.text) for GPIO_Init
    sccb.o(.text) refers to delay.o(.text) for delay_us
[...]
    STACK                                    0x2001f628   Section     1024  startup_stm32f40_41xxx.o(STACK)
    Stack_Mem                                0x2001f628   Data        1024  startup_stm32f40_41xxx.o(STACK)
    __initial_sp                             0x2001fa28   Data           0  startup_stm32f40_41xxx.o(STACK)

    Global Symbols

    Symbol Name                              Value     Ov Type        Size  Object(Section)

    BuildAttributes$$THM_ISAv4$E$P$D$K$B$S$7EM$VFPi3$EXTD16$VFPS$VFMA$PE$A:L22UL41UL21$X:L11$S22US41US21$IEEE1$IW$USESV6$~STKCKD$USESV7$~SHL$OTIME$ROPI$IEEEX$EBA8$UX$STANDARDLIB$REQ8$PRES8$EABIv2 0x00000000   Number         0  anon$$obj.o ABSOLUTE
    __ARM_use_no_argv                        0x00000000   Number         0  main.o ABSOLUTE
    _printf_flags                            0x00000000   Number         0  printf_stubs.o ABSOLUTE
    _printf_return_value                     0x00000000   Number         0  printf_stubs.o ABSOLUTE
    _printf_sizespec                         0x00000000   Number         0  printf_stubs.o ABSOLUTE
    _printf_widthprec                        0x00000000   Number         0  printf_stubs.o ABSOLUTE
    __ARM_exceptions_init                     - Undefined Weak Reference
    __alloca_initialize                       - Undefined Weak Reference
    __arm_preinit_                            - Undefined Weak Reference
    __cpp_initialize__aeabi_                  - Undefined Weak Reference
    __cxa_finalize                            - Undefined Weak Reference
    __rt_locale                               - Undefined Weak Reference
    __sigvec_lookup                           - Undefined Weak Reference
    _atexit_init                              - Undefined Weak Reference
    _call_atexit_fns                          - Undefined Weak Reference
    _clock_init                               - Undefined Weak Reference
    _fp_trap_init                             - Undefined Weak Reference
    _fp_trap_shutdown                         - Undefined Weak Reference
    _get_lc_collate                           - Undefined Weak Reference
    _get_lc_ctype                             - Undefined Weak Reference
    _get_lc_monetary                          - Undefined Weak Reference
    _get_lc_numeric                           - Undefined Weak Reference
    _get_lc_time                              - Undefined Weak Reference
    _getenv_init                              - Undefined Weak Reference
    _handle_redirection                       - Undefined Weak Reference
    _init_alloc                               - Undefined Weak Reference
    _init_user_alloc                          - Undefined Weak Reference
    _initio                                   - Undefined Weak Reference
    _mutex_acquire                            - Undefined Weak Reference
    _mutex_release                            - Undefined Weak Reference
    _printf_mbtowc                            - Undefined Weak Reference
    _printf_truncate_signed                   - Undefined Weak Reference
    _printf_truncate_unsigned                 - Undefined Weak Reference
    _rand_init                                - Undefined Weak Reference
    _signal_finish                            - Undefined Weak Reference
    _signal_init                              - Undefined Weak Reference
    _terminate_alloc                          - Undefined Weak Reference
    _terminate_user_alloc                     - Undefined Weak Reference
    _terminateio                              - Undefined Weak Reference
    __Vectors_Size                           0x00000188   Number         0  startup_stm32f40_41xxx.o ABSOLUTE
    __Vectors                                0x08000000   Data           4  startup_stm32f40_41xxx.o(RESET)
    __Vectors_End                            0x08000188   Data           0  startup_stm32f40_41xxx.o(RESET)
    __main                                   0x08000189   Thumb Code     8  __main.o(!!!main)
    __scatterload                            0x08000191   Thumb Code     0  __scatter.o(!!!scatter)
    __scatterload_rt2                        0x08000191   Thumb Code    44  __scatter.o(!!!scatter)
    __scatterload_rt2_thumb_only             0x08000191   Thumb Code     0  __scatter.o(!!!scatter)
    __scatterload_null                       0x0800019f   Thumb Code     0  __scatter.o(!!!scatter)
    __decompress                             0x080001c5   Thumb Code    90  __dczerorl2.o(!!dczerorl2)
    __decompress1                            0x080001c5   Thumb Code     0  __dczerorl2.o(!!dczerorl2)
    __scatterload_zeroinit                   0x08000221   Thumb Code    28  __scatter_zi.o(!!handler_zi)
    _printf_d                                0x0800023d   Thumb Code     0  _printf_d.o(.ARM.Collect$$_printf_percent$$00000009)
    _printf_percent                          0x0800023d   Thumb Code     0  _printf_percent.o(.ARM.Collect$$_printf_percent$$00000000)
    _printf_u                                0x08000243   Thumb Code     0  _printf_u.o(.ARM.Collect$$_printf_percent$$0000000A)
    _printf_x                                0x08000249   Thumb Code     0  _printf_x.o(.ARM.Collect$$_printf_percent$$0000000C)
    _printf_c                                0x0800024f   Thumb Code     0  _printf_c.o(.ARM.Collect$$_printf_percent$$00000013)
    _printf_s                                0x08000255   Thumb Code     0  _printf_s.o(.ARM.Collect$$_printf_percent$$00000014)
    _printf_percent_end                      0x0800025b   Thumb Code     0  _printf_percent_end.o(.ARM.Collect$$_printf_percent$$00000017)
    __rt_lib_init                            0x0800025f   Thumb Code     0  libinit.o(.ARM.Collect$$libinit$$00000000)
    __rt_lib_init_fp_1                       0x08000261   Thumb Code     0  libinit2.o(.ARM.Collect$$libinit$$00000001)
    __rt_lib_init_alloca_1                   0x08000265   Thumb Code     0  libinit2.o(.ARM.Collect$$libinit$$0000002E)
    __rt_lib_init_argv_1                     0x08000265   Thumb Code     0  libinit2.o(.ARM.Collect$$libinit$$0000002C)
    __rt_lib_init_atexit_1                   0x08000265   Thumb Code     0  libinit2.o(.ARM.Collect$$libinit$$0000001B)
    __rt_lib_init_clock_1                    0x08000265   Thumb Code     0  libinit2.o(.ARM.Collect$$libinit$$00000021)
    __rt_lib_init_cpp_1                      0x08000265   Thumb Code     0  libinit2.o(.ARM.Collect$$libinit$$00000032)
    __rt_lib_init_exceptions_1               0x08000265   Thumb Code     0  libinit2.o(.ARM.Collect$$libinit$$00000030)
    __rt_lib_init_fp_trap_1                  0x08000265   Thumb Code     0  libinit2.o(.ARM.Collect$$libinit$$0000001F)
    __rt_lib_init_getenv_1                   0x08000265   Thumb Code     0  libinit2.o(.ARM.Collect$$libinit$$00000023)
    __rt_lib_init_heap_1                     0x08000265   Thumb Code     0  libinit2.o(.ARM.Collect$$libinit$$0000000A)
    __rt_lib_init_lc_collate_1               0x08000265   Thumb Code     0  libinit2.o(.ARM.Collect$$libinit$$00000011)
    __rt_lib_init_lc_ctype_1                 0x08000265   Thumb Code     0  libinit2.o(.ARM.Collect$$libinit$$00000013)
    __rt_lib_init_lc_monetary_1              0x08000265   Thumb Code     0  libinit2.o(.ARM.Collect$$libinit$$00000015)
    __rt_lib_init_lc_numeric_1               0x08000265   Thumb Code     0  libinit2.o(.ARM.Collect$$libinit$$00000017)
    __rt_lib_init_lc_time_1                  0x08000265   Thumb Code     0  libinit2.o(.ARM.Collect$$libinit$$00000019)
    __rt_lib_init_preinit_1                  0x08000265   Thumb Code     0  libinit2.o(.ARM.Collect$$libinit$$00000004)
    __rt_lib_init_rand_1                     0x08000265   Thumb Code     0  libinit2.o(.ARM.Collect$$libinit$$0000000E)
    __rt_lib_init_return                     0x08000265   Thumb Code     0  libinit2.o(.ARM.Collect$$libinit$$00000033)
    __rt_lib_init_signal_1                   0x08000265   Thumb Code     0  libinit2.o(.ARM.Collect$$libinit$$0000001D)
    __rt_lib_init_stdio_1                    0x08000265   Thumb Code     0  libinit2.o(.ARM.Collect$$libinit$$00000025)
    __rt_lib_init_user_alloc_1               0x08000265   Thumb Code     0  libinit2.o(.ARM.Collect$$libinit$$0000000C)
    __rt_lib_shutdown                        0x08000267   Thumb Code     0  libshutdown.o(.ARM.Collect$$libshutdown$$00000000)
    __rt_lib_shutdown_cpp_1                  0x08000269   Thumb Code     0  libshutdown2.o(.ARM.Collect$$libshutdown$$00000002)
    __rt_lib_shutdown_fp_trap_1              0x08000269   Thumb Code     0  libshutdown2.o(.ARM.Collect$$libshutdown$$00000007)
    __rt_lib_shutdown_heap_1                 0x08000269   Thumb Code     0  libshutdown2.o(.ARM.Collect$$libshutdown$$0000000F)
    __rt_lib_shutdown_return                 0x08000269   Thumb Code     0  libshutdown2.o(.ARM.Collect$$libshutdown$$00000010)
    __rt_lib_shutdown_signal_1               0x08000269   Thumb Code     0  libshutdown2.o(.ARM.Collect$$libshutdown$$0000000A)
    __rt_lib_shutdown_stdio_1                0x08000269   Thumb Code     0  libshutdown2.o(.ARM.Collect$$libshutdown$$00000004)
    __rt_lib_shutdown_user_alloc_1           0x08000269   Thumb Code     0  libshutdown2.o(.ARM.Collect$$libshutdown$$0000000C)
    __rt_entry                               0x0800026b   Thumb Code     0  __rtentry.o(.ARM.Collect$$rtentry$$00000000)
    __rt_entry_presh_1                       0x0800026b   Thumb Code     0  __rtentry2.o(.ARM.Collect$$rtentry$$00000002)
    __rt_entry_sh                            0x0800026b   Thumb Code     0  __rtentry4.o(.ARM.Collect$$rtentry$$00000004)
    __rt_entry_li                            0x08000271   Thumb Code     0  __rtentry2.o(.ARM.Collect$$rtentry$$0000000A)
    __rt_entry_postsh_1                      0x08000271   Thumb Code     0  __rtentry2.o(.ARM.Collect$$rtentry$$00000009)
    __rt_entry_main                          0x08000275   Thumb Code     0  __rtentry2.o(.ARM.Collect$$rtentry$$0000000D)
    __rt_entry_postli_1                      0x08000275   Thumb Code     0  __rtentry2.o(.ARM.Collect$$rtentry$$0000000C)
    __rt_exit                                0x0800027d   Thumb Code     0  rtexit.o(.ARM.Collect$$rtexit$$00000000)
    __rt_exit_ls                             0x0800027f   Thumb Code     0  rtexit2.o(.ARM.Collect$$rtexit$$00000003)
    __rt_exit_prels_1                        0x0800027f   Thumb Code     0  rtexit2.o(.ARM.Collect$$rtexit$$00000002)
    __rt_exit_exit                           0x08000283   Thumb Code     0  rtexit2.o(.ARM.Collect$$rtexit$$00000004)
    ToGrey                                   0x08000289   Thumb Code    44  main.o(.text)
    jpeg_data_process                        0x080002b5   Thumb Code    96  main.o(.text)
    jpeg_test                                0x08000315   Thumb Code   586  main.o(.text)
    rgb565_test                              0x0800055f   Thumb Code  1026  main.o(.text)
    main                                     0x08000961   Thumb Code   290  main.o(.text)
    NMI_Handler                              0x08000add   Thumb Code     2  stm32f4xx_it.o(.text)
    HardFault_Handler                        0x08000adf   Thumb Code     4  stm32f4xx_it.o(.text)
    MemManage_Handler                        0x08000ae3   Thumb Code     4  stm32f4xx_it.o(.text)
    BusFault_Handler                         0x08000ae7   Thumb Code     4  stm32f4xx_it.o(.text)
    UsageFault_Handler                       0x08000aeb   Thumb Code     4  stm32f4xx_it.o(.text)
    SVC_Handler                              0x08000aef   Thumb Code     2  stm32f4xx_it.o(.text)
    DebugMon_Handler                         0x08000af1   Thumb Code     2  stm32f4xx_it.o(.text)
    PendSV_Handler                           0x08000af3   Thumb Code     2  stm32f4xx_it.o(.text)
    SysTick_Handler                          0x08000af5   Thumb Code     2  stm32f4xx_it.o(.text)
    SystemInit                               0x08000bd5   Thumb Code    88  system_stm32f4xx.o(.text)
    SystemCoreClockUpdate                    0x08000c2d   Thumb Code   174  system_stm32f4xx.o(.text)
    LED_Init                                 0x08000d09   Thumb Code    60  led.o(.text)
    LCD_WR_REG                               0x08000d49   Thumb Code    18  lcd.o(.text)
    LCD_WR_DATA                              0x08000d5b   Thumb Code    20  lcd.o(.text)
    LCD_RD_DATA                              0x08000d6f   Thumb Code    16  lcd.o(.text)
    LCD_WriteReg                             0x08000d7f   Thumb Code    14  lcd.o(.text)
    LCD_ReadReg                              0x08000d8d   Thumb Code    22  lcd.o(.text)
    LCD_WriteRAM_Prepare                     0x08000da3   Thumb Code    10  lcd.o(.text)
    LCD_WriteRAM                             0x08000dad   Thumb Code     8  lcd.o(.text)
    LCD_BGR2RGB                              0x08000db5   Thumb Code    26  lcd.o(.text)
    opt_delay                                0x08000dcf   Thumb Code    14  lcd.o(.text)
    LCD_SetCursor                            0x08000ddd   Thumb Code   418  lcd.o(.text)
    LCD_ReadPoint                            0x08000f7f   Thumb Code   360  lcd.o(.text)
    LCD_DisplayOn                            0x080010e7   Thumb Code   102  lcd.o(.text)
    LCD_DisplayOff                           0x0800114d   Thumb Code    90  lcd.o(.text)
    LCD_Scan_Dir                             0x080011a7   Thumb Code   744  lcd.o(.text)
    LCD_DrawPoint                            0x0800148f   Thumb Code    28  lcd.o(.text)
    LCD_Fast_DrawPoint                       0x080014ab   Thumb Code   388  lcd.o(.text)
    LCD_SSD_BackLightSet                     0x0800162f   Thumb Code    88  lcd.o(.text)
    LCD_Display_Dir                          0x08001687   Thumb Code   444  lcd.o(.text)
    LCD_Set_Window                           0x08001843   Thumb Code   546  lcd.o(.text)
    LCD_Clear                                0x08001a65   Thumb Code   100  lcd.o(.text)
    LCD_Init                                 0x08001ac9   Thumb Code 14696  lcd.o(.text)
    LCD_Fill                                 0x08005431   Thumb Code   180  lcd.o(.text)
    LCD_Color_Fill                           0x080054e5   Thumb Code   100  lcd.o(.text)
    LCD_DrawLine                             0x08005549   Thumb Code   176  lcd.o(.text)
    LCD_DrawRectangle                        0x080055f9   Thumb Code    60  lcd.o(.text)
    LCD_Draw_Circle                          0x08005635   Thumb Code   152  lcd.o(.text)
    LCD_ShowChar                             0x080056cd   Thumb Code   272  lcd.o(.text)
    LCD_Pow                                  0x080057dd   Thumb Code    22  lcd.o(.text)
    LCD_ShowNum                              0x080057f3   Thumb Code   148  lcd.o(.text)
    LCD_ShowxNum                             0x08005887   Thumb Code   220  lcd.o(.text)
    LCD_ShowString                           0x08005963   Thumb Code   102  lcd.o(.text)
    KEY_Init                                 0x080059c9   Thumb Code    42  key.o(.text)
    KEY_Scan                                 0x080059f3   Thumb Code   280  key.o(.text)
    DCMI_IRQHandler                          0x08005b21   Thumb Code    50  dcmi.o(.text)
    DCMI_DMA_Init                            0x08005b53   Thumb Code   102  dcmi.o(.text)
    My_DCMI_Init                             0x08005bb9   Thumb Code   280  dcmi.o(.text)
    DCMI_Start                               0x08005cd1   Thumb Code    30  dcmi.o(.text)
    DCMI_Stop                                0x08005cef   Thumb Code    34  dcmi.o(.text)
    DCMI_Set_Window                          0x08005d11   Thumb Code    74  dcmi.o(.text)
    DCMI_CR_Set                              0x08005d5b   Thumb Code    58  dcmi.o(.text)
    OV2640_Init                              0x08005db9   Thumb Code   232  ov2640.o(.text)
    OV2640_JPEG_Mode                         0x08005ea1   Thumb Code    66  ov2640.o(.text)
    OV2640_RGB565_Mode                       0x08005ee3   Thumb Code    36  ov2640.o(.text)
    OV2640_Auto_Exposure                     0x08005f07   Thumb Code    40  ov2640.o(.text)
    OV2640_Light_Mode                        0x08005f2f   Thumb Code   118  ov2640.o(.text)
    OV2640_Color_Saturation                  0x08005fa5   Thumb Code    64  ov2640.o(.text)
    OV2640_Brightness                        0x08005fe5   Thumb Code    56  ov2640.o(.text)
    OV2640_Contrast                          0x0800601d   Thumb Code   116  ov2640.o(.text)
    OV2640_Special_Effects                   0x08006091   Thumb Code   122  ov2640.o(.text)
    OV2640_Color_Bar                         0x0800610b   Thumb Code    40  ov2640.o(.text)
    OV2640_Window_Set                        0x08006133   Thumb Code   214  ov2640.o(.text)
    OV2640_OutSize_Set                       0x08006209   Thumb Code   136  ov2640.o(.text)
    OV2640_ImageWin_Set                      0x08006291   Thumb Code   188  ov2640.o(.text)
    OV2640_ImageSize_Set                     0x0800634d   Thumb Code    80  ov2640.o(.text)
    SCCB_Init                                0x0800639d   Thumb Code    78  sccb.o(.text)
    SCCB_Start                               0x080063eb   Thumb Code    42  sccb.o(.text)
    SCCB_Stop                                0x08006415   Thumb Code    42  sccb.o(.text)
    SCCB_No_Ack                              0x0800643f   Thumb Code    56  sccb.o(.text)
    SCCB_WR_Byte                             0x08006477   Thumb Code   154  sccb.o(.text)
    SCCB_RD_Byte                             0x08006511   Thumb Code   104  sccb.o(.text)
    SCCB_WR_Reg                              0x08006579   Thumb Code    62  sccb.o(.text)
    SCCB_RD_Reg                              0x080065b7   Thumb Code    78  sccb.o(.text)
    usart2_init                              0x08006611   Thumb Code   124  usart2.o(.text)
    TIM3_Int_Init                            0x08006695   Thumb Code    88  timer.o(.text)
    TIM3_IRQHandler                          0x080066ed   Thumb Code   126  timer.o(.text)
    TIM2_PWM_Init                            0x0800676b   Thumb Code   184  timer.o(.text)
    pid_X                                    0x08006855   Thumb Code   260  control.o(.text)
    pid_Y                                    0x08006959   Thumb Code   260  control.o(.text)
    program_main                             0x08006a5d   Thumb Code   364  control.o(.text)
    motorRun                                 0x08006bc9   Thumb Code   380  control.o(.text)
    delay_init                               0x08006d55   Thumb Code    52  delay.o(.text)
    delay_us                                 0x08006d89   Thumb Code    72  delay.o(.text)
    delay_xms                                0x08006dd1   Thumb Code    72  delay.o(.text)
    delay_ms                                 0x08006e19   Thumb Code    56  delay.o(.text)
    _sys_exit                                0x08006e59   Thumb Code     6  usart.o(.text)
    fputc                                    0x08006e5f   Thumb Code    22  usart.o(.text)
    uart_init                                0x08006e75   Thumb Code   164  usart.o(.text)
    USART1_IRQHandler                        0x08006f19   Thumb Code   160  usart.o(.text)
    Reset_Handler                            0x08006fdd   Thumb Code     8  startup_stm32f40_41xxx.o(.text)
    ADC_IRQHandler                           0x08006ff7   Thumb Code     0  startup_stm32f40_41xxx.o(.text)
    CAN1_RX0_IRQHandler                      0x08006ff7   Thumb Code     0  startup_stm32f40_41xxx.o(.text)
    CAN1_RX1_IRQHandler                      0x08006ff7   Thumb Code     0  startup_stm32f40_41xxx.o(.text)
    CAN1_SCE_IRQHandler                      0x08006ff7   Thumb Code     0  startup_stm32f40_41xxx.o(.text)
    CAN1_TX_IRQHandler                       0x08006ff7   Thumb Code     0  startup_stm32f40_41xxx.o(.text)
    CAN2_RX0_IRQHandler                      0x08006ff7   Thumb Code     0  startup_stm32f40_41xxx.o(.text)
    CAN2_RX1_IRQHandler                      0x08006ff7   Thumb Code     0  startup_stm32f40_41xxx.o(.text)
    CAN2_SCE_IRQHandler                      0x08006ff7   Thumb Code     0  startup_stm32f40_41xxx.o(.text)
    CAN2_TX_IRQHandler                       0x08006ff7   Thumb Code     0  startup_stm32f40_41xxx.o(.text)
    CRYP_IRQHandler                          0x08006ff7   Thumb Code     0  startup_stm32f40_41xxx.o(.text)
    DMA1_Stream0_IRQHandler                  0x08006ff7   Thumb Code     0  startup_stm32f40_41xxx.o(.text)
    DMA1_Stream1_IRQHandler                  0x08006ff7   Thumb Code     0  startup_stm32f40_41xxx.o(.text)
    DMA1_Stream2_IRQHandler                  0x08006ff7   Thumb Code     0  startup_stm32f40_41xxx.o(.text)
    DMA1_Stream3_IRQHandler                  0x08006ff7   Thumb Code     0  startup_stm32f40_41xxx.o(.text)
    DMA1_Stream4_IRQHandler                  0x08006ff7   Thumb Code     0  startup_stm32f40_41xxx.o(.text)
    DMA1_Stream5_IRQHandler                  0x08006ff7   Thumb Code     0  startup_stm32f40_41xxx.o(.text)
    DMA1_Stream6_IRQHandler                  0x08006ff7   Thumb Code     0  startup_stm32f40_41xxx.o(.text)
    DMA1_Stream7_IRQHandler                  0x08006ff7   Thumb Code     0  startup_stm32f40_41xxx.o(.text)
    DMA2_Stream0_IRQHandler                  0x08006ff7   Thumb Code     0  startup_stm32f40_41xxx.o(.text)
    DMA2_Stream1_IRQHandler                  0x08006ff7   Thumb Code     0  startup_stm32f40_41xxx.o(.text)
    DMA2_Stream2_IRQHandler                  0x08006ff7   Thumb Code     0  startup_stm32f40_41xxx.o(.text)
    DMA2_Stream3_IRQHandler                  0x08006ff7   Thumb Code     0  startup_stm32f40_41xxx.o(.text)
    DMA2_Stream4_IRQHandler                  0x08006ff7   Thumb Code     0  startup_stm32f40_41xxx.o(.text)
    DMA2_Stream5_IRQHandler                  0x08006ff7   Thumb Code     0  startup_stm32f40_41xxx.o(.text)
    DMA2_Stream6_IRQHandler                  0x08006ff7   Thumb Code     0  startup_stm32f40_41xxx.o(.text)
    DMA2_Stream7_IRQHandler                  0x08006ff7   Thumb Code     0  startup_stm32f40_41xxx.o(.text)
    ETH_IRQHandler                           0x08006ff7   Thumb Code     0  startup_stm32f40_41xxx.o(.text)
    ETH_WKUP_IRQHandler                      0x08006ff7   Thumb Code     0  startup_stm32f40_41xxx.o(.text)
    EXTI0_IRQHandler                         0x08006ff7   Thumb Code     0  startup_stm32f40_41xxx.o(.text)
    EXTI15_10_IRQHandler                     0x08006ff7   Thumb Code     0  startup_stm32f40_41xxx.o(.text)
    EXTI1_IRQHandler                         0x08006ff7   Thumb Code     0  startup_stm32f40_41xxx.o(.text)
    EXTI2_IRQHandler                         0x08006ff7   Thumb Code     0  startup_stm32f40_41xxx.o(.text)
    EXTI3_IRQHandler                         0x08006ff7   Thumb Code     0  startup_stm32f40_41xxx.o(.text)
    EXTI4_IRQHandler                         0x08006ff7   Thumb Code     0  startup_stm32f40_41xxx.o(.text)
    EXTI9_5_IRQHandler                       0x08006ff7   Thumb Code     0  startup_stm32f40_41xxx.o(.text)
    FLASH_IRQHandler                         0x08006ff7   Thumb Code     0  startup_stm32f40_41xxx.o(.text)
    FPU_IRQHandler                           0x08006ff7   Thumb Code     0  startup_stm32f40_41xxx.o(.text)
    FSMC_IRQHandler                          0x08006ff7   Thumb Code     0  startup_stm32f40_41xxx.o(.text)
    HASH_RNG_IRQHandler                      0x08006ff7   Thumb Code     0  startup_stm32f40_41xxx.o(.text)
    I2C1_ER_IRQHandler                       0x08006ff7   Thumb Code     0  startup_stm32f40_41xxx.o(.text)
    I2C1_EV_IRQHandler                       0x08006ff7   Thumb Code     0  startup_stm32f40_41xxx.o(.text)
    I2C2_ER_IRQHandler                       0x08006ff7   Thumb Code     0  startup_stm32f40_41xxx.o(.text)
    I2C2_EV_IRQHandler                       0x08006ff7   Thumb Code     0  startup_stm32f40_41xxx.o(.text)
    I2C3_ER_IRQHandler                       0x08006ff7   Thumb Code     0  startup_stm32f40_41xxx.o(.text)
    I2C3_EV_IRQHandler                       0x08006ff7   Thumb Code     0  startup_stm32f40_41xxx.o(.text)
    OTG_FS_IRQHandler                        0x08006ff7   Thumb Code     0  startup_stm32f40_41xxx.o(.text)
    OTG_FS_WKUP_IRQHandler                   0x08006ff7   Thumb Code     0  startup_stm32f40_41xxx.o(.text)
    OTG_HS_EP1_IN_IRQHandler                 0x08006ff7   Thumb Code     0  startup_stm32f40_41xxx.o(.text)
    OTG_HS_EP1_OUT_IRQHandler                0x08006ff7   Thumb Code     0  startup_stm32f40_41xxx.o(.text)
    OTG_HS_IRQHandler                        0x08006ff7   Thumb Code     0  startup_stm32f40_41xxx.o(.text)
    OTG_HS_WKUP_IRQHandler                   0x08006ff7   Thumb Code     0  startup_stm32f40_41xxx.o(.text)
    PVD_IRQHandler                           0x08006ff7   Thumb Code     0  startup_stm32f40_41xxx.o(.text)
    RCC_IRQHandler                           0x08006ff7   Thumb Code     0  startup_stm32f40_41xxx.o(.text)
    RTC_Alarm_IRQHandler                     0x08006ff7   Thumb Code     0  startup_stm32f40_41xxx.o(.text)
    RTC_WKUP_IRQHandler                      0x08006ff7   Thumb Code     0  startup_stm32f40_41xxx.o(.text)
    SDIO_IRQHandler                          0x08006ff7   Thumb Code     0  startup_stm32f40_41xxx.o(.text)
    SPI1_IRQHandler                          0x08006ff7   Thumb Code     0  startup_stm32f40_41xxx.o(.text)
    SPI2_IRQHandler                          0x08006ff7   Thumb Code     0  startup_stm32f40_41xxx.o(.text)
    SPI3_IRQHandler                          0x08006ff7   Thumb Code     0  startup_stm32f40_41xxx.o(.text)
    TAMP_STAMP_IRQHandler                    0x08006ff7   Thumb Code     0  startup_stm32f40_41xxx.o(.text)
    TIM1_BRK_TIM9_IRQHandler                 0x08006ff7   Thumb Code     0  startup_stm32f40_41xxx.o(.text)
    TIM1_CC_IRQHandler                       0x08006ff7   Thumb Code     0  startup_stm32f40_41xxx.o(.text)
    TIM1_TRG_COM_TIM11_IRQHandler            0x08006ff7   Thumb Code     0  startup_stm32f40_41xxx.o(.text)
    TIM1_UP_TIM10_IRQHandler                 0x08006ff7   Thumb Code     0  startup_stm32f40_41xxx.o(.text)
    TIM2_IRQHandler                          0x08006ff7   Thumb Code     0  startup_stm32f40_41xxx.o(.text)
    TIM5_IRQHandler                          0x08006ff7   Thumb Code     0  startup_stm32f40_41xxx.o(.text)
    TIM6_DAC_IRQHandler                      0x08006ff7   Thumb Code     0  startup_stm32f40_41xxx.o(.text)
    TIM7_IRQHandler                          0x08006ff7   Thumb Code     0  startup_stm32f40_41xxx.o(.text)
    TIM8_BRK_TIM12_IRQHandler                0x08006ff7   Thumb Code     0  startup_stm32f40_41xxx.o(.text)
    TIM8_CC_IRQHandler                       0x08006ff7   Thumb Code     0  startup_stm32f40_41xxx.o(.text)
    TIM8_TRG_COM_TIM14_IRQHandler            0x08006ff7   Thumb Code     0  startup_stm32f40_41xxx.o(.text)
    TIM8_UP_TIM13_IRQHandler                 0x08006ff7   Thumb Code     0  startup_stm32f40_41xxx.o(.text)
    UART4_IRQHandler                         0x08006ff7   Thumb Code     0  startup_stm32f40_41xxx.o(.text)
    UART5_IRQHandler                         0x08006ff7   Thumb Code     0  startup_stm32f40_41xxx.o(.text)
    USART2_IRQHandler                        0x08006ff7   Thumb Code     0  startup_stm32f40_41xxx.o(.text)
    USART3_IRQHandler                        0x08006ff7   Thumb Code     0  startup_stm32f40_41xxx.o(.text)
    USART6_IRQHandler                        0x08006ff7   Thumb Code     0  startup_stm32f40_41xxx.o(.text)
    WWDG_IRQHandler                          0x08006ff7   Thumb Code     0  startup_stm32f40_41xxx.o(.text)
    __user_initial_stackheap                 0x08006ff9   Thumb Code     0  startup_stm32f40_41xxx.o(.text)
    NVIC_PriorityGroupConfig                 0x0800701d   Thumb Code    10  misc.o(.text)
    NVIC_Init                                0x08007027   Thumb Code   106  misc.o(.text)
    NVIC_SetVectorTable                      0x08007091   Thumb Code    14  misc.o(.text)
    NVIC_SystemLPConfig                      0x0800709f   Thumb Code    34  misc.o(.text)
    SysTick_CLKSourceConfig                  0x080070c1   Thumb Code    40  misc.o(.text)
    DCMI_DeInit                              0x080070fd   Thumb Code    24  stm32f4xx_dcmi.o(.text)
    DCMI_Init                                0x08007115   Thumb Code    60  stm32f4xx_dcmi.o(.text)
    DCMI_StructInit                          0x08007151   Thumb Code    18  stm32f4xx_dcmi.o(.text)
    DCMI_CROPConfig                          0x08007163   Thumb Code    26  stm32f4xx_dcmi.o(.text)
    DCMI_CROPCmd                             0x0800717d   Thumb Code    30  stm32f4xx_dcmi.o(.text)
    DCMI_SetEmbeddedSynchroCodes             0x0800719b   Thumb Code    26  stm32f4xx_dcmi.o(.text)
    DCMI_JPEGCmd                             0x080071b5   Thumb Code    30  stm32f4xx_dcmi.o(.text)
    DCMI_Cmd                                 0x080071d3   Thumb Code    30  stm32f4xx_dcmi.o(.text)
    DCMI_CaptureCmd                          0x080071f1   Thumb Code    30  stm32f4xx_dcmi.o(.text)
    DCMI_ReadData                            0x0800720f   Thumb Code     6  stm32f4xx_dcmi.o(.text)
    DCMI_ITConfig                            0x08007215   Thumb Code    30  stm32f4xx_dcmi.o(.text)
    DCMI_GetFlagStatus                       0x08007233   Thumb Code    46  stm32f4xx_dcmi.o(.text)
    DCMI_ClearFlag                           0x08007261   Thumb Code     6  stm32f4xx_dcmi.o(.text)
    DCMI_GetITStatus                         0x08007267   Thumb Code    24  stm32f4xx_dcmi.o(.text)
    DCMI_ClearITPendingBit                   0x0800727f   Thumb Code     6  stm32f4xx_dcmi.o(.text)
    GPIO_DeInit                              0x08007289   Thumb Code   268  stm32f4xx_gpio.o(.text)
    GPIO_Init                                0x08007395   Thumb Code   144  stm32f4xx_gpio.o(.text)
    GPIO_StructInit                          0x08007425   Thumb Code    18  stm32f4xx_gpio.o(.text)
    GPIO_PinLockConfig                       0x08007437   Thumb Code    34  stm32f4xx_gpio.o(.text)
    GPIO_ReadInputDataBit                    0x08007459   Thumb Code    18  stm32f4xx_gpio.o(.text)
    GPIO_ReadInputData                       0x0800746b   Thumb Code     8  stm32f4xx_gpio.o(.text)
    GPIO_ReadOutputDataBit                   0x08007473   Thumb Code    18  stm32f4xx_gpio.o(.text)
    GPIO_ReadOutputData                      0x08007485   Thumb Code     8  stm32f4xx_gpio.o(.text)
    GPIO_SetBits                             0x0800748d   Thumb Code     4  stm32f4xx_gpio.o(.text)
    GPIO_ResetBits                           0x08007491   Thumb Code     4  stm32f4xx_gpio.o(.text)
    GPIO_WriteBit                            0x08007495   Thumb Code    10  stm32f4xx_gpio.o(.text)
    GPIO_Write                               0x0800749f   Thumb Code     4  stm32f4xx_gpio.o(.text)
    GPIO_ToggleBits                          0x080074a3   Thumb Code     8  stm32f4xx_gpio.o(.text)
    GPIO_PinAFConfig                         0x080074ab   Thumb Code    70  stm32f4xx_gpio.o(.text)
    FSMC_NORSRAMDeInit                       0x0800751d   Thumb Code    54  stm32f4xx_fsmc.o(.text)
    FSMC_NORSRAMInit                         0x08007553   Thumb Code   230  stm32f4xx_fsmc.o(.text)
    FSMC_NORSRAMStructInit                   0x08007639   Thumb Code    48  stm32f4xx_fsmc.o(.text)
    FSMC_NORSRAMCmd                          0x08007669   Thumb Code    46  stm32f4xx_fsmc.o(.text)
    FSMC_NANDDeInit                          0x08007697   Thumb Code    62  stm32f4xx_fsmc.o(.text)
    FSMC_NANDInit                            0x080076d5   Thumb Code   132  stm32f4xx_fsmc.o(.text)
    FSMC_NANDStructInit                      0x08007759   Thumb Code    54  stm32f4xx_fsmc.o(.text)
    FSMC_NANDCmd                             0x0800778f   Thumb Code    86  stm32f4xx_fsmc.o(.text)
    FSMC_NANDECCCmd                          0x080077e5   Thumb Code    86  stm32f4xx_fsmc.o(.text)
    FSMC_GetECC                              0x0800783b   Thumb Code    24  stm32f4xx_fsmc.o(.text)
    FSMC_PCCARDDeInit                        0x08007853   Thumb Code    36  stm32f4xx_fsmc.o(.text)
    FSMC_PCCARDInit                          0x08007877   Thumb Code   130  stm32f4xx_fsmc.o(.text)
    FSMC_PCCARDStructInit                    0x080078f9   Thumb Code    60  stm32f4xx_fsmc.o(.text)
    FSMC_PCCARDCmd                           0x08007935   Thumb Code    44  stm32f4xx_fsmc.o(.text)
    FSMC_ITConfig                            0x08007961   Thumb Code   128  stm32f4xx_fsmc.o(.text)
    FSMC_GetFlagStatus                       0x080079e1   Thumb Code    54  stm32f4xx_fsmc.o(.text)
    FSMC_ClearFlag                           0x08007a17   Thumb Code    74  stm32f4xx_fsmc.o(.text)
    FSMC_GetITStatus                         0x08007a61   Thumb Code    62  stm32f4xx_fsmc.o(.text)
    FSMC_ClearITPendingBit                   0x08007a9f   Thumb Code    66  stm32f4xx_fsmc.o(.text)
    DMA_DeInit                               0x08007ae5   Thumb Code   324  stm32f4xx_dma.o(.text)
    DMA_Init                                 0x08007c29   Thumb Code    82  stm32f4xx_dma.o(.text)
    DMA_StructInit                           0x08007c7b   Thumb Code    34  stm32f4xx_dma.o(.text)
    DMA_Cmd                                  0x08007c9d   Thumb Code    22  stm32f4xx_dma.o(.text)
    DMA_PeriphIncOffsetSizeConfig            0x08007cb3   Thumb Code    22  stm32f4xx_dma.o(.text)
    DMA_FlowControllerConfig                 0x08007cc9   Thumb Code    22  stm32f4xx_dma.o(.text)
    DMA_SetCurrDataCounter                   0x08007cdf   Thumb Code     4  stm32f4xx_dma.o(.text)
    DMA_GetCurrDataCounter                   0x08007ce3   Thumb Code     8  stm32f4xx_dma.o(.text)
    DMA_DoubleBufferModeConfig               0x08007ceb   Thumb Code    24  stm32f4xx_dma.o(.text)
    DMA_DoubleBufferModeCmd                  0x08007d03   Thumb Code    22  stm32f4xx_dma.o(.text)
    DMA_MemoryTargetConfig                   0x08007d19   Thumb Code    10  stm32f4xx_dma.o(.text)
    DMA_GetCurrentMemoryTarget               0x08007d23   Thumb Code    20  stm32f4xx_dma.o(.text)
    DMA_GetCmdStatus                         0x08007d37   Thumb Code    20  stm32f4xx_dma.o(.text)
    DMA_GetFIFOStatus                        0x08007d4b   Thumb Code    12  stm32f4xx_dma.o(.text)
    DMA_GetFlagStatus                        0x08007d57   Thumb Code    56  stm32f4xx_dma.o(.text)
    DMA_ClearFlag                            0x08007d8f   Thumb Code    40  stm32f4xx_dma.o(.text)
    DMA_ITConfig                             0x08007db7   Thumb Code    58  stm32f4xx_dma.o(.text)
    DMA_GetITStatus                          0x08007df1   Thumb Code    84  stm32f4xx_dma.o(.text)
    DMA_ClearITPendingBit                    0x08007e45   Thumb Code    40  stm32f4xx_dma.o(.text)
    RCC_DeInit                               0x08007e8d   Thumb Code    82  stm32f4xx_rcc.o(.text)
    RCC_HSEConfig                            0x08007edf   Thumb Code    14  stm32f4xx_rcc.o(.text)
    RCC_GetFlagStatus                        0x08007eed   Thumb Code    60  stm32f4xx_rcc.o(.text)
    RCC_WaitForHSEStartUp                    0x08007f29   Thumb Code    56  stm32f4xx_rcc.o(.text)
    RCC_AdjustHSICalibrationValue            0x08007f61   Thumb Code    20  stm32f4xx_rcc.o(.text)
    RCC_HSICmd                               0x08007f75   Thumb Code     6  stm32f4xx_rcc.o(.text)
    RCC_LSEConfig                            0x08007f7b   Thumb Code    46  stm32f4xx_rcc.o(.text)
    RCC_LSICmd                               0x08007fa9   Thumb Code     6  stm32f4xx_rcc.o(.text)
    RCC_PLLConfig                            0x08007faf   Thumb Code    32  stm32f4xx_rcc.o(.text)
    RCC_PLLCmd                               0x08007fcf   Thumb Code     6  stm32f4xx_rcc.o(.text)
    RCC_PLLI2SConfig                         0x08007fd5   Thumb Code    14  stm32f4xx_rcc.o(.text)
    RCC_PLLI2SCmd                            0x08007fe3   Thumb Code     6  stm32f4xx_rcc.o(.text)
    RCC_PLLSAIConfig                         0x08007fe9   Thumb Code    20  stm32f4xx_rcc.o(.text)
    RCC_PLLSAICmd                            0x08007ffd   Thumb Code     6  stm32f4xx_rcc.o(.text)
    RCC_ClockSecuritySystemCmd               0x08008003   Thumb Code     6  stm32f4xx_rcc.o(.text)
    RCC_MCO1Config                           0x08008009   Thumb Code    28  stm32f4xx_rcc.o(.text)
    RCC_MCO2Config                           0x08008025   Thumb Code    28  stm32f4xx_rcc.o(.text)
    RCC_SYSCLKConfig                         0x08008041   Thumb Code    20  stm32f4xx_rcc.o(.text)
    RCC_GetSYSCLKSource                      0x08008055   Thumb Code    12  stm32f4xx_rcc.o(.text)
    RCC_HCLKConfig                           0x08008061   Thumb Code    20  stm32f4xx_rcc.o(.text)
    RCC_PCLK1Config                          0x08008075   Thumb Code    20  stm32f4xx_rcc.o(.text)
    RCC_PCLK2Config                          0x08008089   Thumb Code    22  stm32f4xx_rcc.o(.text)
    RCC_GetClocksFreq                        0x0800809f   Thumb Code   222  stm32f4xx_rcc.o(.text)
    RCC_RTCCLKConfig                         0x0800817d   Thumb Code    54  stm32f4xx_rcc.o(.text)
    RCC_RTCCLKCmd                            0x080081b3   Thumb Code     8  stm32f4xx_rcc.o(.text)
    RCC_BackupResetCmd                       0x080081bb   Thumb Code     8  stm32f4xx_rcc.o(.text)
    RCC_I2SCLKConfig                         0x080081c3   Thumb Code     6  stm32f4xx_rcc.o(.text)
    RCC_SAIPLLI2SClkDivConfig                0x080081c9   Thumb Code    26  stm32f4xx_rcc.o(.text)
    RCC_SAIPLLSAIClkDivConfig                0x080081e3   Thumb Code    28  stm32f4xx_rcc.o(.text)
    RCC_SAIBlockACLKConfig                   0x080081ff   Thumb Code    20  stm32f4xx_rcc.o(.text)
    RCC_SAIBlockBCLKConfig                   0x08008213   Thumb Code    20  stm32f4xx_rcc.o(.text)
    RCC_LTDCCLKDivConfig                     0x08008227   Thumb Code    20  stm32f4xx_rcc.o(.text)
    RCC_TIMCLKPresConfig                     0x0800823b   Thumb Code     6  stm32f4xx_rcc.o(.text)
    RCC_AHB1PeriphClockCmd                   0x08008241   Thumb Code    34  stm32f4xx_rcc.o(.text)
    RCC_AHB2PeriphClockCmd                   0x08008263   Thumb Code    78  stm32f4xx_rcc.o(.text)
    RCC_AHB3PeriphClockCmd                   0x080082b1   Thumb Code    34  stm32f4xx_rcc.o(.text)
    RCC_APB1PeriphClockCmd                   0x080082d3   Thumb Code    34  stm32f4xx_rcc.o(.text)
    RCC_APB2PeriphClockCmd                   0x080082f5   Thumb Code    34  stm32f4xx_rcc.o(.text)
    RCC_AHB1PeriphResetCmd                   0x08008317   Thumb Code    34  stm32f4xx_rcc.o(.text)
    RCC_AHB2PeriphResetCmd                   0x08008339   Thumb Code    34  stm32f4xx_rcc.o(.text)
    RCC_AHB3PeriphResetCmd                   0x0800835b   Thumb Code    34  stm32f4xx_rcc.o(.text)
    RCC_APB1PeriphResetCmd                   0x0800837d   Thumb Code    34  stm32f4xx_rcc.o(.text)
    RCC_APB2PeriphResetCmd                   0x0800839f   Thumb Code    34  stm32f4xx_rcc.o(.text)
    RCC_AHB1PeriphClockLPModeCmd             0x080083c1   Thumb Code    34  stm32f4xx_rcc.o(.text)
    RCC_AHB2PeriphClockLPModeCmd             0x080083e3   Thumb Code    34  stm32f4xx_rcc.o(.text)
    RCC_AHB3PeriphClockLPModeCmd             0x08008405   Thumb Code    34  stm32f4xx_rcc.o(.text)
    RCC_APB1PeriphClockLPModeCmd             0x08008427   Thumb Code    34  stm32f4xx_rcc.o(.text)
    RCC_APB2PeriphClockLPModeCmd             0x08008449   Thumb Code    34  stm32f4xx_rcc.o(.text)
    RCC_LSEModeConfig                        0x0800846b   Thumb Code    40  stm32f4xx_rcc.o(.text)
    RCC_ITConfig                             0x08008493   Thumb Code    34  stm32f4xx_rcc.o(.text)
    RCC_ClearFlag                            0x080084b5   Thumb Code    18  stm32f4xx_rcc.o(.text)
    RCC_GetITStatus                          0x080084c7   Thumb Code    22  stm32f4xx_rcc.o(.text)
    RCC_ClearITPendingBit                    0x080084dd   Thumb Code     8  stm32f4xx_rcc.o(.text)
    USART_DeInit                             0x080084e9   Thumb Code   206  stm32f4xx_usart.o(.text)
    USART_Init                               0x080085b7   Thumb Code   204  stm32f4xx_usart.o(.text)
    USART_StructInit                         0x08008683   Thumb Code    24  stm32f4xx_usart.o(.text)
    USART_ClockInit                          0x0800869b   Thumb Code    32  stm32f4xx_usart.o(.text)
    USART_ClockStructInit                    0x080086bb   Thumb Code    12  stm32f4xx_usart.o(.text)
    USART_Cmd                                0x080086c7   Thumb Code    24  stm32f4xx_usart.o(.text)
    USART_SetPrescaler                       0x080086df   Thumb Code    16  stm32f4xx_usart.o(.text)
    USART_OverSampling8Cmd                   0x080086ef   Thumb Code    22  stm32f4xx_usart.o(.text)
    USART_OneBitMethodCmd                    0x08008705   Thumb Code    24  stm32f4xx_usart.o(.text)
    USART_SendData                           0x0800871d   Thumb Code     8  stm32f4xx_usart.o(.text)
    USART_ReceiveData                        0x08008725   Thumb Code    10  stm32f4xx_usart.o(.text)
    USART_SetAddress                         0x0800872f   Thumb Code    18  stm32f4xx_usart.o(.text)
    USART_ReceiverWakeUpCmd                  0x08008741   Thumb Code    24  stm32f4xx_usart.o(.text)
    USART_WakeUpConfig                       0x08008759   Thumb Code    18  stm32f4xx_usart.o(.text)
    USART_LINBreakDetectLengthConfig         0x0800876b   Thumb Code    18  stm32f4xx_usart.o(.text)
    USART_LINCmd                             0x0800877d   Thumb Code    24  stm32f4xx_usart.o(.text)
    USART_SendBreak                          0x08008795   Thumb Code    10  stm32f4xx_usart.o(.text)
    USART_HalfDuplexCmd                      0x0800879f   Thumb Code    24  stm32f4xx_usart.o(.text)
    USART_SetGuardTime                       0x080087b7   Thumb Code    16  stm32f4xx_usart.o(.text)
    USART_SmartCardCmd                       0x080087c7   Thumb Code    24  stm32f4xx_usart.o(.text)
    USART_SmartCardNACKCmd                   0x080087df   Thumb Code    24  stm32f4xx_usart.o(.text)
    USART_IrDAConfig                         0x080087f7   Thumb Code    18  stm32f4xx_usart.o(.text)
    USART_IrDACmd                            0x08008809   Thumb Code    24  stm32f4xx_usart.o(.text)
    USART_DMACmd                             0x08008821   Thumb Code    18  stm32f4xx_usart.o(.text)
    USART_ITConfig                           0x08008833   Thumb Code    74  stm32f4xx_usart.o(.text)
    USART_GetFlagStatus                      0x0800887d   Thumb Code    26  stm32f4xx_usart.o(.text)
    USART_ClearFlag                          0x08008897   Thumb Code    18  stm32f4xx_usart.o(.text)
    USART_GetITStatus                        0x080088a9   Thumb Code   118  stm32f4xx_usart.o(.text)
    USART_ClearITPendingBit                  0x0800891f   Thumb Code    30  stm32f4xx_usart.o(.text)
    TIM_DeInit                               0x0800893d   Thumb Code   346  stm32f4xx_tim.o(.text)
    TIM_TimeBaseInit                         0x08008a97   Thumb Code   104  stm32f4xx_tim.o(.text)
    TIM_TimeBaseStructInit                   0x08008aff   Thumb Code    18  stm32f4xx_tim.o(.text)
    TIM_PrescalerConfig                      0x08008b11   Thumb Code     6  stm32f4xx_tim.o(.text)
    TIM_CounterModeConfig                    0x08008b17   Thumb Code    18  stm32f4xx_tim.o(.text)
    TIM_SetCounter                           0x08008b29   Thumb Code     4  stm32f4xx_tim.o(.text)
    TIM_SetAutoreload                        0x08008b2d   Thumb Code     4  stm32f4xx_tim.o(.text)
    TIM_GetCounter                           0x08008b31   Thumb Code     6  stm32f4xx_tim.o(.text)
    TIM_GetPrescaler                         0x08008b37   Thumb Code     6  stm32f4xx_tim.o(.text)
    TIM_UpdateDisableConfig                  0x08008b3d   Thumb Code    24  stm32f4xx_tim.o(.text)
    TIM_UpdateRequestConfig                  0x08008b55   Thumb Code    24  stm32f4xx_tim.o(.text)
    TIM_ARRPreloadConfig                     0x08008b6d   Thumb Code    24  stm32f4xx_tim.o(.text)
    TIM_SelectOnePulseMode                   0x08008b85   Thumb Code    18  stm32f4xx_tim.o(.text)
    TIM_SetClockDivision                     0x08008b97   Thumb Code    18  stm32f4xx_tim.o(.text)
    TIM_Cmd                                  0x08008ba9   Thumb Code    24  stm32f4xx_tim.o(.text)
    TIM_OC1Init                              0x08008bc1   Thumb Code   114  stm32f4xx_tim.o(.text)
    TIM_OC2Init                              0x08008c33   Thumb Code   154  stm32f4xx_tim.o(.text)
    TIM_OC3Init                              0x08008ccd   Thumb Code   204  stm32f4xx_tim.o(.text)
    TIM_OC4Init                              0x08008d99   Thumb Code   112  stm32f4xx_tim.o(.text)
    TIM_OCStructInit                         0x08008e09   Thumb Code    20  stm32f4xx_tim.o(.text)
    TIM_SelectOCxM                           0x08008e1d   Thumb Code    86  stm32f4xx_tim.o(.text)
    TIM_SetCompare1                          0x08008e73   Thumb Code     4  stm32f4xx_tim.o(.text)
    TIM_SetCompare2                          0x08008e77   Thumb Code     4  stm32f4xx_tim.o(.text)
    TIM_SetCompare3                          0x08008e7b   Thumb Code     4  stm32f4xx_tim.o(.text)
    TIM_SetCompare4                          0x08008e7f   Thumb Code     4  stm32f4xx_tim.o(.text)
    TIM_ForcedOC1Config                      0x08008e83   Thumb Code    18  stm32f4xx_tim.o(.text)
    TIM_ForcedOC2Config                      0x08008e95   Thumb Code    26  stm32f4xx_tim.o(.text)
    TIM_ForcedOC3Config                      0x08008eaf   Thumb Code    18  stm32f4xx_tim.o(.text)
    TIM_ForcedOC4Config                      0x08008ec1   Thumb Code    26  stm32f4xx_tim.o(.text)
    TIM_OC1PreloadConfig                     0x08008edb   Thumb Code    18  stm32f4xx_tim.o(.text)
    TIM_OC2PreloadConfig                     0x08008eed   Thumb Code    26  stm32f4xx_tim.o(.text)
    TIM_OC3PreloadConfig                     0x08008f07   Thumb Code    18  stm32f4xx_tim.o(.text)
    TIM_OC4PreloadConfig                     0x08008f19   Thumb Code    26  stm32f4xx_tim.o(.text)
    TIM_OC1FastConfig                        0x08008f33   Thumb Code    18  stm32f4xx_tim.o(.text)
    TIM_OC2FastConfig                        0x08008f45   Thumb Code    26  stm32f4xx_tim.o(.text)
    TIM_OC3FastConfig                        0x08008f5f   Thumb Code    18  stm32f4xx_tim.o(.text)
    TIM_OC4FastConfig                        0x08008f71   Thumb Code    26  stm32f4xx_tim.o(.text)
    TIM_ClearOC1Ref                          0x08008f8b   Thumb Code    18  stm32f4xx_tim.o(.text)
    TIM_ClearOC2Ref                          0x08008f9d   Thumb Code    24  stm32f4xx_tim.o(.text)
    TIM_ClearOC3Ref                          0x08008fb5   Thumb Code    18  stm32f4xx_tim.o(.text)
    TIM_ClearOC4Ref                          0x08008fc7   Thumb Code    24  stm32f4xx_tim.o(.text)
    TIM_OC1PolarityConfig                    0x08008fdf   Thumb Code    18  stm32f4xx_tim.o(.text)
    TIM_OC1NPolarityConfig                   0x08008ff1   Thumb Code    18  stm32f4xx_tim.o(.text)
    TIM_OC2PolarityConfig                    0x08009003   Thumb Code    26  stm32f4xx_tim.o(.text)
    TIM_OC2NPolarityConfig                   0x0800901d   Thumb Code    26  stm32f4xx_tim.o(.text)
    TIM_OC3PolarityConfig                    0x08009037   Thumb Code    26  stm32f4xx_tim.o(.text)
    TIM_OC3NPolarityConfig                   0x08009051   Thumb Code    26  stm32f4xx_tim.o(.text)
    TIM_OC4PolarityConfig                    0x0800906b   Thumb Code    26  stm32f4xx_tim.o(.text)
    TIM_CCxCmd                               0x08009085   Thumb Code    30  stm32f4xx_tim.o(.text)
    TIM_CCxNCmd                              0x080090a3   Thumb Code    30  stm32f4xx_tim.o(.text)
    TIM_SetIC4Prescaler                      0x080090c1   Thumb Code    26  stm32f4xx_tim.o(.text)
    TIM_SetIC3Prescaler                      0x0800912b   Thumb Code    18  stm32f4xx_tim.o(.text)
    TIM_SetIC2Prescaler                      0x08009185   Thumb Code    26  stm32f4xx_tim.o(.text)
    TIM_SetIC1Prescaler                      0x080091f9   Thumb Code    18  stm32f4xx_tim.o(.text)
    TIM_ICInit                               0x08009245   Thumb Code   110  stm32f4xx_tim.o(.text)
    TIM_ICStructInit                         0x080092b3   Thumb Code    18  stm32f4xx_tim.o(.text)
    TIM_PWMIConfig                           0x080092c5   Thumb Code   124  stm32f4xx_tim.o(.text)
    TIM_GetCapture1                          0x08009341   Thumb Code     6  stm32f4xx_tim.o(.text)
    TIM_GetCapture2                          0x08009347   Thumb Code     6  stm32f4xx_tim.o(.text)
    TIM_GetCapture3                          0x0800934d   Thumb Code     6  stm32f4xx_tim.o(.text)
    TIM_GetCapture4                          0x08009353   Thumb Code     6  stm32f4xx_tim.o(.text)
    TIM_BDTRConfig                           0x08009359   Thumb Code    32  stm32f4xx_tim.o(.text)
    TIM_BDTRStructInit                       0x08009379   Thumb Code    18  stm32f4xx_tim.o(.text)
    TIM_CtrlPWMOutputs                       0x0800938b   Thumb Code    30  stm32f4xx_tim.o(.text)
    TIM_SelectCOM                            0x080093a9   Thumb Code    24  stm32f4xx_tim.o(.text)
    TIM_CCPreloadControl                     0x080093c1   Thumb Code    24  stm32f4xx_tim.o(.text)
    TIM_ITConfig                             0x080093d9   Thumb Code    18  stm32f4xx_tim.o(.text)
    TIM_GenerateEvent                        0x080093eb   Thumb Code     4  stm32f4xx_tim.o(.text)
    TIM_GetFlagStatus                        0x080093ef   Thumb Code    18  stm32f4xx_tim.o(.text)
    TIM_ClearFlag                            0x08009401   Thumb Code     6  stm32f4xx_tim.o(.text)
    TIM_GetITStatus                          0x08009407   Thumb Code    34  stm32f4xx_tim.o(.text)
    TIM_ClearITPendingBit                    0x08009429   Thumb Code     6  stm32f4xx_tim.o(.text)
    TIM_DMAConfig                            0x0800942f   Thumb Code    10  stm32f4xx_tim.o(.text)
    TIM_DMACmd                               0x08009439   Thumb Code    18  stm32f4xx_tim.o(.text)
    TIM_SelectCCDMA                          0x0800944b   Thumb Code    24  stm32f4xx_tim.o(.text)
    TIM_InternalClockConfig                  0x08009463   Thumb Code    12  stm32f4xx_tim.o(.text)
    TIM_SelectInputTrigger                   0x0800946f   Thumb Code    18  stm32f4xx_tim.o(.text)
    TIM_ITRxExternalClockConfig              0x08009481   Thumb Code    24  stm32f4xx_tim.o(.text)
    TIM_TIxExternalClockConfig               0x08009499   Thumb Code    62  stm32f4xx_tim.o(.text)
    TIM_ETRConfig                            0x080094d7   Thumb Code    28  stm32f4xx_tim.o(.text)
    TIM_ETRClockMode1Config                  0x080094f3   Thumb Code    54  stm32f4xx_tim.o(.text)
    TIM_ETRClockMode2Config                  0x08009529   Thumb Code    32  stm32f4xx_tim.o(.text)
    TIM_SelectOutputTrigger                  0x08009549   Thumb Code    18  stm32f4xx_tim.o(.text)
    TIM_SelectSlaveMode                      0x0800955b   Thumb Code    18  stm32f4xx_tim.o(.text)
    TIM_SelectMasterSlaveMode                0x0800956d   Thumb Code    18  stm32f4xx_tim.o(.text)
    TIM_EncoderInterfaceConfig               0x0800957f   Thumb Code    66  stm32f4xx_tim.o(.text)
    TIM_SelectHallSensor                     0x080095c1   Thumb Code    24  stm32f4xx_tim.o(.text)
    TIM_RemapConfig                          0x080095d9   Thumb Code     6  stm32f4xx_tim.o(.text)
    usmart_sys_cmd_exe                       0x080095e1   Thumb Code  1554  usmart.o(.text)
    usmart_reset_runtime                     0x08009bf3   Thumb Code    38  usmart.o(.text)
    usmart_get_runtime                       0x08009c19   Thumb Code    60  usmart.o(.text)
    TIM4_IRQHandler                          0x08009c55   Thumb Code    46  usmart.o(.text)
    Timer4_Init                              0x08009c83   Thumb Code    86  usmart.o(.text)
    usmart_init                              0x08009cd9   Thumb Code    36  usmart.o(.text)
    usmart_cmd_rec                           0x08009cfd   Thumb Code   170  usmart.o(.text)
    usmart_exe                               0x08009da7   Thumb Code   868  usmart.o(.text)
    usmart_scan                              0x0800a10b   Thumb Code   120  usmart.o(.text)
    read_addr                                0x0800a183   Thumb Code     6  usmart.o(.text)
    write_addr                               0x0800a189   Thumb Code     4  usmart.o(.text)
    usmart_strcmp                            0x0800a215   Thumb Code    34  usmart_str.o(.text)
    usmart_strcopy                           0x0800a237   Thumb Code    22  usmart_str.o(.text)
    usmart_strlen                            0x0800a24d   Thumb Code    24  usmart_str.o(.text)
    usmart_pow                               0x0800a265   Thumb Code    22  usmart_str.o(.text)
    usmart_str2num                           0x0800a27b   Thumb Code   202  usmart_str.o(.text)
    usmart_get_cmdname                       0x0800a345   Thumb Code    54  usmart_str.o(.text)
    usmart_search_nextc                      0x0800a37b   Thumb Code    22  usmart_str.o(.text)
    usmart_get_fname                         0x0800a391   Thumb Code   440  usmart_str.o(.text)
    usmart_get_aparm                         0x0800a549   Thumb Code   200  usmart_str.o(.text)
    usmart_get_parmpos                       0x0800a611   Thumb Code    26  usmart_str.o(.text)
    usmart_get_fparam                        0x0800a62b   Thumb Code   262  usmart_str.o(.text)
    __use_no_semihosting                     0x0800a73d   Thumb Code     2  use_no_semi_2.o(.text)
    __2printf                                0x0800a741   Thumb Code    20  noretval__2printf.o(.text)
    __2sprintf                               0x0800a759   Thumb Code    34  noretval__2sprintf.o(.text)
    _printf_pre_padding                      0x0800a781   Thumb Code    44  _printf_pad.o(.text)
    _printf_post_padding                     0x0800a7ad   Thumb Code    34  _printf_pad.o(.text)
    _printf_str                              0x0800a7cf   Thumb Code    82  _printf_str.o(.text)
    _printf_int_dec                          0x0800a821   Thumb Code   104  _printf_dec.o(.text)
    _printf_int_hex                          0x0800a899   Thumb Code    84  _printf_hex_int.o(.text)
    _printf_longlong_hex                     0x0800a899   Thumb Code     0  _printf_hex_int.o(.text)
    __printf                                 0x0800a8f1   Thumb Code   388  __printf_flags_ss_wp.o(.text)
    __use_two_region_memory                  0x0800aa79   Thumb Code     2  heapauxi.o(.text)
    __rt_heap_escrow$2region                 0x0800aa7b   Thumb Code     2  heapauxi.o(.text)
    __rt_heap_expand$2region                 0x0800aa7d   Thumb Code     2  heapauxi.o(.text)
    __I$use$semihosting                      0x0800aa7f   Thumb Code     0  use_no_semi.o(.text)
    __use_no_semihosting_swi                 0x0800aa7f   Thumb Code     2  use_no_semi.o(.text)
    __read_errno                             0x0800aa81   Thumb Code    10  _rserrno.o(.text)
    __set_errno                              0x0800aa8b   Thumb Code    12  _rserrno.o(.text)
    _printf_int_common                       0x0800aa97   Thumb Code   178  _printf_intcommon.o(.text)
    _printf_char_common                      0x0800ab53   Thumb Code    32  _printf_char_common.o(.text)
    _sputc                                   0x0800ab79   Thumb Code    10  _sputc.o(.text)
    _printf_cs_common                        0x0800ab83   Thumb Code    20  _printf_char.o(.text)
    _printf_char                             0x0800ab97   Thumb Code    16  _printf_char.o(.text)
    _printf_string                           0x0800aba7   Thumb Code     8  _printf_char.o(.text)
    _printf_char_file                        0x0800abb1   Thumb Code    32  _printf_char_file.o(.text)
    __aeabi_errno_addr                       0x0800abd5   Thumb Code     8  rt_errno_addr_intlibspace.o(.text)
    __errno$intlibspace                      0x0800abd5   Thumb Code     0  rt_errno_addr_intlibspace.o(.text)
    __rt_errno_addr$intlibspace              0x0800abd5   Thumb Code     0  rt_errno_addr_intlibspace.o(.text)
    ferror                                   0x0800abdd   Thumb Code     8  ferror.o(.text)
    __user_libspace                          0x0800abe5   Thumb Code     8  libspace.o(.text)
    __user_perproc_libspace                  0x0800abe5   Thumb Code     0  libspace.o(.text)
    __user_perthread_libspace                0x0800abe5   Thumb Code     0  libspace.o(.text)
    __user_setup_stackheap                   0x0800abed   Thumb Code    74  sys_stackheap_outer.o(.text)
    exit                                     0x0800ac37   Thumb Code    18  exit.o(.text)
    __ARM_fpclassify                         0x0800ac49   Thumb Code    48  fpclassify.o(i.__ARM_fpclassify)
    __hardfp_sin                             0x0800ac79   Thumb Code   180  sin.o(i.__hardfp_sin)
    __ieee754_rem_pio2                       0x0800ad41   Thumb Code   938  rred.o(i.__ieee754_rem_pio2)
    __kernel_cos                             0x0800b179   Thumb Code   322  cos_i.o(i.__kernel_cos)
    __kernel_poly                            0x0800b2e9   Thumb Code   248  poly.o(i.__kernel_poly)
    __kernel_sin                             0x0800b3e1   Thumb Code   280  sin_i.o(i.__kernel_sin)
    __mathlib_dbl_infnan                     0x0800b511   Thumb Code    20  dunder.o(i.__mathlib_dbl_infnan)
    __mathlib_dbl_invalid                    0x0800b529   Thumb Code    24  dunder.o(i.__mathlib_dbl_invalid)
    __mathlib_dbl_underflow                  0x0800b549   Thumb Code    24  dunder.o(i.__mathlib_dbl_underflow)
    _is_digit                                0x0800b569   Thumb Code    14  __printf_wp.o(i._is_digit)
    fabs                                     0x0800b577   Thumb Code    24  fabs.o(i.fabs)
    __aeabi_dneg                             0x0800b58f   Thumb Code     0  basic.o(x$fpl$basic)
    _dneg                                    0x0800b58f   Thumb Code     6  basic.o(x$fpl$basic)
    __aeabi_fneg                             0x0800b595   Thumb Code     0  basic.o(x$fpl$basic)
    _fneg                                    0x0800b595   Thumb Code     6  basic.o(x$fpl$basic)
    _dabs                                    0x0800b59b   Thumb Code     6  basic.o(x$fpl$basic)
    _fabs                                    0x0800b5a1   Thumb Code     6  basic.o(x$fpl$basic)
    __aeabi_d2f                              0x0800b5a9   Thumb Code     0  d2f.o(x$fpl$d2f)
    _d2f                                     0x0800b5a9   Thumb Code    98  d2f.o(x$fpl$d2f)
    __aeabi_dadd                             0x0800b60d   Thumb Code     0  daddsub_clz.o(x$fpl$dadd)
    _dadd                                    0x0800b60d   Thumb Code   332  daddsub_clz.o(x$fpl$dadd)
    __aeabi_ddiv                             0x0800b75d   Thumb Code     0  ddiv.o(x$fpl$ddiv)
    _ddiv                                    0x0800b75d   Thumb Code   552  ddiv.o(x$fpl$ddiv)
    __aeabi_d2iz                             0x0800ba0d   Thumb Code     0  dfix.o(x$fpl$dfix)
    _dfix                                    0x0800ba0d   Thumb Code    94  dfix.o(x$fpl$dfix)
    __aeabi_d2uiz                            0x0800ba6d   Thumb Code     0  dfixu.o(x$fpl$dfixu)
    _dfixu                                   0x0800ba6d   Thumb Code    90  dfixu.o(x$fpl$dfixu)
    __aeabi_i2d                              0x0800bac7   Thumb Code     0  dflt_clz.o(x$fpl$dflt)
    _dflt                                    0x0800bac7   Thumb Code    46  dflt_clz.o(x$fpl$dflt)
    __aeabi_ui2d                             0x0800baf5   Thumb Code     0  dflt_clz.o(x$fpl$dfltu)
    _dfltu                                   0x0800baf5   Thumb Code    38  dflt_clz.o(x$fpl$dfltu)
    __aeabi_dmul                             0x0800bb1d   Thumb Code     0  dmul.o(x$fpl$dmul)
    _dmul                                    0x0800bb1d   Thumb Code   332  dmul.o(x$fpl$dmul)
    __fpl_dnaninf                            0x0800bc71   Thumb Code   156  dnaninf.o(x$fpl$dnaninf)
    __fpl_dretinf                            0x0800bd0d   Thumb Code    12  dretinf.o(x$fpl$dretinf)
    __aeabi_drsub                            0x0800bd19   Thumb Code     0  daddsub_clz.o(x$fpl$drsb)
    _drsb                                    0x0800bd19   Thumb Code    22  daddsub_clz.o(x$fpl$drsb)
    __aeabi_dsub                             0x0800bd31   Thumb Code     0  daddsub_clz.o(x$fpl$dsub)
    _dsub                                    0x0800bd31   Thumb Code   464  daddsub_clz.o(x$fpl$dsub)
    __aeabi_f2d                              0x0800bf05   Thumb Code     0  f2d.o(x$fpl$f2d)
    _f2d                                     0x0800bf05   Thumb Code    86  f2d.o(x$fpl$f2d)
    __fpl_fnaninf                            0x0800bf5b   Thumb Code   140  fnaninf.o(x$fpl$fnaninf)
    _fp_init                                 0x0800bfe7   Thumb Code    10  fpinit.o(x$fpl$fpinit)
    __fplib_config_fpu_vfp                   0x0800bfef   Thumb Code     0  fpinit.o(x$fpl$fpinit)
    __fplib_config_pureend_doubles           0x0800bfef   Thumb Code     0  fpinit.o(x$fpl$fpinit)
    __fpl_fretinf                            0x0800bff1   Thumb Code    10  fretinf.o(x$fpl$fretinf)
    __I$use$fp                               0x0800bffa   Number         0  usenofp.o(x$fpl$usenofp)
    jpeg_img_size_tbl                        0x0800bffa   Data          36  main.o(.constdata)
    asc2_1206                                0x0800c01e   Data        1140  lcd.o(.constdata)
    asc2_1608                                0x0800c492   Data        1520  lcd.o(.constdata)
    asc2_2412                                0x0800ca82   Data        3420  lcd.o(.constdata)
    ov2640_sxga_init_reg_tbl                 0x0800d7de   Data         356  ov2640.o(.constdata)
    ov2640_svga_init_reg_tbl                 0x0800d942   Data         354  ov2640.o(.constdata)
    ov2640_jpeg_reg_tbl                      0x0800daa4   Data          14  ov2640.o(.constdata)
    ov2640_rgb565_reg_tbl                    0x0800dab2   Data          28  ov2640.o(.constdata)
    ov2640_yuv422_reg_tbl                    0x0800dace   Data          16  ov2640.o(.constdata)
    FSMC_DefaultTimingStruct                 0x0800db08   Data          28  stm32f4xx_fsmc.o(.constdata)
    Region$$Table$$Base                      0x0800e034   Number         0  anon$$obj.o(Region$$Table)
    Region$$Table$$Limit                     0x0800e054   Number         0  anon$$obj.o(Region$$Table)
    ov2640_mode                              0x20000000   Data           1  main.o(.data)
    xmax                                     0x20000004   Data           4  main.o(.data)
    xmin                                     0x20000008   Data           4  main.o(.data)
    ymax                                     0x2000000c   Data           4  main.o(.data)
    ymin                                     0x20000010   Data           4  main.o(.data)
    bFindPoint                               0x20000014   Data           4  main.o(.data)
    bFindBall                                0x20000018   Data           4  main.o(.data)
    jpeg_data_len                            0x2000001c   Data           4  main.o(.data)
    jpeg_data_ok                             0x20000020   Data           1  main.o(.data)
    EFFECTS_TBL                              0x20000024   Data          28  main.o(.data)
    JPEG_SIZE_TBL                            0x20000040   Data          36  main.o(.data)
    x                                        0x20000064   Data           4  main.o(.data)
    y                                        0x20000068   Data           4  main.o(.data)
    SystemCoreClock                          0x2000006c   Data           4  system_stm32f4xx.o(.data)
    AHBPrescTable                            0x20000070   Data          16  system_stm32f4xx.o(.data)
    POINT_COLOR                              0x20000080   Data           2  lcd.o(.data)
    BACK_COLOR                               0x20000082   Data           2  lcd.o(.data)
    ov_frame                                 0x20000084   Data           1  dcmi.o(.data)
    count                                    0x20000088   Data           4  timer.o(.data)
    clacFlag                                 0x2000008c   Data           4  timer.o(.data)
    fps                                      0x20000090   Data           4  timer.o(.data)
    runFlag                                  0x20000094   Data           4  control.o(.data)
    pos_X                                    0x20000098   Data           4  control.o(.data)
    pos_Y                                    0x2000009c   Data           4  control.o(.data)
    offset_X                                 0x200000a0   Data           4  control.o(.data)
    offset_Y                                 0x200000a4   Data           4  control.o(.data)
    KpX                                      0x200000a8   Data           4  control.o(.data)
    KiX                                      0x200000ac   Data           4  control.o(.data)
    KdX                                      0x200000b0   Data           4  control.o(.data)
    outputX                                  0x200000b4   Data           4  control.o(.data)
    setX                                     0x200000b8   Data           4  control.o(.data)
    setY                                     0x200000bc   Data           4  control.o(.data)
    KpY                                      0x200000c0   Data           4  control.o(.data)
    KiY                                      0x200000c4   Data           4  control.o(.data)
    KdY                                      0x200000c8   Data           4  control.o(.data)
    outputY                                  0x200000cc   Data           4  control.o(.data)
    lastx                                    0x200000d0   Data           4  control.o(.data)
    lasty                                    0x200000d4   Data           4  control.o(.data)
    pwmx                                     0x200000d8   Data           4  control.o(.data)
    pwmy                                     0x200000dc   Data           4  control.o(.data)
    pwmx_set                                 0x200000e0   Data           4  control.o(.data)
    pwmy_set                                 0x200000e4   Data           4  control.o(.data)
    n                                        0x200000e8   Data           4  control.o(.data)
    __stdout                                 0x20000108   Data           4  usart.o(.data)
    USART_RX_STA                             0x2000010c   Data           2  usart.o(.data)
    Res                                      0x2000010e   Data           1  usart.o(.data)
    Res_last                                 0x2000010f   Data           1  usart.o(.data)
    bCalc                                    0x20000110   Data           4  usart.o(.data)
    num_temp                                 0x20000114   Data           4  usart.o(.data)
    data                                     0x20000118   Data           4  usart.o(.data)
    sys_cmd_tab                              0x2000012c   Data          28  usmart.o(.data)
    usmart_nametab                           0x20000148   Data         168  usmart_config.o(.data)
    usmart_dev                               0x200001f0   Data         244  usmart_config.o(.data)
    jpeg_buf                                 0x200002e4   Data       126976  main.o(.bss)
    lcddev                                   0x2001f2e4   Data          14  lcd.o(.bss)
    DCMI_InitStructure                       0x2001f2f2   Data          14  dcmi.o(.bss)
    USART_RX_BUF                             0x2001f300   Data         200  usart.o(.bss)
    __libspace_start                         0x2001f3c8   Data          96  libspace.o(.bss)
    __temporary_stack_top$libspace           0x2001f428   Data           0  libspace.o(.bss)



==============================================================================

Memory Map of the image

  Image Entry point : 0x08000189

  Load Region LR_IROM1 (Base: 0x08000000, Size: 0x0000e338, Max: 0x00100000, ABSOLUTE, COMPRESSED[0x0000e16c])

    Execution Region ER_IROM1 (Base: 0x08000000, Size: 0x0000e054, Max: 0x00100000, ABSOLUTE)

    Base Addr    Size         Type   Attr      Idx    E Section Name        Object

    0x08000000   0x00000188   Data   RO          564    RESET               startup_stm32f40_41xxx.o
    0x08000188   0x00000008   Code   RO          888  * !!!main             c_w.l(__main.o)
    0x08000190   0x00000034   Code   RO         1160    !!!scatter          c_w.l(__scatter.o)
    0x080001c4   0x0000005a   Code   RO         1158    !!dczerorl2         c_w.l(__dczerorl2.o)
    0x0800021e   0x00000002   PAD
    0x08000220   0x0000001c   Code   RO         1162    !!handler_zi        c_w.l(__scatter_zi.o)
    0x0800023c   0x00000000   Code   RO          885    .ARM.Collect$$_printf_percent$$00000000  c_w.l(_printf_percent.o)
    0x0800023c   0x00000006   Code   RO          883    .ARM.Collect$$_printf_percent$$00000009  c_w.l(_printf_d.o)
    0x08000242   0x00000006   Code   RO          884    .ARM.Collect$$_printf_percent$$0000000A  c_w.l(_printf_u.o)
    0x08000248   0x00000006   Code   RO          882    .ARM.Collect$$_printf_percent$$0000000C  c_w.l(_printf_x.o)
    0x0800024e   0x00000006   Code   RO          880    .ARM.Collect$$_printf_percent$$00000013  c_w.l(_printf_c.o)
    0x08000254   0x00000006   Code   RO          881    .ARM.Collect$$_printf_percent$$00000014  c_w.l(_printf_s.o)
    0x0800025a   0x00000004   Code   RO          939    .ARM.Collect$$_printf_percent$$00000017  c_w.l(_printf_percent_end.o)
    0x0800025e   0x00000002   Code   RO         1035    .ARM.Collect$$libinit$$00000000  c_w.l(libinit.o)
    0x08000260   0x00000004   Code   RO         1038    .ARM.Collect$$libinit$$00000001  c_w.l(libinit2.o)
    0x08000264   0x00000000   Code   RO         1041    .ARM.Collect$$libinit$$00000004  c_w.l(libinit2.o)
    0x08000264   0x00000000   Code   RO         1044    .ARM.Collect$$libinit$$0000000A  c_w.l(libinit2.o)
    0x08000264   0x00000000   Code   RO         1046    .ARM.Collect$$libinit$$0000000C  c_w.l(libinit2.o)
    0x08000264   0x00000000   Code   RO         1048    .ARM.Collect$$libinit$$0000000E  c_w.l(libinit2.o)
    0x08000264   0x00000000   Code   RO         1051    .ARM.Collect$$libinit$$00000011  c_w.l(libinit2.o)
    0x08000264   0x00000000   Code   RO         1053    .ARM.Collect$$libinit$$00000013  c_w.l(libinit2.o)
    0x08000264   0x00000000   Code   RO         1055    .ARM.Collect$$libinit$$00000015  c_w.l(libinit2.o)
    0x08000264   0x00000000   Code   RO         1057    .ARM.Collect$$libinit$$00000017  c_w.l(libinit2.o)
    0x08000264   0x00000000   Code   RO         1059    .ARM.Collect$$libinit$$00000019  c_w.l(libinit2.o)
    0x08000264   0x00000000   Code   RO         1061    .ARM.Collect$$libinit$$0000001B  c_w.l(libinit2.o)
    0x08000264   0x00000000   Code   RO         1063    .ARM.Collect$$libinit$$0000001D  c_w.l(libinit2.o)
    0x08000264   0x00000000   Code   RO         1065    .ARM.Collect$$libinit$$0000001F  c_w.l(libinit2.o)
    0x08000264   0x00000000   Code   RO         1067    .ARM.Collect$$libinit$$00000021  c_w.l(libinit2.o)
    0x08000264   0x00000000   Code   RO         1069    .ARM.Collect$$libinit$$00000023  c_w.l(libinit2.o)
    0x08000264   0x00000000   Code   RO         1071    .ARM.Collect$$libinit$$00000025  c_w.l(libinit2.o)
    0x08000264   0x00000000   Code   RO         1075    .ARM.Collect$$libinit$$0000002C  c_w.l(libinit2.o)
    0x08000264   0x00000000   Code   RO         1077    .ARM.Collect$$libinit$$0000002E  c_w.l(libinit2.o)
    0x08000264   0x00000000   Code   RO         1079    .ARM.Collect$$libinit$$00000030  c_w.l(libinit2.o)
    0x08000264   0x00000000   Code   RO         1081    .ARM.Collect$$libinit$$00000032  c_w.l(libinit2.o)
    0x08000264   0x00000002   Code   RO         1082    .ARM.Collect$$libinit$$00000033  c_w.l(libinit2.o)
    0x08000266   0x00000002   Code   RO         1100    .ARM.Collect$$libshutdown$$00000000  c_w.l(libshutdown.o)
    0x08000268   0x00000000   Code   RO         1110    .ARM.Collect$$libshutdown$$00000002  c_w.l(libshutdown2.o)
    0x08000268   0x00000000   Code   RO         1112    .ARM.Collect$$libshutdown$$00000004  c_w.l(libshutdown2.o)
    0x08000268   0x00000000   Code   RO         1115    .ARM.Collect$$libshutdown$$00000007  c_w.l(libshutdown2.o)
    0x08000268   0x00000000   Code   RO         1118    .ARM.Collect$$libshutdown$$0000000A  c_w.l(libshutdown2.o)
    0x08000268   0x00000000   Code   RO         1120    .ARM.Collect$$libshutdown$$0000000C  c_w.l(libshutdown2.o)
    0x08000268   0x00000000   Code   RO         1123    .ARM.Collect$$libshutdown$$0000000F  c_w.l(libshutdown2.o)
    0x08000268   0x00000002   Code   RO         1124    .ARM.Collect$$libshutdown$$00000010  c_w.l(libshutdown2.o)
    0x0800026a   0x00000000   Code   RO          926    .ARM.Collect$$rtentry$$00000000  c_w.l(__rtentry.o)
    0x0800026a   0x00000000   Code   RO          980    .ARM.Collect$$rtentry$$00000002  c_w.l(__rtentry2.o)
    0x0800026a   0x00000006   Code   RO          992    .ARM.Collect$$rtentry$$00000004  c_w.l(__rtentry4.o)
    0x08000270   0x00000000   Code   RO          982    .ARM.Collect$$rtentry$$00000009  c_w.l(__rtentry2.o)
    0x08000270   0x00000004   Code   RO          983    .ARM.Collect$$rtentry$$0000000A  c_w.l(__rtentry2.o)
    0x08000274   0x00000000   Code   RO          985    .ARM.Collect$$rtentry$$0000000C  c_w.l(__rtentry2.o)
    0x08000274   0x00000008   Code   RO          986    .ARM.Collect$$rtentry$$0000000D  c_w.l(__rtentry2.o)
    0x0800027c   0x00000002   Code   RO         1036    .ARM.Collect$$rtexit$$00000000  c_w.l(rtexit.o)
    0x0800027e   0x00000000   Code   RO         1084    .ARM.Collect$$rtexit$$00000002  c_w.l(rtexit2.o)
    0x0800027e   0x00000004   Code   RO         1085    .ARM.Collect$$rtexit$$00000003  c_w.l(rtexit2.o)
    0x08000282   0x00000006   Code   RO         1086    .ARM.Collect$$rtexit$$00000004  c_w.l(rtexit2.o)
    0x08000288   0x00000854   Code   RO            3    .text               main.o
    0x08000adc   0x0000001a   Code   RO          190    .text               stm32f4xx_it.o
    0x08000af6   0x00000002   PAD
    0x08000af8   0x00000210   Code   RO          239    .text               system_stm32f4xx.o
    0x08000d08   0x00000040   Code   RO          265    .text               led.o
    0x08000d48   0x00004c80   Code   RO          285    .text               lcd.o
    0x080059c8   0x00000158   Code   RO          323    .text               key.o
    0x08005b20   0x00000298   Code   RO          346    .text               dcmi.o
    0x08005db8   0x000005e4   Code   RO          370    .text               ov2640.o
    0x0800639c   0x00000274   Code   RO          396    .text               sccb.o
    0x08006610   0x00000084   Code   RO          416    .text               usart2.o
    0x08006694   0x000001c0   Code   RO          436    .text               timer.o
    0x08006854   0x00000500   Code   RO          463    .text               control.o
    0x08006d54   0x00000104   Code   RO          493    .text               delay.o
    0x08006e58   0x00000184   Code   RO          533    .text               usart.o
    0x08006fdc   0x00000040   Code   RO          565    .text               startup_stm32f40_41xxx.o
    0x0800701c   0x000000e0   Code   RO          571    .text               misc.o
    0x080070fc   0x0000018c   Code   RO          591    .text               stm32f4xx_dcmi.o
    0x08007288   0x00000294   Code   RO          611    .text               stm32f4xx_gpio.o
    0x0800751c   0x000005c8   Code   RO          631    .text               stm32f4xx_fsmc.o
    0x08007ae4   0x000003a8   Code   RO          654    .text               stm32f4xx_dma.o
    0x08007e8c   0x0000065c   Code   RO          674    .text               stm32f4xx_rcc.o
    0x080084e8   0x00000454   Code   RO          716    .text               stm32f4xx_usart.o
    0x0800893c   0x00000ca2   Code   RO          736    .text               stm32f4xx_tim.o
    0x080095de   0x00000002   PAD
    0x080095e0   0x00000c34   Code   RO          756    .text               usmart.o
    0x0800a214   0x00000528   Code   RO          801    .text               usmart_str.o
    0x0800a73c   0x00000002   Code   RO          821    .text               c_w.l(use_no_semi_2.o)
    0x0800a73e   0x00000002   PAD
    0x0800a740   0x00000018   Code   RO          827    .text               c_w.l(noretval__2printf.o)
    0x0800a758   0x00000028   Code   RO          829    .text               c_w.l(noretval__2sprintf.o)
    0x0800a780   0x0000004e   Code   RO          833    .text               c_w.l(_printf_pad.o)
    0x0800a7ce   0x00000052   Code   RO          835    .text               c_w.l(_printf_str.o)
    0x0800a820   0x00000078   Code   RO          837    .text               c_w.l(_printf_dec.o)
    0x0800a898   0x00000058   Code   RO          842    .text               c_w.l(_printf_hex_int.o)
    0x0800a8f0   0x00000188   Code   RO          877    .text               c_w.l(__printf_flags_ss_wp.o)
    0x0800aa78   0x00000006   Code   RO          886    .text               c_w.l(heapauxi.o)
    0x0800aa7e   0x00000002   Code   RO          924    .text               c_w.l(use_no_semi.o)
    0x0800aa80   0x00000016   Code   RO          927    .text               c_w.l(_rserrno.o)
    0x0800aa96   0x000000b2   Code   RO          929    .text               c_w.l(_printf_intcommon.o)
    0x0800ab48   0x00000030   Code   RO          931    .text               c_w.l(_printf_char_common.o)
    0x0800ab78   0x0000000a   Code   RO          933    .text               c_w.l(_sputc.o)
    0x0800ab82   0x0000002c   Code   RO          935    .text               c_w.l(_printf_char.o)
    0x0800abae   0x00000002   PAD
    0x0800abb0   0x00000024   Code   RO          937    .text               c_w.l(_printf_char_file.o)
    0x0800abd4   0x00000008   Code   RO          997    .text               c_w.l(rt_errno_addr_intlibspace.o)
    0x0800abdc   0x00000008   Code   RO         1001    .text               c_w.l(ferror.o)
    0x0800abe4   0x00000008   Code   RO         1023    .text               c_w.l(libspace.o)
    0x0800abec   0x0000004a   Code   RO         1026    .text               c_w.l(sys_stackheap_outer.o)
    0x0800ac36   0x00000012   Code   RO         1028    .text               c_w.l(exit.o)
    0x0800ac48   0x00000030   Code   RO         1019    i.__ARM_fpclassify  m_wm.l(fpclassify.o)
    0x0800ac78   0x000000c8   Code   RO          912    i.__hardfp_sin      m_wm.l(sin.o)
    0x0800ad40   0x00000438   Code   RO          968    i.__ieee754_rem_pio2  m_wm.l(rred.o)
    0x0800b178   0x00000170   Code   RO          951    i.__kernel_cos      m_wm.l(cos_i.o)
    0x0800b2e8   0x000000f8   Code   RO         1021    i.__kernel_poly     m_wm.l(poly.o)
    0x0800b3e0   0x00000130   Code   RO          973    i.__kernel_sin      m_wm.l(sin_i.o)
    0x0800b510   0x00000014   Code   RO          955    i.__mathlib_dbl_infnan  m_wm.l(dunder.o)
    0x0800b524   0x00000004   PAD
    0x0800b528   0x00000020   Code   RO          957    i.__mathlib_dbl_invalid  m_wm.l(dunder.o)
    0x0800b548   0x00000020   Code   RO          960    i.__mathlib_dbl_underflow  m_wm.l(dunder.o)
    0x0800b568   0x0000000e   Code   RO          870    i._is_digit         c_w.l(__printf_wp.o)
    0x0800b576   0x00000018   Code   RO         1015    i.fabs              m_wm.l(fabs.o)
    0x0800b58e   0x00000018   Code   RO          940    x$fpl$basic         fz_wm.l(basic.o)
    0x0800b5a6   0x00000002   PAD
    0x0800b5a8   0x00000062   Code   RO          890    x$fpl$d2f           fz_wm.l(d2f.o)
    0x0800b60a   0x00000002   PAD
    0x0800b60c   0x00000150   Code   RO          892    x$fpl$dadd          fz_wm.l(daddsub_clz.o)
    0x0800b75c   0x000002b0   Code   RO         1006    x$fpl$ddiv          fz_wm.l(ddiv.o)
    0x0800ba0c   0x0000005e   Code   RO         1009    x$fpl$dfix          fz_wm.l(dfix.o)
    0x0800ba6a   0x00000002   PAD
    0x0800ba6c   0x0000005a   Code   RO          898    x$fpl$dfixu         fz_wm.l(dfixu.o)
    0x0800bac6   0x0000002e   Code   RO          903    x$fpl$dflt          fz_wm.l(dflt_clz.o)
    0x0800baf4   0x00000026   Code   RO          902    x$fpl$dfltu         fz_wm.l(dflt_clz.o)
    0x0800bb1a   0x00000002   PAD
    0x0800bb1c   0x00000154   Code   RO          908    x$fpl$dmul          fz_wm.l(dmul.o)
    0x0800bc70   0x0000009c   Code   RO          942    x$fpl$dnaninf       fz_wm.l(dnaninf.o)
    0x0800bd0c   0x0000000c   Code   RO          944    x$fpl$dretinf       fz_wm.l(dretinf.o)
    0x0800bd18   0x00000016   Code   RO          893    x$fpl$drsb          fz_wm.l(daddsub_clz.o)
    0x0800bd2e   0x00000002   PAD
    0x0800bd30   0x000001d4   Code   RO          894    x$fpl$dsub          fz_wm.l(daddsub_clz.o)
    0x0800bf04   0x00000056   Code   RO          910    x$fpl$f2d           fz_wm.l(f2d.o)
    0x0800bf5a   0x0000008c   Code   RO          946    x$fpl$fnaninf       fz_wm.l(fnaninf.o)
    0x0800bfe6   0x0000000a   Code   RO         1092    x$fpl$fpinit        fz_wm.l(fpinit.o)
    0x0800bff0   0x0000000a   Code   RO          948    x$fpl$fretinf       fz_wm.l(fretinf.o)
    0x0800bffa   0x00000000   Code   RO          950    x$fpl$usenofp       fz_wm.l(usenofp.o)
    0x0800bffa   0x00000024   Data   RO            5    .constdata          main.o
    0x0800c01e   0x000017c0   Data   RO          287    .constdata          lcd.o
    0x0800d7de   0x00000328   Data   RO          371    .constdata          ov2640.o
    0x0800db06   0x00000002   PAD
    0x0800db08   0x0000001c   Data   RO          632    .constdata          stm32f4xx_fsmc.o
    0x0800db24   0x00000028   Data   RO          843    .constdata          c_w.l(_printf_hex_int.o)
    0x0800db4c   0x00000011   Data   RO          878    .constdata          c_w.l(__printf_flags_ss_wp.o)
    0x0800db5d   0x00000003   PAD
    0x0800db60   0x00000030   Data   RO          952    .constdata          m_wm.l(cos_i.o)
    0x0800db90   0x000000c8   Data   RO          970    .constdata          m_wm.l(rred.o)
    0x0800dc58   0x00000028   Data   RO          974    .constdata          m_wm.l(sin_i.o)
    0x0800dc80   0x00000077   Data   RO            6    .conststring        main.o
    0x0800dcf7   0x00000001   PAD
    0x0800dcf8   0x00000028   Data   RO          757    .conststring        usmart.o
    0x0800dd20   0x00000311   Data   RO          780    .conststring        usmart_config.o
    0x0800e031   0x00000003   PAD
    0x0800e034   0x00000020   Data   RO         1156    Region$$Table       anon$$obj.o


    Execution Region RW_IRAM1 (Base: 0x20000000, Size: 0x0001fa28, Max: 0x00020000, ABSOLUTE, COMPRESSED[0x00000118])

    Base Addr    Size         Type   Attr      Idx    E Section Name        Object

    0x20000000   0x0000006c   Data   RW            7    .data               main.o
    0x2000006c   0x00000014   Data   RW          240    .data               system_stm32f4xx.o
    0x20000080   0x00000004   Data   RW          288    .data               lcd.o
    0x20000084   0x00000001   Data   RW          348    .data               dcmi.o
    0x20000085   0x00000003   PAD
    0x20000088   0x0000000c   Data   RW          437    .data               timer.o
    0x20000094   0x00000070   Data   RW          464    .data               control.o
    0x20000104   0x00000004   Data   RW          494    .data               delay.o
    0x20000108   0x00000014   Data   RW          535    .data               usart.o
    0x2000011c   0x00000010   Data   RW          675    .data               stm32f4xx_rcc.o
    0x2000012c   0x0000001c   Data   RW          758    .data               usmart.o
    0x20000148   0x0000019c   Data   RW          781    .data               usmart_config.o
    0x200002e4   0x0001f000   Zero   RW            4    .bss                main.o
    0x2001f2e4   0x0000000e   Zero   RW          286    .bss                lcd.o
    0x2001f2f2   0x0000000e   Zero   RW          347    .bss                dcmi.o
    0x2001f300   0x000000c8   Zero   RW          534    .bss                usart.o
    0x2001f3c8   0x00000060   Zero   RW         1024    .bss                c_w.l(libspace.o)
    0x2001f428   0x00000200   Zero   RW          563    HEAP                startup_stm32f40_41xxx.o
    0x2001f628   0x00000400   Zero   RW          562    STACK               startup_stm32f40_41xxx.o


==============================================================================

Image component sizes


      Code (inc. data)   RO Data    RW Data    ZI Data      Debug   Object Name

      1280        200          0        112          0       2468   control.o
       664         36          0          1         14       2500   dcmi.o
       260          8          0          4          0       1493   delay.o
       344         22          0          0          0        912   key.o
     19584        174       6080          4         14      22954   lcd.o
        64          4          0          0          0        531   led.o
      2132        434        155        108     126976     309709   main.o
       224         20          0          0          0       1833   misc.o
      1508         66        808          0          0       6145   ov2640.o
       628         12          0          0          0       2079   sccb.o
        64         26        392          0       1536        836   startup_stm32f40_41xxx.o
       396          4          0          0          0       3494   stm32f4xx_dcmi.o
       936         32          0          0          0       6405   stm32f4xx_dma.o
      1480         18         28          0          0       5670   stm32f4xx_fsmc.o
       660         44          0          0          0       4173   stm32f4xx_gpio.o
        26          0          0          0          0       1230   stm32f4xx_it.o
      1628         52          0         16          0      13056   stm32f4xx_rcc.o
      3234         60          0          0          0      23028   stm32f4xx_tim.o
      1108         34          0          0          0       7896   stm32f4xx_usart.o
       528         46          0         20          0       1799   system_stm32f4xx.o
       448         50          0         12          0       1575   timer.o
       388         36          0         20        200       3623   usart.o
       132          8          0          0          0        750   usart2.o
      3124       1286         40         28          0       4446   usmart.o
         0          0        785        412          0       1568   usmart_config.o
      1320         12          0          0          0       5353   usmart_str.o

    ----------------------------------------------------------------------
     42164       2684       8326        740     128740     435526   Object Totals
         0          0         32          0          0          0   (incl. Generated)
         4          0          6          3          0          0   (incl. Padding)

    ----------------------------------------------------------------------

      Code (inc. data)   RO Data    RW Data    ZI Data      Debug   Library Member Name

        90          0          0          0          0          0   __dczerorl2.o
         8          0          0          0          0         68   __main.o
       392          4         17          0          0         92   __printf_flags_ss_wp.o
        14          0          0          0          0         68   __printf_wp.o
         0          0          0          0          0          0   __rtentry.o
        12          0          0          0          0          0   __rtentry2.o
         6          0          0          0          0          0   __rtentry4.o
        52          8          0          0          0          0   __scatter.o
        28          0          0          0          0          0   __scatter_zi.o
         6          0          0          0          0          0   _printf_c.o
        44          0          0          0          0        108   _printf_char.o
        48          6          0          0          0         96   _printf_char_common.o
        36          4          0          0          0         80   _printf_char_file.o
         6          0          0          0          0          0   _printf_d.o
       120         16          0          0          0         92   _printf_dec.o
        88          4         40          0          0         88   _printf_hex_int.o
       178          0          0          0          0         88   _printf_intcommon.o
        78          0          0          0          0        108   _printf_pad.o
         0          0          0          0          0          0   _printf_percent.o
         4          0          0          0          0          0   _printf_percent_end.o
         6          0          0          0          0          0   _printf_s.o
        82          0          0          0          0         80   _printf_str.o
         6          0          0          0          0          0   _printf_u.o
         6          0          0          0          0          0   _printf_x.o
        22          0          0          0          0        100   _rserrno.o
        10          0          0          0          0         68   _sputc.o
        18          0          0          0          0         80   exit.o
         8          0          0          0          0         68   ferror.o
         6          0          0          0          0        152   heapauxi.o
         2          0          0          0          0          0   libinit.o
         6          0          0          0          0          0   libinit2.o
         2          0          0          0          0          0   libshutdown.o
         2          0          0          0          0          0   libshutdown2.o
         8          4          0          0         96         68   libspace.o
        24          4          0          0          0         84   noretval__2printf.o
        40          6          0          0          0         84   noretval__2sprintf.o
         8          4          0          0          0         68   rt_errno_addr_intlibspace.o
         2          0          0          0          0          0   rtexit.o
        10          0          0          0          0          0   rtexit2.o
        74          0          0          0          0         80   sys_stackheap_outer.o
         2          0          0          0          0         68   use_no_semi.o
         2          0          0          0          0         68   use_no_semi_2.o
        24          0          0          0          0        164   basic.o
        98          4          0          0          0        140   d2f.o
       826         16          0          0          0        492   daddsub_clz.o
       688        140          0          0          0        256   ddiv.o
        94          4          0          0          0        140   dfix.o
        90          4          0          0          0        140   dfixu.o
        84          0          0          0          0        232   dflt_clz.o
       340         12          0          0          0        152   dmul.o
       156          4          0          0          0        140   dnaninf.o
        12          0          0          0          0        116   dretinf.o
        86          4          0          0          0        132   f2d.o
       140          4          0          0          0        132   fnaninf.o
        10          0          0          0          0        116   fpinit.o
        10          0          0          0          0        116   fretinf.o
         0          0          0          0          0          0   usenofp.o
       368         46         48          0          0        200   cos_i.o
        84         16          0          0          0        372   dunder.o
        24          0          0          0          0        124   fabs.o
        48          0          0          0          0        124   fpclassify.o
       248          0          0          0          0        152   poly.o
      1080        142        200          0          0        188   rred.o
       200         20          0          0          0        164   sin.o
       304         24         40          0          0        208   sin_i.o

    ----------------------------------------------------------------------
      6590        500        348          0         96       5956   Library Totals
        20          0          3          0          0          0   (incl. Padding)

    ----------------------------------------------------------------------

      Code (inc. data)   RO Data    RW Data    ZI Data      Debug   Library Name

      1556         60         57          0         96       1956   c_w.l
      2658        192          0          0          0       2468   fz_wm.l
      2356        248        288          0          0       1532   m_wm.l

    ----------------------------------------------------------------------
      6590        500        348          0         96       5956   Library Totals

    ----------------------------------------------------------------------

==============================================================================


      Code (inc. data)   RO Data    RW Data    ZI Data      Debug   

     48754       3184       8674        740     128836     432994   Grand Totals
     48754       3184       8674        280     128836     432994   ELF Image Totals (compressed)
     48754       3184       8674        280          0          0   ROM Totals

==============================================================================

    Total RO  Size (Code + RO Data)                57428 (  56.08kB)
    Total RW  Size (RW Data + ZI Data)            129576 ( 126.54kB)
    Total ROM Size (Code + RO Data + RW Data)      57708 (  56.36kB)

==============================================================================

