<html>
<body>
<pre>
<h1>礦ision Build Log</h1>
<h2>Tool Versions:</h2>
IDE-Version: μVision V5.21.1.0
Copyright (C) 2016 ARM Ltd and ARM Germany GmbH. All rights reserved.
License Information: d djhssd, d, LIC=MGX74-FWSDW-EYLVT-R8V1R-ISF4U-SUY4H
 
Tool Versions:
Toolchain:       MDK-ARM Professional  Version: 5.21a
Toolchain Path:  E:\danpianjigongju\Keil5.2\main\ARM\ARMCC\Bin
C Compiler:      Armcc.exe V5.06 update 3 (build 300)
Assembler:       Armasm.exe V5.06 update 3 (build 300)
Linker/Locator:  ArmLink.exe V5.06 update 3 (build 300)
Library Manager: ArmAr.exe V5.06 update 3 (build 300)
Hex Converter:   FromElf.exe V5.06 update 3 (build 300)
CPU DLL:         SARMCM3.DLL V5.21a
Dialog DLL:      DCM.DLL V1.13.8.0
Target DLL:      Segger\JL2CM3.dll V2.99.23.0
Dialog DLL:      TCM.DLL V1.14.14.0
 
<h2>Project:</h2>
F:\17国赛\Hello-world\实验35 摄像头实验\USER\OV2640.uvprojx
Project File Date:  08/07/2017

<h2>Output:</h2>
*** Using Compiler 'V5.06 update 3 (build 300)', folder: 'E:\danpianjigongju\Keil5.2\main\ARM\ARMCC\Bin'
Build target 'OV2640'
compiling control.c...
..\HARDWARE\control\control.h(16): warning:  #1295-D: Deprecated declaration program_main - give arg types
   void program_main();
..\HARDWARE\control\control.c(108): warning:  #1035-D: single-precision operand implicitly converted to double-precision
  	n += 0.2;	
..\HARDWARE\control\control.c(137): warning:  #1-D: last line of file ends without a newline
  }
..\HARDWARE\control\control.c: 3 warnings, 0 errors
linking...
Program Size: Code=49074 RO-data=8674 RW-data=764 ZI-data=128836  
FromELF: creating hex file...
"..\OBJ\OV2640.axf" - 0 Error(s), 3 Warning(s).

<h2>Collection of Component include folders:</h2>
  F:\17国赛\Hello-world\实验35 摄像头实验\USER\RTE
  E:\danpianjigongju\Keil5.2\main\ARM\PACK\Keil\STM32F4xx_DFP\2.11.0\Drivers\CMSIS\Device\ST\STM32F4xx\Include

<h2>Collection of Component Files used:</h2>
Build Time Elapsed:  00:00:01
</pre>
</body>
</html>
